Archive member included to satisfy reference by file (symbol)

c:/st/stm32cubeide_1.8.0/stm32cubeide/plugins/com.st.stm32cube.ide.mcu.externaltools.gnu-tools-for-stm32.9-2020-q2-update.win32_2.0.0.202105311346/tools/bin/../lib/gcc/arm-none-eabi/9.3.1/../../../../arm-none-eabi/lib/thumb/v7e-m+dp/hard\libc_nano.a(lib_a-errno.o)
                              ./Core/Src/syscalls.o (__errno)
c:/st/stm32cubeide_1.8.0/stm32cubeide/plugins/com.st.stm32cube.ide.mcu.externaltools.gnu-tools-for-stm32.9-2020-q2-update.win32_2.0.0.202105311346/tools/bin/../lib/gcc/arm-none-eabi/9.3.1/../../../../arm-none-eabi/lib/thumb/v7e-m+dp/hard\libc_nano.a(lib_a-exit.o)
                              c:/st/stm32cubeide_1.8.0/stm32cubeide/plugins/com.st.stm32cube.ide.mcu.externaltools.gnu-tools-for-stm32.9-2020-q2-update.win32_2.0.0.202105311346/tools/bin/../lib/gcc/arm-none-eabi/9.3.1/../../../../arm-none-eabi/lib/thumb/v7e-m+dp/hard/crt0.o (exit)
c:/st/stm32cubeide_1.8.0/stm32cubeide/plugins/com.st.stm32cube.ide.mcu.externaltools.gnu-tools-for-stm32.9-2020-q2-update.win32_2.0.0.202105311346/tools/bin/../lib/gcc/arm-none-eabi/9.3.1/../../../../arm-none-eabi/lib/thumb/v7e-m+dp/hard\libc_nano.a(lib_a-impure.o)
                              c:/st/stm32cubeide_1.8.0/stm32cubeide/plugins/com.st.stm32cube.ide.mcu.externaltools.gnu-tools-for-stm32.9-2020-q2-update.win32_2.0.0.202105311346/tools/bin/../lib/gcc/arm-none-eabi/9.3.1/../../../../arm-none-eabi/lib/thumb/v7e-m+dp/hard\libc_nano.a(lib_a-exit.o) (_global_impure_ptr)
c:/st/stm32cubeide_1.8.0/stm32cubeide/plugins/com.st.stm32cube.ide.mcu.externaltools.gnu-tools-for-stm32.9-2020-q2-update.win32_2.0.0.202105311346/tools/bin/../lib/gcc/arm-none-eabi/9.3.1/../../../../arm-none-eabi/lib/thumb/v7e-m+dp/hard\libc_nano.a(lib_a-init.o)
                              c:/st/stm32cubeide_1.8.0/stm32cubeide/plugins/com.st.stm32cube.ide.mcu.externaltools.gnu-tools-for-stm32.9-2020-q2-update.win32_2.0.0.202105311346/tools/bin/../lib/gcc/arm-none-eabi/9.3.1/../../../../arm-none-eabi/lib/thumb/v7e-m+dp/hard/crt0.o (__libc_init_array)
c:/st/stm32cubeide_1.8.0/stm32cubeide/plugins/com.st.stm32cube.ide.mcu.externaltools.gnu-tools-for-stm32.9-2020-q2-update.win32_2.0.0.202105311346/tools/bin/../lib/gcc/arm-none-eabi/9.3.1/../../../../arm-none-eabi/lib/thumb/v7e-m+dp/hard\libc_nano.a(lib_a-memcpy-stub.o)
                              ./Core/Src/lcd.o (memcpy)
c:/st/stm32cubeide_1.8.0/stm32cubeide/plugins/com.st.stm32cube.ide.mcu.externaltools.gnu-tools-for-stm32.9-2020-q2-update.win32_2.0.0.202105311346/tools/bin/../lib/gcc/arm-none-eabi/9.3.1/../../../../arm-none-eabi/lib/thumb/v7e-m+dp/hard\libc_nano.a(lib_a-memset.o)
                              c:/st/stm32cubeide_1.8.0/stm32cubeide/plugins/com.st.stm32cube.ide.mcu.externaltools.gnu-tools-for-stm32.9-2020-q2-update.win32_2.0.0.202105311346/tools/bin/../lib/gcc/arm-none-eabi/9.3.1/../../../../arm-none-eabi/lib/thumb/v7e-m+dp/hard/crt0.o (memset)
c:/st/stm32cubeide_1.8.0/stm32cubeide/plugins/com.st.stm32cube.ide.mcu.externaltools.gnu-tools-for-stm32.9-2020-q2-update.win32_2.0.0.202105311346/tools/bin/../lib/gcc/arm-none-eabi/9.3.1/../../../../arm-none-eabi/lib/thumb/v7e-m+dp/hard\libc_nano.a(lib_a-rand.o)
                              ./Core/Src/game.o (srand)
c:/st/stm32cubeide_1.8.0/stm32cubeide/plugins/com.st.stm32cube.ide.mcu.externaltools.gnu-tools-for-stm32.9-2020-q2-update.win32_2.0.0.202105311346/tools/bin/../lib/gcc/arm-none-eabi/9.3.1/../../../../arm-none-eabi/lib/thumb/v7e-m+dp/hard\libc_nano.a(lib_a-sprintf.o)
                              ./Core/Src/game.o (sprintf)
c:/st/stm32cubeide_1.8.0/stm32cubeide/plugins/com.st.stm32cube.ide.mcu.externaltools.gnu-tools-for-stm32.9-2020-q2-update.win32_2.0.0.202105311346/tools/bin/../lib/gcc/arm-none-eabi/9.3.1/../../../../arm-none-eabi/lib/thumb/v7e-m+dp/hard\libc_nano.a(lib_a-assert.o)
                              c:/st/stm32cubeide_1.8.0/stm32cubeide/plugins/com.st.stm32cube.ide.mcu.externaltools.gnu-tools-for-stm32.9-2020-q2-update.win32_2.0.0.202105311346/tools/bin/../lib/gcc/arm-none-eabi/9.3.1/../../../../arm-none-eabi/lib/thumb/v7e-m+dp/hard\libc_nano.a(lib_a-rand.o) (__assert_func)
c:/st/stm32cubeide_1.8.0/stm32cubeide/plugins/com.st.stm32cube.ide.mcu.externaltools.gnu-tools-for-stm32.9-2020-q2-update.win32_2.0.0.202105311346/tools/bin/../lib/gcc/arm-none-eabi/9.3.1/../../../../arm-none-eabi/lib/thumb/v7e-m+dp/hard\libc_nano.a(lib_a-fprintf.o)
                              c:/st/stm32cubeide_1.8.0/stm32cubeide/plugins/com.st.stm32cube.ide.mcu.externaltools.gnu-tools-for-stm32.9-2020-q2-update.win32_2.0.0.202105311346/tools/bin/../lib/gcc/arm-none-eabi/9.3.1/../../../../arm-none-eabi/lib/thumb/v7e-m+dp/hard\libc_nano.a(lib_a-assert.o) (fiprintf)
[...]
Memory Configuration

Name             Origin             Length             Attributes
NULLPTR          0x0000000000000000 0x0000000000000100 xrw
ITCMRAM          0x0000000000000100 0x000000000000ff00 xrw
DTCMRAM          0x0000000020000000 0x0000000000020000 xrw
RAM_UC           0x0000000024000000 0x0000000000050000 xrw
RAM              0x0000000024050000 0x00000000000b0000 xrw
AHBRAM           0x0000000030000000 0x0000000000020000 xrw
FLASH            0x0000000008000000 0x0000000000020000 xr
EXTFLASH         0x0000000090000000 0x00000000000fe000 xr
SAVEFLASH        0x00000000900fe000 0x0000000000001000 xr
CONFIGFLASH      0x00000000900ff000 0x0000000000001000 xr
*default*        0x0000000000000000 0xffffffffffffffff

Linker script and memory map

LOAD c:/st/stm32cubeide_1.8.0/stm32cubeide/plugins/com.st.stm32cube.ide.mcu.externaltools.gnu-tools-for-stm32.9-2020-q2-update.win32_2.0.0.202105311346/tools/bin/../lib/gcc/arm-none-eabi/9.3.1/thumb/v7e-m+dp/hard/crti.o
LOAD c:/st/stm32cubeide_1.8.0/stm32cubeide/plugins/com.st.stm32cube.ide.mcu.externaltools.gnu-tools-for-stm32.9-2020-q2-update.win32_2.0.0.202105311346/tools/bin/../lib/gcc/arm-none-eabi/9.3.1/thumb/v7e-m+dp/hard/crtbegin.o
LOAD c:/st/stm32cubeide_1.8.0/stm32cubeide/plugins/com.st.stm32cube.ide.mcu.externaltools.gnu-tools-for-stm32.9-2020-q2-update.win32_2.0.0.202105311346/tools/bin/../lib/gcc/arm-none-eabi/9.3.1/../../../../arm-none-eabi/lib/thumb/v7e-m+dp/hard/crt0.o
LOAD ./Core/Src/buttons.o
LOAD ./Core/Src/flash.o
LOAD ./Core/Src/font12.o
LOAD ./Core/Src/font16.o
LOAD ./Core/Src/font20.o
LOAD ./Core/Src/font24.o
LOAD ./Core/Src/font8.o
LOAD ./Core/Src/game.o
LOAD ./Core/Src/graphics.o
LOAD ./Core/Src/lcd.o
LOAD ./Core/Src/main.o
LOAD ./Core/Src/stm32h7xx_hal_msp.o
LOAD ./Core/Src/stm32h7xx_it.o
LOAD ./Core/Src/syscalls.o
LOAD ./Core/Src/sysmem.o
LOAD ./Core/Src/system_stm32h7xx.o
LOAD ./Core/Startup/startup_stm32h7b0vbtx.o
LOAD ./Drivers/STM32H7xx_HAL_Driver/Src/stm32h7xx_hal.o
LOAD ./Drivers/STM32H7xx_HAL_Driver/Src/stm32h7xx_hal_adc.o
LOAD ./Drivers/STM32H7xx_HAL_Driver/Src/stm32h7xx_hal_adc_ex.o
LOAD ./Drivers/STM32H7xx_HAL_Driver/Src/stm32h7xx_hal_cortex.o
LOAD ./Drivers/STM32H7xx_HAL_Driver/Src/stm32h7xx_hal_dac.o
LOAD ./Drivers/STM32H7xx_HAL_Driver/Src/stm32h7xx_hal_dac_ex.o
LOAD ./Drivers/STM32H7xx_HAL_Driver/Src/stm32h7xx_hal_dma.o
LOAD ./Drivers/STM32H7xx_HAL_Driver/Src/stm32h7xx_hal_dma2d.o
LOAD ./Drivers/STM32H7xx_HAL_Driver/Src/stm32h7xx_hal_dma_ex.o
LOAD ./Drivers/STM32H7xx_HAL_Driver/Src/stm32h7xx_hal_exti.o
LOAD ./Drivers/STM32H7xx_HAL_Driver/Src/stm32h7xx_hal_flash.o
LOAD ./Drivers/STM32H7xx_HAL_Driver/Src/stm32h7xx_hal_flash_ex.o
LOAD ./Drivers/STM32H7xx_HAL_Driver/Src/stm32h7xx_hal_gpio.o
LOAD ./Drivers/STM32H7xx_HAL_Driver/Src/stm32h7xx_hal_hsem.o
LOAD ./Drivers/STM32H7xx_HAL_Driver/Src/stm32h7xx_hal_i2c.o
LOAD ./Drivers/STM32H7xx_HAL_Driver/Src/stm32h7xx_hal_i2c_ex.o
LOAD ./Drivers/STM32H7xx_HAL_Driver/Src/stm32h7xx_hal_ltdc.o
LOAD ./Drivers/STM32H7xx_HAL_Driver/Src/stm32h7xx_hal_ltdc_ex.o
LOAD ./Drivers/STM32H7xx_HAL_Driver/Src/stm32h7xx_hal_mdma.o
LOAD ./Drivers/STM32H7xx_HAL_Driver/Src/stm32h7xx_hal_ospi.o
LOAD ./Drivers/STM32H7xx_HAL_Driver/Src/stm32h7xx_hal_pwr.o
LOAD ./Drivers/STM32H7xx_HAL_Driver/Src/stm32h7xx_hal_pwr_ex.o
LOAD ./Drivers/STM32H7xx_HAL_Driver/Src/stm32h7xx_hal_rcc.o
LOAD ./Drivers/STM32H7xx_HAL_Driver/Src/stm32h7xx_hal_rcc_ex.o
LOAD ./Drivers/STM32H7xx_HAL_Driver/Src/stm32h7xx_hal_rtc.o
LOAD ./Drivers/STM32H7xx_HAL_Driver/Src/stm32h7xx_hal_rtc_ex.o
LOAD ./Drivers/STM32H7xx_HAL_Driver/Src/stm32h7xx_hal_sai.o
LOAD ./Drivers/STM32H7xx_HAL_Driver/Src/stm32h7xx_hal_sai_ex.o
LOAD ./Drivers/STM32H7xx_HAL_Driver/Src/stm32h7xx_hal_spi.o
LOAD ./Drivers/STM32H7xx_HAL_Driver/Src/stm32h7xx_hal_spi_ex.o
LOAD ./Drivers/STM32H7xx_HAL_Driver/Src/stm32h7xx_hal_tim.o
LOAD ./Drivers/STM32H7xx_HAL_Driver/Src/stm32h7xx_hal_tim_ex.o
START GROUP
LOAD c:/st/stm32cubeide_1.8.0/stm32cubeide/plugins/com.st.stm32cube.ide.mcu.externaltools.gnu-tools-for-stm32.9-2020-q2-update.win32_2.0.0.202105311346/tools/bin/../lib/gcc/arm-none-eabi/9.3.1/../../../../arm-none-eabi/lib/thumb/v7e-m+dp/hard\libc_nano.a
LOAD c:/st/stm32cubeide_1.8.0/stm32cubeide/plugins/com.st.stm32cube.ide.mcu.externaltools.gnu-tools-for-stm32.9-2020-q2-update.win32_2.0.0.202105311346/tools/bin/../lib/gcc/arm-none-eabi/9.3.1/../../../../arm-none-eabi/lib/thumb/v7e-m+dp/hard\libm.a
END GROUP
START GROUP
LOAD c:/st/stm32cubeide_1.8.0/stm32cubeide/plugins/com.st.stm32cube.ide.mcu.externaltools.gnu-tools-for-stm32.9-2020-q2-update.win32_2.0.0.202105311346/tools/bin/../lib/gcc/arm-none-eabi/9.3.1/thumb/v7e-m+dp/hard\libgcc.a
LOAD c:/st/stm32cubeide_1.8.0/stm32cubeide/plugins/com.st.stm32cube.ide.mcu.externaltools.gnu-tools-for-stm32.9-2020-q2-update.win32_2.0.0.202105311346/tools/bin/../lib/gcc/arm-none-eabi/9.3.1/../../../../arm-none-eabi/lib/thumb/v7e-m+dp/hard\libc_nano.a
END GROUP
START GROUP
LOAD c:/st/stm32cubeide_1.8.0/stm32cubeide/plugins/com.st.stm32cube.ide.mcu.externaltools.gnu-tools-for-stm32.9-2020-q2-update.win32_2.0.0.202105311346/tools/bin/../lib/gcc/arm-none-eabi/9.3.1/thumb/v7e-m+dp/hard\libgcc.a
LOAD c:/st/stm32cubeide_1.8.0/stm32cubeide/plugins/com.st.stm32cube.ide.mcu.externaltools.gnu-tools-for-stm32.9-2020-q2-update.win32_2.0.0.202105311346/tools/bin/../lib/gcc/arm-none-eabi/9.3.1/../../../../arm-none-eabi/lib/thumb/v7e-m+dp/hard\libc_nano.a
LOAD c:/st/stm32cubeide_1.8.0/stm32cubeide/plugins/com.st.stm32cube.ide.mcu.externaltools.gnu-tools-for-stm32.9-2020-q2-update.win32_2.0.0.202105311346/tools/bin/../lib/gcc/arm-none-eabi/9.3.1/../../../../arm-none-eabi/lib/thumb/v7e-m+dp/hard\libnosys.a
END GROUP
START GROUP
LOAD c:/st/stm32cubeide_1.8.0/stm32cubeide/plugins/com.st.stm32cube.ide.mcu.externaltools.gnu-tools-for-stm32.9-2020-q2-update.win32_2.0.0.202105311346/tools/bin/../lib/gcc/arm-none-eabi/9.3.1/thumb/v7e-m+dp/hard\libgcc.a
LOAD c:/st/stm32cubeide_1.8.0/stm32cubeide/plugins/com.st.stm32cube.ide.mcu.externaltools.gnu-tools-for-stm32.9-2020-q2-update.win32_2.0.0.202105311346/tools/bin/../lib/gcc/arm-none-eabi/9.3.1/../../../../arm-none-eabi/lib/thumb/v7e-m+dp/hard\libc_nano.a
LOAD c:/st/stm32cubeide_1.8.0/stm32cubeide/plugins/com.st.stm32cube.ide.mcu.externaltools.gnu-tools-for-stm32.9-2020-q2-update.win32_2.0.0.202105311346/tools/bin/../lib/gcc/arm-none-eabi/9.3.1/../../../../arm-none-eabi/lib/thumb/v7e-m+dp/hard\libnosys.a
END GROUP
LOAD c:/st/stm32cubeide_1.8.0/stm32cubeide/plugins/com.st.stm32cube.ide.mcu.externaltools.gnu-tools-for-stm32.9-2020-q2-update.win32_2.0.0.202105311346/tools/bin/../lib/gcc/arm-none-eabi/9.3.1/thumb/v7e-m+dp/hard/crtend.o
LOAD c:/st/stm32cubeide_1.8.0/stm32cubeide/plugins/com.st.stm32cube.ide.mcu.externaltools.gnu-tools-for-stm32.9-2020-q2-update.win32_2.0.0.202105311346/tools/bin/../lib/gcc/arm-none-eabi/9.3.1/thumb/v7e-m+dp/hard/crtn.o
                0x0000000020020000                _estack = _stack_top
                0x0000000000008000                _Heap_Size = 0x8000
                0x0000000000000100                _Stack_Redzone_Size = 0x100
                0x0000000000005000                _Min_Stack_Size = 0x5000
                0x0000000000000100                __NULLPTR_LENGTH__ = 0x100
                0x0000000000010000                __ITCMRAM_LENGTH__ = 0x10000
                0x0000000000020000                __DTCMRAM_LENGTH__ = 0x20000
                0x0000000000050000                __RAM_UC_LENGTH__ = 0x50000
                0x00000000000b0000                __RAM_CORE_LENGTH__ = (0x100000 - __RAM_UC_LENGTH__)
                0x0000000000020000                __AHBRAM_LENGTH__ = 0x20000
                0x0000000000020000                __FLASH_LENGTH__ = 0x20000
                0x0000000090000000                __EXTFLASH_START__ = 0x90000000
                0x0000000024000000                __RAM_START__ = 0x24000000
                0x0000000024000000                __RAM_UC_START__ = __RAM_START__
                0x0000000024050000                __RAM_CORE_START__ = (__RAM_START__ + __RAM_UC_LENGTH__)
                0x0000000000001000                __SAVEFLASH_LENGTH__ = 0x1000
                0x0000000000001000                __CONFIGFLASH_LENGTH__ = 0x1000
                0x00000000000fe000                __EXTFLASH_LENGTH__ = DEFINED (__EXTFLASH_TOTAL_LENGTH__)?(__EXTFLASH_TOTAL_LENGTH__ - (__CONFIGFLASH_LENGTH__ + __SAVEFLASH_LENGTH__)):(0x100000 - (__CONFIGFLASH_LENGTH__ + __SAVEFLASH_LENGTH__))
                0x00000000900fe000                __SAVEFLASH_START__ = (__EXTFLASH_START__ + __EXTFLASH_LENGTH__)
                0x00000000900ff000                __SAVEFLASH_END__ = (__SAVEFLASH_START__ + __SAVEFLASH_LENGTH__)
                0x00000000900ff000                __CONFIGFLASH_START__ = (__SAVEFLASH_START__ + __SAVEFLASH_LENGTH__)
                0x0000000090100000                __CONFIGFLASH_END__ = (__CONFIGFLASH_START__ + __CONFIGFLASH_LENGTH__)

._itcram        0x0000000000000100        0x0
                0x0000000000000100                __itcram_start__ = .
                0x0000000000000100                . = ALIGN (0x4)
 *(.itcram_data)
                0x0000000000000100                . = ALIGN (0x4)
 *(.itcram_text)
                0x0000000000000100                . = ALIGN (0x4)
                0x0000000090000000                _sitcram_hot = LOADADDR (._itcram_hot)

._itcram_hot    0x0000000000000100        0x0 load address 0x0000000090000000
                0x0000000000000100                __itcram_hot_start__ = .
                0x0000000000000100                . = ALIGN (0x4)
 *(.itcram_hot_data)
                0x0000000000000100                . = ALIGN (0x4)
 *(.itcram_hot_text)
                0x0000000000000100                . = ALIGN (0x4)
                0x0000000000000100                __itcram_hot_end__ = .
                0x0000000000000100                __itcram_end__ = .

._ram_uc        0x0000000024000000    0x4b000
                0x0000000024000000                __ram_uc_start__ = .
                0x0000000024000000                . = ALIGN (0x4)
 *(.lcd1)
 .lcd1          0x0000000024000000    0x25800 ./Core/Src/lcd.o
                0x0000000024000000                framebuffer1
                0x0000000024025800                . = ALIGN (0x4)
 *(.lcd2)
 .lcd2          0x0000000024025800    0x25800 ./Core/Src/lcd.o
                0x0000000024025800                framebuffer2
                0x000000002404b000                . = ALIGN (0x4)
                0x000000002404b000                __ram_uc_end__ = .
                0x0000000090000000                _siramdata = LOADADDR (._ram_exec)
                0x0000000090000000                __extflash_start__ = LOADADDR (._ram_exec)

._ram_exec      0x0000000024050000        0x0 load address 0x0000000090000000
                0x0000000024050000                __ram_start__ = .
                0x0000000024050000                __ram_exec_start__ = .
                0x0000000024050000                . = ALIGN (0x4)
                0x0000000024050000                _sram_text = .
 *(.ram_text)
                0x0000000024050000                _eram_text = .
                0x0000000024050000                _sram_data = .
 *(.ram_data)
                0x0000000024050000                _eram_data = .
                0x0000000024050000                __ram_exec_end__ = .

._extflash      0x0000000090000000        0x0
                0x0000000090000000                . = ALIGN (0x4)
                0x0000000090000000                __extflash_text_start__ = .
 *(.extflash_text)
                0x0000000090000000                . = ALIGN (0x4)
                0x0000000090000000                __extflash_text_end__ = .
                0x0000000090000000                __extflash_data_start__ = .
                0x0000000090000000                . = ALIGN (0x4)
 *(.extflash_data)
                0x0000000090000000                . = ALIGN (0x4)
                0x0000000090000000                __extflash_data_end__ = .

._saveflash     0x00000000900fe000        0x0
                0x00000000900fe000                __saveflash_start__ = .
 *(.saveflash)
                0x00000000900fe000                __saveflash_end__ = .

._configflash   0x00000000900ff000        0x0
                0x00000000900ff000                . = ALIGN (0x1000)
                0x00000000900ff000                __configflash_start__ = .
 *(.configflash)
                0x00000000900ff000                __configflash_end__ = .

._ram           0x0000000024050000        0x0
                0x0000000024050000                . = ALIGN (0x4)
 *(.ram_data)
                0x0000000024050000                __ram_end__ = .

._ahbram        0x0000000030000000    0x17700
                0x0000000030000000                __ahbram_start__ = .
                0x0000000030000000                . = ALIGN (0x4)
 *(.audio)
 .audio         0x0000000030000000    0x17700 ./Core/Src/main.o
                0x0000000030000000                audiobuffer
                0x0000000030017700                . = ALIGN (0x4)
 *(.ahb)
                0x0000000030017700                . = ALIGN (0x4)
                0x0000000030017700                __ahbram_end__ = .

.isr_vector     0x0000000008000000      0x2ac
                0x0000000008000000                __flash_start__ = .
                0x0000000008000000                . = ALIGN (0x4)
 *(.isr_vector)
 .isr_vector    0x0000000008000000      0x2ac ./Core/Startup/startup_stm32h7b0vbtx.o
                0x0000000008000000                g_pfnVectors
                0x00000000080002ac                . = ALIGN (0x4)

.text           0x00000000080002b0     0xfe94
                0x00000000080002b0                . = ALIGN (0x4)
 *(.text)
 .text          0x00000000080002b0       0x40 c:/st/stm32cubeide_1.8.0/stm32cubeide/plugins/com.st.stm32cube.ide.mcu.externaltools.gnu-tools-for-stm32.9-2020-q2-update.win32_2.0.0.202105311346/tools/bin/../lib/gcc/arm-none-eabi/9.3.1/thumb/v7e-m+dp/hard/crtbegin.o
 .text          0x00000000080002f0       0xa0 c:/st/stm32cubeide_1.8.0/stm32cubeide/plugins/com.st.stm32cube.ide.mcu.externaltools.gnu-tools-for-stm32.9-2020-q2-update.win32_2.0.0.202105311346/tools/bin/../lib/gcc/arm-none-eabi/9.3.1/../../../../arm-none-eabi/lib/thumb/v7e-m+dp/hard\libc_nano.a(lib_a-memchr.o)
                0x00000000080002f0                memchr
 *(.text*)
 .text.buttons_get
                0x0000000008000390      0x124 ./Core/Src/buttons.o
                0x0000000008000390                buttons_get
 .text.flash_memory_map
                0x00000000080004b4      0x112 ./Core/Src/flash.o
                0x00000000080004b4                flash_memory_map
 *fill*         0x00000000080005c6        0x2 
 .text.game_init
                0x00000000080005c8       0xec ./Core/Src/game.o
                0x00000000080005c8                game_init
 .text.game_loop
                0x00000000080006b4       0x34 ./Core/Src/game.o
                0x00000000080006b4                game_loop
 .text.draw_background
                0x00000000080006e8       0x46 ./Core/Src/game.o
                0x00000000080006e8                draw_background
 *fill*         0x000000000800072e        0x2 
 .text.draw_score
                0x0000000008000730       0x8c ./Core/Src/game.o
                0x0000000008000730                draw_score
 .text.update_player
                0x00000000080007bc       0xf4 ./Core/Src/game.o
                0x00000000080007bc                update_player
 .text.update_ball
                0x00000000080008b0      0x1e4 ./Core/Src/game.o
                0x00000000080008b0                update_ball
 .text.update_ai
                0x0000000008000a94       0xb4 ./Core/Src/game.o
                0x0000000008000a94                update_ai
 .text.LCD_GetXSize
                0x0000000008000b48       0x12 ./Core/Src/graphics.o
                0x0000000008000b48                LCD_GetXSize
 .text.LCD_GetYSize
                0x0000000008000b5a       0x10 ./Core/Src/graphics.o
                0x0000000008000b5a                LCD_GetYSize
 *fill*         0x0000000008000b6a        0x2 
 .text.LCD_SetFont
                0x0000000008000b6c       0x20 ./Core/Src/graphics.o
                0x0000000008000b6c                LCD_SetFont
 .text.LCD_DrawPixel
                0x0000000008000b8c       0x40 ./Core/Src/graphics.o
                0x0000000008000b8c                LCD_DrawPixel
 .text.LCD_Clear
                0x0000000008000bcc       0x32 ./Core/Src/graphics.o
                0x0000000008000bcc                LCD_Clear
 *fill*         0x0000000008000bfe        0x2 
 .text.LCD_DisplayStringAt
                0x0000000008000c00      0x120 ./Core/Src/graphics.o
                0x0000000008000c00                LCD_DisplayStringAt
 .text.LCD_DisplayChar
                0x0000000008000d20       0x5c ./Core/Src/graphics.o
                0x0000000008000d20                LCD_DisplayChar
 .text.LCD_DrawHLine
                0x0000000008000d7c       0x50 ./Core/Src/graphics.o
                0x0000000008000d7c                LCD_DrawHLine
 .text.LCD_DrawVLine
                0x0000000008000dcc       0x5c ./Core/Src/graphics.o
                0x0000000008000dcc                LCD_DrawVLine
 .text.LCD_DrawRect
                0x0000000008000e28       0x76 ./Core/Src/graphics.o
                0x0000000008000e28                LCD_DrawRect
 .text.LCD_DrawCircle
                0x0000000008000e9e      0x152 ./Core/Src/graphics.o
                0x0000000008000e9e                LCD_DrawCircle
 .text.LCD_FillRect
                0x0000000008000ff0       0x62 ./Core/Src/graphics.o
                0x0000000008000ff0                LCD_FillRect
 .text.LCD_FillCircle
                0x0000000008001052      0x12c ./Core/Src/graphics.o
                0x0000000008001052                LCD_FillCircle
 *fill*         0x000000000800117e        0x2 
 .text.DrawChar
                0x0000000008001180      0x13c ./Core/Src/graphics.o
 .text.FillBuffer
                0x00000000080012bc       0x6c ./Core/Src/graphics.o
 .text.lcd_backlight_set
                0x0000000008001328       0x58 ./Core/Src/lcd.o
                0x0000000008001328                lcd_backlight_set
 .text.lcd_deinit
                0x0000000008001380       0x44 ./Core/Src/lcd.o
                0x0000000008001380                lcd_deinit
 .text.lcd_init
                0x00000000080013c4      0x2b8 ./Core/Src/lcd.o
                0x00000000080013c4                lcd_init
 .text.HAL_LTDC_ReloadEventCallback
                0x000000000800167c       0x50 ./Core/Src/lcd.o
                0x000000000800167c                HAL_LTDC_ReloadEventCallback
 .text.lcd_swap
                0x00000000080016cc       0x2c ./Core/Src/lcd.o
                0x00000000080016cc                lcd_swap
 .text.lcd_sync
                0x00000000080016f8       0x2e ./Core/Src/lcd.o
                0x00000000080016f8                lcd_sync
 *fill*         0x0000000008001726        0x2 
 .text.lcd_get_active_buffer
                0x0000000008001728       0x2c ./Core/Src/lcd.o
                0x0000000008001728                lcd_get_active_buffer
 .text.lcd_get_inactive_buffer
                0x0000000008001754       0x2c ./Core/Src/lcd.o
                0x0000000008001754                lcd_get_inactive_buffer
 .text.lcd_wait_for_vblank
                0x0000000008001780       0x2c ./Core/Src/lcd.o
                0x0000000008001780                lcd_wait_for_vblank
 .text.main     0x00000000080017ac       0xac ./Core/Src/main.o
                0x00000000080017ac                main
 .text.SystemClock_Config
                0x0000000008001858      0x104 ./Core/Src/main.o
                0x0000000008001858                SystemClock_Config
 .text.PeriphCommonClock_Config
                0x000000000800195c       0x6c ./Core/Src/main.o
                0x000000000800195c                PeriphCommonClock_Config
 .text.MX_NVIC_Init
                0x00000000080019c8       0x18 ./Core/Src/main.o
 .text.MX_ADC1_Init
                0x00000000080019e0       0xf0 ./Core/Src/main.o
 .text.MX_DAC1_Init
                0x0000000008001ad0       0x78 ./Core/Src/main.o
 .text.MX_DAC2_Init
                0x0000000008001b48       0x64 ./Core/Src/main.o
 .text.MX_DMA2D_Init
                0x0000000008001bac       0x3c ./Core/Src/main.o
 .text.MX_LTDC_Init
                0x0000000008001be8      0x100 ./Core/Src/main.o
 .text.MX_OCTOSPI1_Init
                0x0000000008001ce8       0xc4 ./Core/Src/main.o
 .text.MX_RTC_Init
                0x0000000008001dac       0xbc ./Core/Src/main.o
 .text.MX_SAI1_Init
                0x0000000008001e68       0x6c ./Core/Src/main.o
 .text.MX_SPI2_Init
                0x0000000008001ed4       0xac ./Core/Src/main.o
 .text.MX_DMA_Init
                0x0000000008001f80       0x40 ./Core/Src/main.o
 .text.MX_GPIO_Init
                0x0000000008001fc0      0x1e0 ./Core/Src/main.o
 .text.Error_Handler
                0x00000000080021a0        0xa ./Core/Src/main.o
                0x00000000080021a0                Error_Handler
 *fill*         0x00000000080021aa        0x2 
 .text.HAL_MspInit
                0x00000000080021ac       0x34 ./Core/Src/stm32h7xx_hal_msp.o
                0x00000000080021ac                HAL_MspInit
 .text.HAL_ADC_MspInit
                0x00000000080021e0       0x9c ./Core/Src/stm32h7xx_hal_msp.o
                0x00000000080021e0                HAL_ADC_MspInit
 .text.HAL_DAC_MspInit
                0x000000000800227c       0xf0 ./Core/Src/stm32h7xx_hal_msp.o
                0x000000000800227c                HAL_DAC_MspInit
 .text.HAL_DMA2D_MspInit
                0x000000000800236c       0x44 ./Core/Src/stm32h7xx_hal_msp.o
                0x000000000800236c                HAL_DMA2D_MspInit
 .text.HAL_LTDC_MspInit
                0x00000000080023b0      0x334 ./Core/Src/stm32h7xx_hal_msp.o
                0x00000000080023b0                HAL_LTDC_MspInit
 .text.HAL_OSPI_MspInit
                0x00000000080026e4      0x224 ./Core/Src/stm32h7xx_hal_msp.o
                0x00000000080026e4                HAL_OSPI_MspInit
 .text.HAL_RTC_MspInit
                0x0000000008002908       0x60 ./Core/Src/stm32h7xx_hal_msp.o
                0x0000000008002908                HAL_RTC_MspInit
 .text.HAL_SPI_MspInit
                0x0000000008002968       0xcc ./Core/Src/stm32h7xx_hal_msp.o
                0x0000000008002968                HAL_SPI_MspInit
 .text.HAL_SAI_MspInit
                0x0000000008002a34      0x104 ./Core/Src/stm32h7xx_hal_msp.o
                0x0000000008002a34                HAL_SAI_MspInit
 .text.NMI_Handler
                0x0000000008002b38        0x6 ./Core/Src/stm32h7xx_it.o
                0x0000000008002b38                NMI_Handler
 .text.HardFault_Handler
                0x0000000008002b3e        0x6 ./Core/Src/stm32h7xx_it.o
                0x0000000008002b3e                HardFault_Handler
 .text.MemManage_Handler
                0x0000000008002b44        0x6 ./Core/Src/stm32h7xx_it.o
                0x0000000008002b44                MemManage_Handler
 .text.BusFault_Handler
                0x0000000008002b4a        0x6 ./Core/Src/stm32h7xx_it.o
                0x0000000008002b4a                BusFault_Handler
 .text.UsageFault_Handler
                0x0000000008002b50        0x6 ./Core/Src/stm32h7xx_it.o
                0x0000000008002b50                UsageFault_Handler
 .text.SVC_Handler
                0x0000000008002b56        0xe ./Core/Src/stm32h7xx_it.o
                0x0000000008002b56                SVC_Handler
 .text.DebugMon_Handler
                0x0000000008002b64        0xe ./Core/Src/stm32h7xx_it.o
                0x0000000008002b64                DebugMon_Handler
 .text.PendSV_Handler
                0x0000000008002b72        0xe ./Core/Src/stm32h7xx_it.o
                0x0000000008002b72                PendSV_Handler
 .text.SysTick_Handler
                0x0000000008002b80        0xc ./Core/Src/stm32h7xx_it.o
                0x0000000008002b80                SysTick_Handler
 .text.DMA1_Stream0_IRQHandler
                0x0000000008002b8c       0x14 ./Core/Src/stm32h7xx_it.o
                0x0000000008002b8c                DMA1_Stream0_IRQHandler
 .text.ADC_IRQHandler
                0x0000000008002ba0       0x14 ./Core/Src/stm32h7xx_it.o
                0x0000000008002ba0                ADC_IRQHandler
 .text.SAI1_IRQHandler
                0x0000000008002bb4       0x14 ./Core/Src/stm32h7xx_it.o
                0x0000000008002bb4                SAI1_IRQHandler
 .text.LTDC_IRQHandler
                0x0000000008002bc8       0x14 ./Core/Src/stm32h7xx_it.o
                0x0000000008002bc8                LTDC_IRQHandler
 .text.OCTOSPI1_IRQHandler
                0x0000000008002bdc       0x14 ./Core/Src/stm32h7xx_it.o
                0x0000000008002bdc                OCTOSPI1_IRQHandler
 .text._getpid  0x0000000008002bf0       0x10 ./Core/Src/syscalls.o
                0x0000000008002bf0                _getpid
 .text._kill    0x0000000008002c00       0x20 ./Core/Src/syscalls.o
                0x0000000008002c00                _kill
 .text._exit    0x0000000008002c20       0x14 ./Core/Src/syscalls.o
                0x0000000008002c20                _exit
 .text._read    0x0000000008002c34       0x3a ./Core/Src/syscalls.o
                0x0000000008002c34                _read
 .text._write   0x0000000008002c6e       0x38 ./Core/Src/syscalls.o
                0x0000000008002c6e                _write
 .text._close   0x0000000008002ca6       0x18 ./Core/Src/syscalls.o
                0x0000000008002ca6                _close
 .text._fstat   0x0000000008002cbe       0x20 ./Core/Src/syscalls.o
                0x0000000008002cbe                _fstat
 .text._isatty  0x0000000008002cde       0x16 ./Core/Src/syscalls.o
                0x0000000008002cde                _isatty
 .text._lseek   0x0000000008002cf4       0x1a ./Core/Src/syscalls.o
                0x0000000008002cf4                _lseek
 *fill*         0x0000000008002d0e        0x2 
 .text._sbrk    0x0000000008002d10       0x6c ./Core/Src/sysmem.o
                0x0000000008002d10                _sbrk
 .text.SystemInit
                0x0000000008002d7c       0xf8 ./Core/Src/system_stm32h7xx.o
                0x0000000008002d7c                SystemInit
 .text.Reset_Handler
                0x0000000008002e74       0x50 ./Core/Startup/startup_stm32h7b0vbtx.o
                0x0000000008002e74                Reset_Handler
 .text.Default_Handler
                0x0000000008002ec4        0x2 ./Core/Startup/startup_stm32h7b0vbtx.o
                0x0000000008002ec4                RTC_Alarm_IRQHandler
                0x0000000008002ec4                HASH_RNG_IRQHandler
                0x0000000008002ec4                EXTI2_IRQHandler
                0x0000000008002ec4                TIM8_CC_IRQHandler
                0x0000000008002ec4                UART8_IRQHandler
                0x0000000008002ec4                BDMA2_Channel1_IRQHandler
                0x0000000008002ec4                SPI4_IRQHandler
                0x0000000008002ec4                BDMA2_Channel0_IRQHandler
                0x0000000008002ec4                TIM1_CC_IRQHandler
                0x0000000008002ec4                DMA2_Stream5_IRQHandler
                0x0000000008002ec4                JPEG_IRQHandler
                0x0000000008002ec4                DMA1_Stream5_IRQHandler
                0x0000000008002ec4                EXTI3_IRQHandler
                0x0000000008002ec4                LPTIM4_IRQHandler
                0x0000000008002ec4                TIM8_TRG_COM_TIM14_IRQHandler
                0x0000000008002ec4                LPTIM2_IRQHandler
                0x0000000008002ec4                DFSDM1_FLT1_IRQHandler
                0x0000000008002ec4                DMAMUX2_OVR_IRQHandler
                0x0000000008002ec4                GFXMMU_IRQHandler
                0x0000000008002ec4                TIM8_UP_TIM13_IRQHandler
                0x0000000008002ec4                I2C3_ER_IRQHandler
                0x0000000008002ec4                DFSDM1_FLT2_IRQHandler
                0x0000000008002ec4                USART10_IRQHandler
                0x0000000008002ec4                MDMA_IRQHandler
                0x0000000008002ec4                LPTIM3_IRQHandler
                0x0000000008002ec4                BDMA2_Channel3_IRQHandler
                0x0000000008002ec4                HSEM1_IRQHandler
                0x0000000008002ec4                EXTI0_IRQHandler
                0x0000000008002ec4                I2C2_EV_IRQHandler
                0x0000000008002ec4                DAC2_IRQHandler
                0x0000000008002ec4                DMA1_Stream2_IRQHandler
                0x0000000008002ec4                FPU_IRQHandler
                0x0000000008002ec4                OTG_HS_WKUP_IRQHandler
                0x0000000008002ec4                FDCAN1_IT1_IRQHandler
                0x0000000008002ec4                LTDC_ER_IRQHandler
                0x0000000008002ec4                DMA2_Stream2_IRQHandler
                0x0000000008002ec4                SPI1_IRQHandler
                0x0000000008002ec4                TIM6_DAC_IRQHandler
                0x0000000008002ec4                BDMA2_Channel6_IRQHandler
                0x0000000008002ec4                DMA2_Stream3_IRQHandler
                0x0000000008002ec4                OCTOSPI2_IRQHandler
                0x0000000008002ec4                SAI2_IRQHandler
                0x0000000008002ec4                BDMA1_IRQHandler
                0x0000000008002ec4                DFSDM1_FLT3_IRQHandler
                0x0000000008002ec4                USART6_IRQHandler
                0x0000000008002ec4                TIM17_IRQHandler
                0x0000000008002ec4                USART3_IRQHandler
                0x0000000008002ec4                CRYP_IRQHandler
                0x0000000008002ec4                LPTIM5_IRQHandler
                0x0000000008002ec4                UART5_IRQHandler
                0x0000000008002ec4                DMA2_Stream0_IRQHandler
                0x0000000008002ec4                TIM4_IRQHandler
                0x0000000008002ec4                I2C1_EV_IRQHandler
                0x0000000008002ec4                DMA1_Stream6_IRQHandler
                0x0000000008002ec4                DMAMUX1_OVR_IRQHandler
                0x0000000008002ec4                DMA1_Stream1_IRQHandler
                0x0000000008002ec4                TIM16_IRQHandler
                0x0000000008002ec4                UART4_IRQHandler
                0x0000000008002ec4                TIM3_IRQHandler
                0x0000000008002ec4                RCC_IRQHandler
                0x0000000008002ec4                UART9_IRQHandler
                0x0000000008002ec4                TIM8_BRK_TIM12_IRQHandler
                0x0000000008002ec4                TIM1_TRG_COM_IRQHandler
                0x0000000008002ec4                Default_Handler
                0x0000000008002ec4                ECC_IRQHandler
                0x0000000008002ec4                BDMA2_Channel2_IRQHandler
                0x0000000008002ec4                CEC_IRQHandler
                0x0000000008002ec4                EXTI15_10_IRQHandler
                0x0000000008002ec4                DFSDM1_FLT4_IRQHandler
                0x0000000008002ec4                OTFDEC1_IRQHandler
                0x0000000008002ec4                DMA1_Stream7_IRQHandler
                0x0000000008002ec4                SPI5_IRQHandler
                0x0000000008002ec4                TIM7_IRQHandler
                0x0000000008002ec4                SDMMC1_IRQHandler
                0x0000000008002ec4                TIM5_IRQHandler
                0x0000000008002ec4                DMA2_Stream7_IRQHandler
                0x0000000008002ec4                TIM15_IRQHandler
                0x0000000008002ec4                I2C3_EV_IRQHandler
                0x0000000008002ec4                DFSDM2_IRQHandler
                0x0000000008002ec4                EXTI9_5_IRQHandler
                0x0000000008002ec4                RTC_WKUP_IRQHandler
                0x0000000008002ec4                SPDIF_RX_IRQHandler
                0x0000000008002ec4                PVD_PVM_IRQHandler
                0x0000000008002ec4                SPI2_IRQHandler
                0x0000000008002ec4                OTG_HS_EP1_IN_IRQHandler
                0x0000000008002ec4                DFSDM1_FLT5_IRQHandler
                0x0000000008002ec4                OTFDEC2_IRQHandler
                0x0000000008002ec4                CRS_IRQHandler
                0x0000000008002ec4                EXTI4_IRQHandler
                0x0000000008002ec4                DFSDM1_FLT6_IRQHandler
                0x0000000008002ec4                FDCAN2_IT1_IRQHandler
                0x0000000008002ec4                COMP_IRQHandler
                0x0000000008002ec4                TIM1_UP_IRQHandler
                0x0000000008002ec4                OTG_HS_EP1_OUT_IRQHandler
                0x0000000008002ec4                WWDG_IRQHandler
                0x0000000008002ec4                SPI6_IRQHandler
                0x0000000008002ec4                MDIOS_IRQHandler
                0x0000000008002ec4                I2C4_EV_IRQHandler
                0x0000000008002ec4                FDCAN2_IT0_IRQHandler
                0x0000000008002ec4                LPUART1_IRQHandler
                0x0000000008002ec4                FDCAN1_IT0_IRQHandler
                0x0000000008002ec4                TIM2_IRQHandler
                0x0000000008002ec4                BDMA2_Channel5_IRQHandler
                0x0000000008002ec4                OTG_HS_IRQHandler
                0x0000000008002ec4                DMA2D_IRQHandler
                0x0000000008002ec4                TIM1_BRK_IRQHandler
                0x0000000008002ec4                EXTI1_IRQHandler
                0x0000000008002ec4                SDMMC2_IRQHandler
                0x0000000008002ec4                DTS_IRQHandler
                0x0000000008002ec4                UART7_IRQHandler
                0x0000000008002ec4                MDIOS_WKUP_IRQHandler
                0x0000000008002ec4                USART2_IRQHandler
                0x0000000008002ec4                DFSDM1_FLT0_IRQHandler
                0x0000000008002ec4                I2C2_ER_IRQHandler
                0x0000000008002ec4                DMA2_Stream1_IRQHandler
                0x0000000008002ec4                DFSDM1_FLT7_IRQHandler
                0x0000000008002ec4                FLASH_IRQHandler
                0x0000000008002ec4                DMA2_Stream4_IRQHandler
                0x0000000008002ec4                USART1_IRQHandler
                0x0000000008002ec4                SPI3_IRQHandler
                0x0000000008002ec4                WAKEUP_PIN_IRQHandler
                0x0000000008002ec4                DMA1_Stream4_IRQHandler
                0x0000000008002ec4                I2C1_ER_IRQHandler
                0x0000000008002ec4                FMC_IRQHandler
                0x0000000008002ec4                BDMA2_Channel7_IRQHandler
                0x0000000008002ec4                FDCAN_CAL_IRQHandler
                0x0000000008002ec4                SWPMI1_IRQHandler
                0x0000000008002ec4                LPTIM1_IRQHandler
                0x0000000008002ec4                DCMI_PSSI_IRQHandler
                0x0000000008002ec4                I2C4_ER_IRQHandler
                0x0000000008002ec4                DMA2_Stream6_IRQHandler
                0x0000000008002ec4                DMA1_Stream3_IRQHandler
                0x0000000008002ec4                RTC_TAMP_STAMP_CSS_LSE_IRQHandler
                0x0000000008002ec4                BDMA2_Channel4_IRQHandler
 *fill*         0x0000000008002ec6        0x2 
 .text.HAL_Init
                0x0000000008002ec8       0x78 ./Drivers/STM32H7xx_HAL_Driver/Src/stm32h7xx_hal.o
                0x0000000008002ec8                HAL_Init
 .text.HAL_InitTick
                0x0000000008002f40       0x6c ./Drivers/STM32H7xx_HAL_Driver/Src/stm32h7xx_hal.o
                0x0000000008002f40                HAL_InitTick
 .text.HAL_IncTick
                0x0000000008002fac       0x28 ./Drivers/STM32H7xx_HAL_Driver/Src/stm32h7xx_hal.o
                0x0000000008002fac                HAL_IncTick
 .text.HAL_GetTick
                0x0000000008002fd4       0x18 ./Drivers/STM32H7xx_HAL_Driver/Src/stm32h7xx_hal.o
                0x0000000008002fd4                HAL_GetTick
 .text.HAL_Delay
                0x0000000008002fec       0x48 ./Drivers/STM32H7xx_HAL_Driver/Src/stm32h7xx_hal.o
                0x0000000008002fec                HAL_Delay
 .text.LL_ADC_SetCommonClock
                0x0000000008003034       0x26 ./Drivers/STM32H7xx_HAL_Driver/Src/stm32h7xx_hal_adc.o
 .text.LL_ADC_SetCommonPathInternalCh
                0x000000000800305a       0x26 ./Drivers/STM32H7xx_HAL_Driver/Src/stm32h7xx_hal_adc.o
 .text.LL_ADC_GetCommonPathInternalCh
                0x0000000008003080       0x1c ./Drivers/STM32H7xx_HAL_Driver/Src/stm32h7xx_hal_adc.o
 .text.LL_ADC_SetOffset
                0x000000000800309c       0x40 ./Drivers/STM32H7xx_HAL_Driver/Src/stm32h7xx_hal_adc.o
 .text.LL_ADC_SetDataRightShift
                0x00000000080030dc       0x32 ./Drivers/STM32H7xx_HAL_Driver/Src/stm32h7xx_hal_adc.o
 .text.LL_ADC_SetOffsetSignedSaturation
                0x000000000800310e       0x36 ./Drivers/STM32H7xx_HAL_Driver/Src/stm32h7xx_hal_adc.o
 .text.LL_ADC_REG_IsTriggerSourceSWStart
                0x0000000008003144       0x26 ./Drivers/STM32H7xx_HAL_Driver/Src/stm32h7xx_hal_adc.o
 .text.LL_ADC_REG_SetSequencerRanks
                0x000000000800316a       0x58 ./Drivers/STM32H7xx_HAL_Driver/Src/stm32h7xx_hal_adc.o
 .text.LL_ADC_INJ_IsTriggerSourceSWStart
                0x00000000080031c2       0x26 ./Drivers/STM32H7xx_HAL_Driver/Src/stm32h7xx_hal_adc.o
 .text.LL_ADC_SetChannelSamplingTime
                0x00000000080031e8       0x56 ./Drivers/STM32H7xx_HAL_Driver/Src/stm32h7xx_hal_adc.o
 *fill*         0x000000000800323e        0x2 
 .text.LL_ADC_SetChannelSingleDiff
                0x0000000008003240       0x48 ./Drivers/STM32H7xx_HAL_Driver/Src/stm32h7xx_hal_adc.o
 .text.LL_ADC_GetMultimode
                0x0000000008003288       0x1c ./Drivers/STM32H7xx_HAL_Driver/Src/stm32h7xx_hal_adc.o
 .text.LL_ADC_GetMultiDMATransfer
                0x00000000080032a4       0x1c ./Drivers/STM32H7xx_HAL_Driver/Src/stm32h7xx_hal_adc.o
 .text.LL_ADC_DisableDeepPowerDown
                0x00000000080032c0       0x24 ./Drivers/STM32H7xx_HAL_Driver/Src/stm32h7xx_hal_adc.o
 .text.LL_ADC_IsDeepPowerDownEnabled
                0x00000000080032e4       0x28 ./Drivers/STM32H7xx_HAL_Driver/Src/stm32h7xx_hal_adc.o
 .text.LL_ADC_EnableInternalRegulator
                0x000000000800330c       0x28 ./Drivers/STM32H7xx_HAL_Driver/Src/stm32h7xx_hal_adc.o
 .text.LL_ADC_IsInternalRegulatorEnabled
                0x0000000008003334       0x28 ./Drivers/STM32H7xx_HAL_Driver/Src/stm32h7xx_hal_adc.o
 .text.LL_ADC_Enable
                0x000000000800335c       0x28 ./Drivers/STM32H7xx_HAL_Driver/Src/stm32h7xx_hal_adc.o
 .text.LL_ADC_IsEnabled
                0x0000000008003384       0x26 ./Drivers/STM32H7xx_HAL_Driver/Src/stm32h7xx_hal_adc.o
 *fill*         0x00000000080033aa        0x2 
 .text.LL_ADC_REG_StartConversion
                0x00000000080033ac       0x28 ./Drivers/STM32H7xx_HAL_Driver/Src/stm32h7xx_hal_adc.o
 .text.LL_ADC_REG_IsConversionOngoing
                0x00000000080033d4       0x26 ./Drivers/STM32H7xx_HAL_Driver/Src/stm32h7xx_hal_adc.o
 .text.LL_ADC_INJ_IsConversionOngoing
                0x00000000080033fa       0x26 ./Drivers/STM32H7xx_HAL_Driver/Src/stm32h7xx_hal_adc.o
 .text.HAL_ADC_Init
                0x0000000008003420      0x2b4 ./Drivers/STM32H7xx_HAL_Driver/Src/stm32h7xx_hal_adc.o
                0x0000000008003420                HAL_ADC_Init
 .text.HAL_ADC_Start
                0x00000000080036d4      0x174 ./Drivers/STM32H7xx_HAL_Driver/Src/stm32h7xx_hal_adc.o
                0x00000000080036d4                HAL_ADC_Start
 .text.HAL_ADC_PollForConversion
                0x0000000008003848      0x1b0 ./Drivers/STM32H7xx_HAL_Driver/Src/stm32h7xx_hal_adc.o
                0x0000000008003848                HAL_ADC_PollForConversion
 .text.HAL_ADC_GetValue
                0x00000000080039f8       0x1a ./Drivers/STM32H7xx_HAL_Driver/Src/stm32h7xx_hal_adc.o
                0x00000000080039f8                HAL_ADC_GetValue
 *fill*         0x0000000008003a12        0x2 
 .text.HAL_ADC_IRQHandler
                0x0000000008003a14      0x434 ./Drivers/STM32H7xx_HAL_Driver/Src/stm32h7xx_hal_adc.o
                0x0000000008003a14                HAL_ADC_IRQHandler
 .text.HAL_ADC_ConvCpltCallback
                0x0000000008003e48       0x14 ./Drivers/STM32H7xx_HAL_Driver/Src/stm32h7xx_hal_adc.o
                0x0000000008003e48                HAL_ADC_ConvCpltCallback
 .text.HAL_ADC_LevelOutOfWindowCallback
                0x0000000008003e5c       0x14 ./Drivers/STM32H7xx_HAL_Driver/Src/stm32h7xx_hal_adc.o
                0x0000000008003e5c                HAL_ADC_LevelOutOfWindowCallback
 .text.HAL_ADC_ErrorCallback
                0x0000000008003e70       0x14 ./Drivers/STM32H7xx_HAL_Driver/Src/stm32h7xx_hal_adc.o
                0x0000000008003e70                HAL_ADC_ErrorCallback
 .text.HAL_ADC_ConfigChannel
                0x0000000008003e84      0x5cc ./Drivers/STM32H7xx_HAL_Driver/Src/stm32h7xx_hal_adc.o
                0x0000000008003e84                HAL_ADC_ConfigChannel
 .text.ADC_Enable
                0x0000000008004450       0xf8 ./Drivers/STM32H7xx_HAL_Driver/Src/stm32h7xx_hal_adc.o
                0x0000000008004450                ADC_Enable
 .text.ADC_ConfigureBoostMode
                0x0000000008004548      0x198 ./Drivers/STM32H7xx_HAL_Driver/Src/stm32h7xx_hal_adc.o
                0x0000000008004548                ADC_ConfigureBoostMode
 .text.LL_ADC_IsEnabled
                0x00000000080046e0       0x26 ./Drivers/STM32H7xx_HAL_Driver/Src/stm32h7xx_hal_adc_ex.o
 .text.LL_ADC_REG_IsConversionOngoing
                0x0000000008004706       0x26 ./Drivers/STM32H7xx_HAL_Driver/Src/stm32h7xx_hal_adc_ex.o
 .text.HAL_ADCEx_InjectedConvCpltCallback
                0x000000000800472c       0x14 ./Drivers/STM32H7xx_HAL_Driver/Src/stm32h7xx_hal_adc_ex.o
                0x000000000800472c                HAL_ADCEx_InjectedConvCpltCallback
 .text.HAL_ADCEx_InjectedQueueOverflowCallback
                0x0000000008004740       0x14 ./Drivers/STM32H7xx_HAL_Driver/Src/stm32h7xx_hal_adc_ex.o
                0x0000000008004740                HAL_ADCEx_InjectedQueueOverflowCallback
 .text.HAL_ADCEx_LevelOutOfWindow2Callback
                0x0000000008004754       0x14 ./Drivers/STM32H7xx_HAL_Driver/Src/stm32h7xx_hal_adc_ex.o
                0x0000000008004754                HAL_ADCEx_LevelOutOfWindow2Callback
 .text.HAL_ADCEx_LevelOutOfWindow3Callback
                0x0000000008004768       0x14 ./Drivers/STM32H7xx_HAL_Driver/Src/stm32h7xx_hal_adc_ex.o
                0x0000000008004768                HAL_ADCEx_LevelOutOfWindow3Callback
 .text.HAL_ADCEx_EndOfSamplingCallback
                0x000000000800477c       0x14 ./Drivers/STM32H7xx_HAL_Driver/Src/stm32h7xx_hal_adc_ex.o
                0x000000000800477c                HAL_ADCEx_EndOfSamplingCallback
 .text.HAL_ADCEx_MultiModeConfigChannel
                0x0000000008004790      0x138 ./Drivers/STM32H7xx_HAL_Driver/Src/stm32h7xx_hal_adc_ex.o
                0x0000000008004790                HAL_ADCEx_MultiModeConfigChannel
 .text.__NVIC_SetPriorityGrouping
                0x00000000080048c8       0x48 ./Drivers/STM32H7xx_HAL_Driver/Src/stm32h7xx_hal_cortex.o
 .text.__NVIC_GetPriorityGrouping
                0x0000000008004910       0x1c ./Drivers/STM32H7xx_HAL_Driver/Src/stm32h7xx_hal_cortex.o
 .text.__NVIC_EnableIRQ
                0x000000000800492c       0x3c ./Drivers/STM32H7xx_HAL_Driver/Src/stm32h7xx_hal_cortex.o
 .text.__NVIC_SetPriority
                0x0000000008004968       0x54 ./Drivers/STM32H7xx_HAL_Driver/Src/stm32h7xx_hal_cortex.o
 .text.NVIC_EncodePriority
                0x00000000080049bc       0x66 ./Drivers/STM32H7xx_HAL_Driver/Src/stm32h7xx_hal_cortex.o
 *fill*         0x0000000008004a22        0x2 
 .text.__NVIC_SystemReset
                0x0000000008004a24       0x2c ./Drivers/STM32H7xx_HAL_Driver/Src/stm32h7xx_hal_cortex.o
 .text.SysTick_Config
                0x0000000008004a50       0x44 ./Drivers/STM32H7xx_HAL_Driver/Src/stm32h7xx_hal_cortex.o
 .text.HAL_NVIC_SetPriorityGrouping
                0x0000000008004a94       0x16 ./Drivers/STM32H7xx_HAL_Driver/Src/stm32h7xx_hal_cortex.o
                0x0000000008004a94                HAL_NVIC_SetPriorityGrouping
 .text.HAL_NVIC_SetPriority
                0x0000000008004aaa       0x34 ./Drivers/STM32H7xx_HAL_Driver/Src/stm32h7xx_hal_cortex.o
                0x0000000008004aaa                HAL_NVIC_SetPriority
 .text.HAL_NVIC_EnableIRQ
                0x0000000008004ade       0x1c ./Drivers/STM32H7xx_HAL_Driver/Src/stm32h7xx_hal_cortex.o
                0x0000000008004ade                HAL_NVIC_EnableIRQ
 .text.HAL_NVIC_SystemReset
                0x0000000008004afa        0x8 ./Drivers/STM32H7xx_HAL_Driver/Src/stm32h7xx_hal_cortex.o
                0x0000000008004afa                HAL_NVIC_SystemReset
 .text.HAL_SYSTICK_Config
                0x0000000008004b02       0x18 ./Drivers/STM32H7xx_HAL_Driver/Src/stm32h7xx_hal_cortex.o
                0x0000000008004b02                HAL_SYSTICK_Config
 .text.HAL_DAC_Init
                0x0000000008004b1a       0x44 ./Drivers/STM32H7xx_HAL_Driver/Src/stm32h7xx_hal_dac.o
                0x0000000008004b1a                HAL_DAC_Init
 .text.HAL_DAC_Start
                0x0000000008004b5e       0xa4 ./Drivers/STM32H7xx_HAL_Driver/Src/stm32h7xx_hal_dac.o
                0x0000000008004b5e                HAL_DAC_Start
 .text.HAL_DAC_SetValue
                0x0000000008004c02       0x4a ./Drivers/STM32H7xx_HAL_Driver/Src/stm32h7xx_hal_dac.o
                0x0000000008004c02                HAL_DAC_SetValue
 .text.HAL_DAC_ConfigChannel
                0x0000000008004c4c      0x260 ./Drivers/STM32H7xx_HAL_Driver/Src/stm32h7xx_hal_dac.o
                0x0000000008004c4c                HAL_DAC_ConfigChannel
 .text.HAL_DMA_Init
                0x0000000008004eac      0x720 ./Drivers/STM32H7xx_HAL_Driver/Src/stm32h7xx_hal_dma.o
                0x0000000008004eac                HAL_DMA_Init
 .text.HAL_DMA_Start_IT
                0x00000000080055cc      0x4d4 ./Drivers/STM32H7xx_HAL_Driver/Src/stm32h7xx_hal_dma.o
                0x00000000080055cc                HAL_DMA_Start_IT
 .text.HAL_DMA_Abort
                0x0000000008005aa0      0x63c ./Drivers/STM32H7xx_HAL_Driver/Src/stm32h7xx_hal_dma.o
                0x0000000008005aa0                HAL_DMA_Abort
 .text.HAL_DMA_Abort_IT
                0x00000000080060dc      0x488 ./Drivers/STM32H7xx_HAL_Driver/Src/stm32h7xx_hal_dma.o
                0x00000000080060dc                HAL_DMA_Abort_IT
 .text.HAL_DMA_IRQHandler
                0x0000000008006564      0xec4 ./Drivers/STM32H7xx_HAL_Driver/Src/stm32h7xx_hal_dma.o
                0x0000000008006564                HAL_DMA_IRQHandler
 .text.HAL_DMA_GetError
                0x0000000008007428       0x18 ./Drivers/STM32H7xx_HAL_Driver/Src/stm32h7xx_hal_dma.o
                0x0000000008007428                HAL_DMA_GetError
 .text.DMA_SetConfig
                0x0000000008007440      0x3c8 ./Drivers/STM32H7xx_HAL_Driver/Src/stm32h7xx_hal_dma.o
 .text.DMA_CalcBaseAndBitshift
                0x0000000008007808      0x164 ./Drivers/STM32H7xx_HAL_Driver/Src/stm32h7xx_hal_dma.o
 .text.DMA_CheckFifoParam
                0x000000000800796c       0xf8 ./Drivers/STM32H7xx_HAL_Driver/Src/stm32h7xx_hal_dma.o
 .text.DMA_CalcDMAMUXChannelBaseAndMask
                0x0000000008007a64      0x134 ./Drivers/STM32H7xx_HAL_Driver/Src/stm32h7xx_hal_dma.o
 .text.DMA_CalcDMAMUXRequestGenBaseAndMask
                0x0000000008007b98       0xe8 ./Drivers/STM32H7xx_HAL_Driver/Src/stm32h7xx_hal_dma.o
 .text.HAL_DMA2D_Init
                0x0000000008007c80       0xc8 ./Drivers/STM32H7xx_HAL_Driver/Src/stm32h7xx_hal_dma2d.o
                0x0000000008007c80                HAL_DMA2D_Init
 .text.HAL_GPIO_Init
                0x0000000008007d48      0x360 ./Drivers/STM32H7xx_HAL_Driver/Src/stm32h7xx_hal_gpio.o
                0x0000000008007d48                HAL_GPIO_Init
 .text.HAL_GPIO_ReadPin
                0x00000000080080a8       0x30 ./Drivers/STM32H7xx_HAL_Driver/Src/stm32h7xx_hal_gpio.o
                0x00000000080080a8                HAL_GPIO_ReadPin
 .text.HAL_GPIO_WritePin
                0x00000000080080d8       0x32 ./Drivers/STM32H7xx_HAL_Driver/Src/stm32h7xx_hal_gpio.o
                0x00000000080080d8                HAL_GPIO_WritePin
 *fill*         0x000000000800810a        0x2 
 .text.HAL_LTDC_Init
                0x000000000800810c      0x1a0 ./Drivers/STM32H7xx_HAL_Driver/Src/stm32h7xx_hal_ltdc.o
                0x000000000800810c                HAL_LTDC_Init
 .text.HAL_LTDC_IRQHandler
                0x00000000080082ac      0x148 ./Drivers/STM32H7xx_HAL_Driver/Src/stm32h7xx_hal_ltdc.o
                0x00000000080082ac                HAL_LTDC_IRQHandler
 .text.HAL_LTDC_ErrorCallback
                0x00000000080083f4       0x14 ./Drivers/STM32H7xx_HAL_Driver/Src/stm32h7xx_hal_ltdc.o
                0x00000000080083f4                HAL_LTDC_ErrorCallback
 .text.HAL_LTDC_LineEventCallback
                0x0000000008008408       0x14 ./Drivers/STM32H7xx_HAL_Driver/Src/stm32h7xx_hal_ltdc.o
                0x0000000008008408                HAL_LTDC_LineEventCallback
 .text.HAL_LTDC_ConfigLayer
                0x000000000800841c       0x7c ./Drivers/STM32H7xx_HAL_Driver/Src/stm32h7xx_hal_ltdc.o
                0x000000000800841c                HAL_LTDC_ConfigLayer
 .text.HAL_LTDC_SetAddress
                0x0000000008008498       0x6c ./Drivers/STM32H7xx_HAL_Driver/Src/stm32h7xx_hal_ltdc.o
                0x0000000008008498                HAL_LTDC_SetAddress
 .text.HAL_LTDC_Reload
                0x0000000008008504       0x5e ./Drivers/STM32H7xx_HAL_Driver/Src/stm32h7xx_hal_ltdc.o
                0x0000000008008504                HAL_LTDC_Reload
 *fill*         0x0000000008008562        0x2 
 .text.LTDC_SetConfig
                0x0000000008008564      0x334 ./Drivers/STM32H7xx_HAL_Driver/Src/stm32h7xx_hal_ltdc.o
 .text.HAL_MDMA_Abort_IT
                0x0000000008008898       0x4e ./Drivers/STM32H7xx_HAL_Driver/Src/stm32h7xx_hal_mdma.o
                0x0000000008008898                HAL_MDMA_Abort_IT
 *fill*         0x00000000080088e6        0x2 
 .text.HAL_OSPI_Init
                0x00000000080088e8      0x17c ./Drivers/STM32H7xx_HAL_Driver/Src/stm32h7xx_hal_ospi.o
                0x00000000080088e8                HAL_OSPI_Init
 .text.HAL_OSPI_IRQHandler
                0x0000000008008a64      0x284 ./Drivers/STM32H7xx_HAL_Driver/Src/stm32h7xx_hal_ospi.o
                0x0000000008008a64                HAL_OSPI_IRQHandler
 .text.HAL_OSPI_Command
                0x0000000008008ce8      0x11a ./Drivers/STM32H7xx_HAL_Driver/Src/stm32h7xx_hal_ospi.o
                0x0000000008008ce8                HAL_OSPI_Command
 *fill*         0x0000000008008e02        0x2 
 .text.HAL_OSPI_MemoryMapped
                0x0000000008008e04       0x9c ./Drivers/STM32H7xx_HAL_Driver/Src/stm32h7xx_hal_ospi.o
                0x0000000008008e04                HAL_OSPI_MemoryMapped
 .text.HAL_OSPI_ErrorCallback
                0x0000000008008ea0       0x14 ./Drivers/STM32H7xx_HAL_Driver/Src/stm32h7xx_hal_ospi.o
                0x0000000008008ea0                HAL_OSPI_ErrorCallback
 .text.HAL_OSPI_AbortCpltCallback
                0x0000000008008eb4       0x14 ./Drivers/STM32H7xx_HAL_Driver/Src/stm32h7xx_hal_ospi.o
                0x0000000008008eb4                HAL_OSPI_AbortCpltCallback
 .text.HAL_OSPI_FifoThresholdCallback
                0x0000000008008ec8       0x14 ./Drivers/STM32H7xx_HAL_Driver/Src/stm32h7xx_hal_ospi.o
                0x0000000008008ec8                HAL_OSPI_FifoThresholdCallback
 .text.HAL_OSPI_CmdCpltCallback
                0x0000000008008edc       0x14 ./Drivers/STM32H7xx_HAL_Driver/Src/stm32h7xx_hal_ospi.o
                0x0000000008008edc                HAL_OSPI_CmdCpltCallback
 .text.HAL_OSPI_RxCpltCallback
                0x0000000008008ef0       0x14 ./Drivers/STM32H7xx_HAL_Driver/Src/stm32h7xx_hal_ospi.o
                0x0000000008008ef0                HAL_OSPI_RxCpltCallback
 .text.HAL_OSPI_TxCpltCallback
                0x0000000008008f04       0x14 ./Drivers/STM32H7xx_HAL_Driver/Src/stm32h7xx_hal_ospi.o
                0x0000000008008f04                HAL_OSPI_TxCpltCallback
 .text.HAL_OSPI_StatusMatchCallback
                0x0000000008008f18       0x14 ./Drivers/STM32H7xx_HAL_Driver/Src/stm32h7xx_hal_ospi.o
                0x0000000008008f18                HAL_OSPI_StatusMatchCallback
 .text.HAL_OSPI_TimeOutCallback
                0x0000000008008f2c       0x14 ./Drivers/STM32H7xx_HAL_Driver/Src/stm32h7xx_hal_ospi.o
                0x0000000008008f2c                HAL_OSPI_TimeOutCallback
 .text.HAL_OSPI_SetTimeout
                0x0000000008008f40       0x1e ./Drivers/STM32H7xx_HAL_Driver/Src/stm32h7xx_hal_ospi.o
                0x0000000008008f40                HAL_OSPI_SetTimeout
 *fill*         0x0000000008008f5e        0x2 
 .text.HAL_OSPIM_Config
                0x0000000008008f60      0xa2c ./Drivers/STM32H7xx_HAL_Driver/Src/stm32h7xx_hal_ospi.o
                0x0000000008008f60                HAL_OSPIM_Config
 .text.OSPI_DMAAbortCplt
                0x000000000800998c       0x78 ./Drivers/STM32H7xx_HAL_Driver/Src/stm32h7xx_hal_ospi.o
 .text.OSPI_WaitFlagStateUntilTimeout
                0x0000000008009a04       0x6e ./Drivers/STM32H7xx_HAL_Driver/Src/stm32h7xx_hal_ospi.o
 *fill*         0x0000000008009a72        0x2 
 .text.OSPI_ConfigCmd
                0x0000000008009a74      0x2f4 ./Drivers/STM32H7xx_HAL_Driver/Src/stm32h7xx_hal_ospi.o
 .text.OSPIM_GetConfig
                0x0000000008009d68      0x174 ./Drivers/STM32H7xx_HAL_Driver/Src/stm32h7xx_hal_ospi.o
 .text.HAL_PWR_EnableBkUpAccess
                0x0000000008009edc       0x20 ./Drivers/STM32H7xx_HAL_Driver/Src/stm32h7xx_hal_pwr.o
                0x0000000008009edc                HAL_PWR_EnableBkUpAccess
 .text.HAL_PWREx_ConfigSupply
                0x0000000008009efc       0x74 ./Drivers/STM32H7xx_HAL_Driver/Src/stm32h7xx_hal_pwr_ex.o
                0x0000000008009efc                HAL_PWREx_ConfigSupply
 .text.HAL_RCC_OscConfig
                0x0000000008009f70      0x808 ./Drivers/STM32H7xx_HAL_Driver/Src/stm32h7xx_hal_rcc.o
                0x0000000008009f70                HAL_RCC_OscConfig
 .text.HAL_RCC_ClockConfig
                0x000000000800a778      0x36c ./Drivers/STM32H7xx_HAL_Driver/Src/stm32h7xx_hal_rcc.o
                0x000000000800a778                HAL_RCC_ClockConfig
 .text.HAL_RCC_GetSysClockFreq
                0x000000000800aae4      0x2f4 ./Drivers/STM32H7xx_HAL_Driver/Src/stm32h7xx_hal_rcc.o
                0x000000000800aae4                HAL_RCC_GetSysClockFreq
 .text.HAL_RCC_GetHCLKFreq
                0x000000000800add8       0x60 ./Drivers/STM32H7xx_HAL_Driver/Src/stm32h7xx_hal_rcc.o
                0x000000000800add8                HAL_RCC_GetHCLKFreq
 .text.HAL_RCCEx_PeriphCLKConfig
                0x000000000800ae38      0xe18 ./Drivers/STM32H7xx_HAL_Driver/Src/stm32h7xx_hal_rcc_ex.o
                0x000000000800ae38                HAL_RCCEx_PeriphCLKConfig
 .text.HAL_RCCEx_GetPeriphCLKFreq
                0x000000000800bc50      0x854 ./Drivers/STM32H7xx_HAL_Driver/Src/stm32h7xx_hal_rcc_ex.o
                0x000000000800bc50                HAL_RCCEx_GetPeriphCLKFreq
 .text.HAL_RCCEx_GetD3PCLK1Freq
                0x000000000800c4a4       0x2c ./Drivers/STM32H7xx_HAL_Driver/Src/stm32h7xx_hal_rcc_ex.o
                0x000000000800c4a4                HAL_RCCEx_GetD3PCLK1Freq
 .text.HAL_RCCEx_GetPLL2ClockFreq
                0x000000000800c4d0      0x2a8 ./Drivers/STM32H7xx_HAL_Driver/Src/stm32h7xx_hal_rcc_ex.o
                0x000000000800c4d0                HAL_RCCEx_GetPLL2ClockFreq
 .text.HAL_RCCEx_GetPLL3ClockFreq
                0x000000000800c778      0x2a8 ./Drivers/STM32H7xx_HAL_Driver/Src/stm32h7xx_hal_rcc_ex.o
                0x000000000800c778                HAL_RCCEx_GetPLL3ClockFreq
 .text.HAL_RCCEx_GetPLL1ClockFreq
                0x000000000800ca20      0x2a4 ./Drivers/STM32H7xx_HAL_Driver/Src/stm32h7xx_hal_rcc_ex.o
                0x000000000800ca20                HAL_RCCEx_GetPLL1ClockFreq
 .text.RCCEx_PLL2_Config
                0x000000000800ccc4      0x164 ./Drivers/STM32H7xx_HAL_Driver/Src/stm32h7xx_hal_rcc_ex.o
 .text.RCCEx_PLL3_Config
                0x000000000800ce28      0x164 ./Drivers/STM32H7xx_HAL_Driver/Src/stm32h7xx_hal_rcc_ex.o
 .text.HAL_RTC_Init
                0x000000000800cf8c       0xf8 ./Drivers/STM32H7xx_HAL_Driver/Src/stm32h7xx_hal_rtc.o
                0x000000000800cf8c                HAL_RTC_Init
 .text.HAL_RTC_SetTime
                0x000000000800d084      0x13c ./Drivers/STM32H7xx_HAL_Driver/Src/stm32h7xx_hal_rtc.o
                0x000000000800d084                HAL_RTC_SetTime
 .text.HAL_RTC_GetTime
                0x000000000800d1c0       0xb8 ./Drivers/STM32H7xx_HAL_Driver/Src/stm32h7xx_hal_rtc.o
                0x000000000800d1c0                HAL_RTC_GetTime
 .text.HAL_RTC_SetDate
                0x000000000800d278      0x110 ./Drivers/STM32H7xx_HAL_Driver/Src/stm32h7xx_hal_rtc.o
                0x000000000800d278                HAL_RTC_SetDate
 .text.HAL_RTC_GetDate
                0x000000000800d388       0x9c ./Drivers/STM32H7xx_HAL_Driver/Src/stm32h7xx_hal_rtc.o
                0x000000000800d388                HAL_RTC_GetDate
 .text.HAL_RTC_WaitForSynchro
                0x000000000800d424       0x4c ./Drivers/STM32H7xx_HAL_Driver/Src/stm32h7xx_hal_rtc.o
                0x000000000800d424                HAL_RTC_WaitForSynchro
 .text.RTC_EnterInitMode
                0x000000000800d470       0x6c ./Drivers/STM32H7xx_HAL_Driver/Src/stm32h7xx_hal_rtc.o
                0x000000000800d470                RTC_EnterInitMode
 .text.RTC_ExitInitMode
                0x000000000800d4dc       0x7c ./Drivers/STM32H7xx_HAL_Driver/Src/stm32h7xx_hal_rtc.o
                0x000000000800d4dc                RTC_ExitInitMode
 .text.RTC_ByteToBcd2
                0x000000000800d558       0x40 ./Drivers/STM32H7xx_HAL_Driver/Src/stm32h7xx_hal_rtc.o
                0x000000000800d558                RTC_ByteToBcd2
 .text.RTC_Bcd2ToByte
                0x000000000800d598       0x34 ./Drivers/STM32H7xx_HAL_Driver/Src/stm32h7xx_hal_rtc.o
                0x000000000800d598                RTC_Bcd2ToByte
 .text.HAL_SAI_InitProtocol
                0x000000000800d5cc       0x62 ./Drivers/STM32H7xx_HAL_Driver/Src/stm32h7xx_hal_sai.o
                0x000000000800d5cc                HAL_SAI_InitProtocol
 *fill*         0x000000000800d62e        0x2 
 .text.HAL_SAI_Init
                0x000000000800d630      0x404 ./Drivers/STM32H7xx_HAL_Driver/Src/stm32h7xx_hal_sai.o
                0x000000000800d630                HAL_SAI_Init
 .text.HAL_SAI_Abort
                0x000000000800da34      0x11e ./Drivers/STM32H7xx_HAL_Driver/Src/stm32h7xx_hal_sai.o
                0x000000000800da34                HAL_SAI_Abort
 *fill*         0x000000000800db52        0x2 
 .text.HAL_SAI_Transmit_DMA
                0x000000000800db54      0x16c ./Drivers/STM32H7xx_HAL_Driver/Src/stm32h7xx_hal_sai.o
                0x000000000800db54                HAL_SAI_Transmit_DMA
 .text.HAL_SAI_IRQHandler
                0x000000000800dcc0      0x370 ./Drivers/STM32H7xx_HAL_Driver/Src/stm32h7xx_hal_sai.o
                0x000000000800dcc0                HAL_SAI_IRQHandler
 .text.HAL_SAI_TxCpltCallback
                0x000000000800e030       0x14 ./Drivers/STM32H7xx_HAL_Driver/Src/stm32h7xx_hal_sai.o
                0x000000000800e030                HAL_SAI_TxCpltCallback
 .text.HAL_SAI_TxHalfCpltCallback
                0x000000000800e044       0x14 ./Drivers/STM32H7xx_HAL_Driver/Src/stm32h7xx_hal_sai.o
                0x000000000800e044                HAL_SAI_TxHalfCpltCallback
 .text.HAL_SAI_ErrorCallback
                0x000000000800e058       0x14 ./Drivers/STM32H7xx_HAL_Driver/Src/stm32h7xx_hal_sai.o
                0x000000000800e058                HAL_SAI_ErrorCallback
 .text.SAI_InitI2S
                0x000000000800e06c      0x164 ./Drivers/STM32H7xx_HAL_Driver/Src/stm32h7xx_hal_sai.o
 .text.SAI_InitPCM
                0x000000000800e1d0      0x104 ./Drivers/STM32H7xx_HAL_Driver/Src/stm32h7xx_hal_sai.o
 .text.SAI_InterruptFlag
                0x000000000800e2d4       0x6e ./Drivers/STM32H7xx_HAL_Driver/Src/stm32h7xx_hal_sai.o
 *fill*         0x000000000800e342        0x2 
 .text.SAI_Disable
                0x000000000800e344       0x74 ./Drivers/STM32H7xx_HAL_Driver/Src/stm32h7xx_hal_sai.o
 .text.SAI_DMATxCplt
                0x000000000800e3b8       0x60 ./Drivers/STM32H7xx_HAL_Driver/Src/stm32h7xx_hal_sai.o
 .text.SAI_DMATxHalfCplt
                0x000000000800e418       0x1c ./Drivers/STM32H7xx_HAL_Driver/Src/stm32h7xx_hal_sai.o
 .text.SAI_DMAError
                0x000000000800e434       0x5e ./Drivers/STM32H7xx_HAL_Driver/Src/stm32h7xx_hal_sai.o
 .text.SAI_DMAAbort
                0x000000000800e492       0x6e ./Drivers/STM32H7xx_HAL_Driver/Src/stm32h7xx_hal_sai.o
 .text.HAL_SPI_Init
                0x000000000800e500      0x20c ./Drivers/STM32H7xx_HAL_Driver/Src/stm32h7xx_hal_spi.o
                0x000000000800e500                HAL_SPI_Init
 .text.HAL_SPI_Transmit
                0x000000000800e70c      0x3e4 ./Drivers/STM32H7xx_HAL_Driver/Src/stm32h7xx_hal_spi.o
                0x000000000800e70c                HAL_SPI_Transmit
 .text.SPI_CloseTransfer
                0x000000000800eaf0      0x140 ./Drivers/STM32H7xx_HAL_Driver/Src/stm32h7xx_hal_spi.o
 .text.SPI_WaitOnFlagUntilTimeout
                0x000000000800ec30       0x5c ./Drivers/STM32H7xx_HAL_Driver/Src/stm32h7xx_hal_spi.o
 .text.SPI_GetPacketSize
                0x000000000800ec8c       0x36 ./Drivers/STM32H7xx_HAL_Driver/Src/stm32h7xx_hal_spi.o
 *fill*         0x000000000800ecc2        0x2 
 .text.__errno  0x000000000800ecc4        0xc c:/st/stm32cubeide_1.8.0/stm32cubeide/plugins/com.st.stm32cube.ide.mcu.externaltools.gnu-tools-for-stm32.9-2020-q2-update.win32_2.0.0.202105311346/tools/bin/../lib/gcc/arm-none-eabi/9.3.1/../../../../arm-none-eabi/lib/thumb/v7e-m+dp/hard\libc_nano.a(lib_a-errno.o)
                0x000000000800ecc4                __errno
 .text.__libc_init_array
                0x000000000800ecd0       0x48 c:/st/stm32cubeide_1.8.0/stm32cubeide/plugins/com.st.stm32cube.ide.mcu.externaltools.gnu-tools-for-stm32.9-2020-q2-update.win32_2.0.0.202105311346/tools/bin/../lib/gcc/arm-none-eabi/9.3.1/../../../../arm-none-eabi/lib/thumb/v7e-m+dp/hard\libc_nano.a(lib_a-init.o)
                0x000000000800ecd0                __libc_init_array
 .text.memcpy   0x000000000800ed18       0x1c c:/st/stm32cubeide_1.8.0/stm32cubeide/plugins/com.st.stm32cube.ide.mcu.externaltools.gnu-tools-for-stm32.9-2020-q2-update.win32_2.0.0.202105311346/tools/bin/../lib/gcc/arm-none-eabi/9.3.1/../../../../arm-none-eabi/lib/thumb/v7e-m+dp/hard\libc_nano.a(lib_a-memcpy-stub.o)
                0x000000000800ed18                memcpy
 .text.memset   0x000000000800ed34       0x10 c:/st/stm32cubeide_1.8.0/stm32cubeide/plugins/com.st.stm32cube.ide.mcu.externaltools.gnu-tools-for-stm32.9-2020-q2-update.win32_2.0.0.202105311346/tools/bin/../lib/gcc/arm-none-eabi/9.3.1/../../../../arm-none-eabi/lib/thumb/v7e-m+dp/hard\libc_nano.a(lib_a-memset.o)
                0x000000000800ed34                memset
 .text.srand    0x000000000800ed44       0x5c c:/st/stm32cubeide_1.8.0/stm32cubeide/plugins/com.st.stm32cube.ide.mcu.externaltools.gnu-tools-for-stm32.9-2020-q2-update.win32_2.0.0.202105311346/tools/bin/../lib/gcc/arm-none-eabi/9.3.1/../../../../arm-none-eabi/lib/thumb/v7e-m+dp/hard\libc_nano.a(lib_a-rand.o)
                0x000000000800ed44                srand
 .text.rand     0x000000000800eda0       0x80 c:/st/stm32cubeide_1.8.0/stm32cubeide/plugins/com.st.stm32cube.ide.mcu.externaltools.gnu-tools-for-stm32.9-2020-q2-update.win32_2.0.0.202105311346/tools/bin/../lib/gcc/arm-none-eabi/9.3.1/../../../../arm-none-eabi/lib/thumb/v7e-m+dp/hard\libc_nano.a(lib_a-rand.o)
                0x000000000800eda0                rand
 .text.sprintf  0x000000000800ee20       0x40 c:/st/stm32cubeide_1.8.0/stm32cubeide/plugins/com.st.stm32cube.ide.mcu.externaltools.gnu-tools-for-stm32.9-2020-q2-update.win32_2.0.0.202105311346/tools/bin/../lib/gcc/arm-none-eabi/9.3.1/../../../../arm-none-eabi/lib/thumb/v7e-m+dp/hard\libc_nano.a(lib_a-sprintf.o)
                0x000000000800ee20                siprintf
                0x000000000800ee20                sprintf
 .text.__assert_func
                0x000000000800ee60       0x3c c:/st/stm32cubeide_1.8.0/stm32cubeide/plugins/com.st.stm32cube.ide.mcu.externaltools.gnu-tools-for-stm32.9-2020-q2-update.win32_2.0.0.202105311346/tools/bin/../lib/gcc/arm-none-eabi/9.3.1/../../../../arm-none-eabi/lib/thumb/v7e-m+dp/hard\libc_nano.a(lib_a-assert.o)
                0x000000000800ee60                __assert_func
 .text.fprintf  0x000000000800ee9c       0x24 c:/st/stm32cubeide_1.8.0/stm32cubeide/plugins/com.st.stm32cube.ide.mcu.externaltools.gnu-tools-for-stm32.9-2020-q2-update.win32_2.0.0.202105311346/tools/bin/../lib/gcc/arm-none-eabi/9.3.1/../../../../arm-none-eabi/lib/thumb/v7e-m+dp/hard\libc_nano.a(lib_a-fprintf.o)
                0x000000000800ee9c                fiprintf
                0x000000000800ee9c                fprintf
 .text.malloc   0x000000000800eec0       0x10 c:/st/stm32cubeide_1.8.0/stm32cubeide/plugins/com.st.stm32cube.ide.mcu.externaltools.gnu-tools-for-stm32.9-2020-q2-update.win32_2.0.0.202105311346/tools/bin/../lib/gcc/arm-none-eabi/9.3.1/../../../../arm-none-eabi/lib/thumb/v7e-m+dp/hard\libc_nano.a(lib_a-malloc.o)
                0x000000000800eec0                malloc
 .text._free_r  0x000000000800eed0       0xa0 c:/st/stm32cubeide_1.8.0/stm32cubeide/plugins/com.st.stm32cube.ide.mcu.externaltools.gnu-tools-for-stm32.9-2020-q2-update.win32_2.0.0.202105311346/tools/bin/../lib/gcc/arm-none-eabi/9.3.1/../../../../arm-none-eabi/lib/thumb/v7e-m+dp/hard\libc_nano.a(lib_a-nano-freer.o)
                0x000000000800eed0                _free_r
 .text._malloc_r
                0x000000000800ef70       0xb4 c:/st/stm32cubeide_1.8.0/stm32cubeide/plugins/com.st.stm32cube.ide.mcu.externaltools.gnu-tools-for-stm32.9-2020-q2-update.win32_2.0.0.202105311346/tools/bin/../lib/gcc/arm-none-eabi/9.3.1/../../../../arm-none-eabi/lib/thumb/v7e-m+dp/hard\libc_nano.a(lib_a-nano-mallocr.o)
                0x000000000800ef70                _malloc_r
 .text.__ssputs_r
                0x000000000800f024       0xb6 c:/st/stm32cubeide_1.8.0/stm32cubeide/plugins/com.st.stm32cube.ide.mcu.externaltools.gnu-tools-for-stm32.9-2020-q2-update.win32_2.0.0.202105311346/tools/bin/../lib/gcc/arm-none-eabi/9.3.1/../../../../arm-none-eabi/lib/thumb/v7e-m+dp/hard\libc_nano.a(lib_a-nano-svfprintf.o)
                0x000000000800f024                __ssputs_r
 *fill*         0x000000000800f0da        0x2 
 .text._svfprintf_r
                0x000000000800f0dc      0x200 c:/st/stm32cubeide_1.8.0/stm32cubeide/plugins/com.st.stm32cube.ide.mcu.externaltools.gnu-tools-for-stm32.9-2020-q2-update.win32_2.0.0.202105311346/tools/bin/../lib/gcc/arm-none-eabi/9.3.1/../../../../arm-none-eabi/lib/thumb/v7e-m+dp/hard\libc_nano.a(lib_a-nano-svfprintf.o)
                0x000000000800f0dc                _svfiprintf_r
                0x000000000800f0dc                _svfprintf_r
 .text.__sfputc_r
                0x000000000800f2dc       0x2e c:/st/stm32cubeide_1.8.0/stm32cubeide/plugins/com.st.stm32cube.ide.mcu.externaltools.gnu-tools-for-stm32.9-2020-q2-update.win32_2.0.0.202105311346/tools/bin/../lib/gcc/arm-none-eabi/9.3.1/../../../../arm-none-eabi/lib/thumb/v7e-m+dp/hard\libc_nano.a(lib_a-nano-vfprintf.o)
 .text.__sfputs_r
                0x000000000800f30a       0x24 c:/st/stm32cubeide_1.8.0/stm32cubeide/plugins/com.st.stm32cube.ide.mcu.externaltools.gnu-tools-for-stm32.9-2020-q2-update.win32_2.0.0.202105311346/tools/bin/../lib/gcc/arm-none-eabi/9.3.1/../../../../arm-none-eabi/lib/thumb/v7e-m+dp/hard\libc_nano.a(lib_a-nano-vfprintf.o)
                0x000000000800f30a                __sfputs_r
 *fill*         0x000000000800f32e        0x2 
 .text._vfprintf_r
                0x000000000800f330      0x260 c:/st/stm32cubeide_1.8.0/stm32cubeide/plugins/com.st.stm32cube.ide.mcu.externaltools.gnu-tools-for-stm32.9-2020-q2-update.win32_2.0.0.202105311346/tools/bin/../lib/gcc/arm-none-eabi/9.3.1/../../../../arm-none-eabi/lib/thumb/v7e-m+dp/hard\libc_nano.a(lib_a-nano-vfprintf.o)
                0x000000000800f330                _vfprintf_r
                0x000000000800f330                _vfiprintf_r
 .text._printf_common
                0x000000000800f590       0xda c:/st/stm32cubeide_1.8.0/stm32cubeide/plugins/com.st.stm32cube.ide.mcu.externaltools.gnu-tools-for-stm32.9-2020-q2-update.win32_2.0.0.202105311346/tools/bin/../lib/gcc/arm-none-eabi/9.3.1/../../../../arm-none-eabi/lib/thumb/v7e-m+dp/hard\libc_nano.a(lib_a-nano-vfprintf_i.o)
                0x000000000800f590                _printf_common
 *fill*         0x000000000800f66a        0x2 
 .text._printf_i
                0x000000000800f66c      0x24c c:/st/stm32cubeide_1.8.0/stm32cubeide/plugins/com.st.stm32cube.ide.mcu.externaltools.gnu-tools-for-stm32.9-2020-q2-update.win32_2.0.0.202105311346/tools/bin/../lib/gcc/arm-none-eabi/9.3.1/../../../../arm-none-eabi/lib/thumb/v7e-m+dp/hard\libc_nano.a(lib_a-nano-vfprintf_i.o)
                0x000000000800f66c                _printf_i
 .text._sbrk_r  0x000000000800f8b8       0x20 c:/st/stm32cubeide_1.8.0/stm32cubeide/plugins/com.st.stm32cube.ide.mcu.externaltools.gnu-tools-for-stm32.9-2020-q2-update.win32_2.0.0.202105311346/tools/bin/../lib/gcc/arm-none-eabi/9.3.1/../../../../arm-none-eabi/lib/thumb/v7e-m+dp/hard\libc_nano.a(lib_a-sbrkr.o)
                0x000000000800f8b8                _sbrk_r
 .text.__swbuf_r
                0x000000000800f8d8       0xa4 c:/st/stm32cubeide_1.8.0/stm32cubeide/plugins/com.st.stm32cube.ide.mcu.externaltools.gnu-tools-for-stm32.9-2020-q2-update.win32_2.0.0.202105311346/tools/bin/../lib/gcc/arm-none-eabi/9.3.1/../../../../arm-none-eabi/lib/thumb/v7e-m+dp/hard\libc_nano.a(lib_a-wbuf.o)
                0x000000000800f8d8                __swbuf_r
 .text.__swsetup_r
                0x000000000800f97c       0xdc c:/st/stm32cubeide_1.8.0/stm32cubeide/plugins/com.st.stm32cube.ide.mcu.externaltools.gnu-tools-for-stm32.9-2020-q2-update.win32_2.0.0.202105311346/tools/bin/../lib/gcc/arm-none-eabi/9.3.1/../../../../arm-none-eabi/lib/thumb/v7e-m+dp/hard\libc_nano.a(lib_a-wsetup.o)
                0x000000000800f97c                __swsetup_r
 .text.abort    0x000000000800fa58        0xe c:/st/stm32cubeide_1.8.0/stm32cubeide/plugins/com.st.stm32cube.ide.mcu.externaltools.gnu-tools-for-stm32.9-2020-q2-update.win32_2.0.0.202105311346/tools/bin/../lib/gcc/arm-none-eabi/9.3.1/../../../../arm-none-eabi/lib/thumb/v7e-m+dp/hard\libc_nano.a(lib_a-abort.o)
                0x000000000800fa58                abort
 *fill*         0x000000000800fa66        0x2 
 .text.__sflush_r
                0x000000000800fa68      0x10c c:/st/stm32cubeide_1.8.0/stm32cubeide/plugins/com.st.stm32cube.ide.mcu.externaltools.gnu-tools-for-stm32.9-2020-q2-update.win32_2.0.0.202105311346/tools/bin/../lib/gcc/arm-none-eabi/9.3.1/../../../../arm-none-eabi/lib/thumb/v7e-m+dp/hard\libc_nano.a(lib_a-fflush.o)
                0x000000000800fa68                __sflush_r
 .text._fflush_r
                0x000000000800fb74       0x78 c:/st/stm32cubeide_1.8.0/stm32cubeide/plugins/com.st.stm32cube.ide.mcu.externaltools.gnu-tools-for-stm32.9-2020-q2-update.win32_2.0.0.202105311346/tools/bin/../lib/gcc/arm-none-eabi/9.3.1/../../../../arm-none-eabi/lib/thumb/v7e-m+dp/hard\libc_nano.a(lib_a-fflush.o)
                0x000000000800fb74                _fflush_r
 .text.std      0x000000000800fbec       0x48 c:/st/stm32cubeide_1.8.0/stm32cubeide/plugins/com.st.stm32cube.ide.mcu.externaltools.gnu-tools-for-stm32.9-2020-q2-update.win32_2.0.0.202105311346/tools/bin/../lib/gcc/arm-none-eabi/9.3.1/../../../../arm-none-eabi/lib/thumb/v7e-m+dp/hard\libc_nano.a(lib_a-findfp.o)
 .text._cleanup_r
                0x000000000800fc34        0xc c:/st/stm32cubeide_1.8.0/stm32cubeide/plugins/com.st.stm32cube.ide.mcu.externaltools.gnu-tools-for-stm32.9-2020-q2-update.win32_2.0.0.202105311346/tools/bin/../lib/gcc/arm-none-eabi/9.3.1/../../../../arm-none-eabi/lib/thumb/v7e-m+dp/hard\libc_nano.a(lib_a-findfp.o)
                0x000000000800fc34                _cleanup_r
 .text.__sfmoreglue
                0x000000000800fc40       0x2c c:/st/stm32cubeide_1.8.0/stm32cubeide/plugins/com.st.stm32cube.ide.mcu.externaltools.gnu-tools-for-stm32.9-2020-q2-update.win32_2.0.0.202105311346/tools/bin/../lib/gcc/arm-none-eabi/9.3.1/../../../../arm-none-eabi/lib/thumb/v7e-m+dp/hard\libc_nano.a(lib_a-findfp.o)
                0x000000000800fc40                __sfmoreglue
 .text.__sfp_lock_acquire
                0x000000000800fc6c        0xc c:/st/stm32cubeide_1.8.0/stm32cubeide/plugins/com.st.stm32cube.ide.mcu.externaltools.gnu-tools-for-stm32.9-2020-q2-update.win32_2.0.0.202105311346/tools/bin/../lib/gcc/arm-none-eabi/9.3.1/../../../../arm-none-eabi/lib/thumb/v7e-m+dp/hard\libc_nano.a(lib_a-findfp.o)
                0x000000000800fc6c                __sfp_lock_acquire
 .text.__sfp_lock_release
                0x000000000800fc78        0xc c:/st/stm32cubeide_1.8.0/stm32cubeide/plugins/com.st.stm32cube.ide.mcu.externaltools.gnu-tools-for-stm32.9-2020-q2-update.win32_2.0.0.202105311346/tools/bin/../lib/gcc/arm-none-eabi/9.3.1/../../../../arm-none-eabi/lib/thumb/v7e-m+dp/hard\libc_nano.a(lib_a-findfp.o)
                0x000000000800fc78                __sfp_lock_release
 .text.__sinit_lock_acquire
                0x000000000800fc84        0xc c:/st/stm32cubeide_1.8.0/stm32cubeide/plugins/com.st.stm32cube.ide.mcu.externaltools.gnu-tools-for-stm32.9-2020-q2-update.win32_2.0.0.202105311346/tools/bin/../lib/gcc/arm-none-eabi/9.3.1/../../../../arm-none-eabi/lib/thumb/v7e-m+dp/hard\libc_nano.a(lib_a-findfp.o)
                0x000000000800fc84                __sinit_lock_acquire
 .text.__sinit_lock_release
                0x000000000800fc90        0xc c:/st/stm32cubeide_1.8.0/stm32cubeide/plugins/com.st.stm32cube.ide.mcu.externaltools.gnu-tools-for-stm32.9-2020-q2-update.win32_2.0.0.202105311346/tools/bin/../lib/gcc/arm-none-eabi/9.3.1/../../../../arm-none-eabi/lib/thumb/v7e-m+dp/hard\libc_nano.a(lib_a-findfp.o)
                0x000000000800fc90                __sinit_lock_release
 .text.__sinit  0x000000000800fc9c       0x70 c:/st/stm32cubeide_1.8.0/stm32cubeide/plugins/com.st.stm32cube.ide.mcu.externaltools.gnu-tools-for-stm32.9-2020-q2-update.win32_2.0.0.202105311346/tools/bin/../lib/gcc/arm-none-eabi/9.3.1/../../../../arm-none-eabi/lib/thumb/v7e-m+dp/hard\libc_nano.a(lib_a-findfp.o)
                0x000000000800fc9c                __sinit
 .text.__sfp    0x000000000800fd0c       0x8c c:/st/stm32cubeide_1.8.0/stm32cubeide/plugins/com.st.stm32cube.ide.mcu.externaltools.gnu-tools-for-stm32.9-2020-q2-update.win32_2.0.0.202105311346/tools/bin/../lib/gcc/arm-none-eabi/9.3.1/../../../../arm-none-eabi/lib/thumb/v7e-m+dp/hard\libc_nano.a(lib_a-findfp.o)
                0x000000000800fd0c                __sfp
 .text._fwalk_reent
                0x000000000800fd98       0x3e c:/st/stm32cubeide_1.8.0/stm32cubeide/plugins/com.st.stm32cube.ide.mcu.externaltools.gnu-tools-for-stm32.9-2020-q2-update.win32_2.0.0.202105311346/tools/bin/../lib/gcc/arm-none-eabi/9.3.1/../../../../arm-none-eabi/lib/thumb/v7e-m+dp/hard\libc_nano.a(lib_a-fwalk.o)
                0x000000000800fd98                _fwalk_reent
 .text.__retarget_lock_init_recursive
                0x000000000800fdd6        0x2 c:/st/stm32cubeide_1.8.0/stm32cubeide/plugins/com.st.stm32cube.ide.mcu.externaltools.gnu-tools-for-stm32.9-2020-q2-update.win32_2.0.0.202105311346/tools/bin/../lib/gcc/arm-none-eabi/9.3.1/../../../../arm-none-eabi/lib/thumb/v7e-m+dp/hard\libc_nano.a(lib_a-lock.o)
                0x000000000800fdd6                __retarget_lock_init_recursive
 .text.__retarget_lock_acquire_recursive
                0x000000000800fdd8        0x2 c:/st/stm32cubeide_1.8.0/stm32cubeide/plugins/com.st.stm32cube.ide.mcu.externaltools.gnu-tools-for-stm32.9-2020-q2-update.win32_2.0.0.202105311346/tools/bin/../lib/gcc/arm-none-eabi/9.3.1/../../../../arm-none-eabi/lib/thumb/v7e-m+dp/hard\libc_nano.a(lib_a-lock.o)
                0x000000000800fdd8                __retarget_lock_acquire_recursive
 .text.__retarget_lock_release_recursive
                0x000000000800fdda        0x2 c:/st/stm32cubeide_1.8.0/stm32cubeide/plugins/com.st.stm32cube.ide.mcu.externaltools.gnu-tools-for-stm32.9-2020-q2-update.win32_2.0.0.202105311346/tools/bin/../lib/gcc/arm-none-eabi/9.3.1/../../../../arm-none-eabi/lib/thumb/v7e-m+dp/hard\libc_nano.a(lib_a-lock.o)
                0x000000000800fdda                __retarget_lock_release_recursive
 .text.__swhatbuf_r
                0x000000000800fddc       0x48 c:/st/stm32cubeide_1.8.0/stm32cubeide/plugins/com.st.stm32cube.ide.mcu.externaltools.gnu-tools-for-stm32.9-2020-q2-update.win32_2.0.0.202105311346/tools/bin/../lib/gcc/arm-none-eabi/9.3.1/../../../../arm-none-eabi/lib/thumb/v7e-m+dp/hard\libc_nano.a(lib_a-makebuf.o)
                0x000000000800fddc                __swhatbuf_r
 .text.__smakebuf_r
                0x000000000800fe24       0x80 c:/st/stm32cubeide_1.8.0/stm32cubeide/plugins/com.st.stm32cube.ide.mcu.externaltools.gnu-tools-for-stm32.9-2020-q2-update.win32_2.0.0.202105311346/tools/bin/../lib/gcc/arm-none-eabi/9.3.1/../../../../arm-none-eabi/lib/thumb/v7e-m+dp/hard\libc_nano.a(lib_a-makebuf.o)
                0x000000000800fe24                __smakebuf_r
 .text.memmove  0x000000000800fea4       0x34 c:/st/stm32cubeide_1.8.0/stm32cubeide/plugins/com.st.stm32cube.ide.mcu.externaltools.gnu-tools-for-stm32.9-2020-q2-update.win32_2.0.0.202105311346/tools/bin/../lib/gcc/arm-none-eabi/9.3.1/../../../../arm-none-eabi/lib/thumb/v7e-m+dp/hard\libc_nano.a(lib_a-memmove.o)
                0x000000000800fea4                memmove
 .text.__malloc_lock
                0x000000000800fed8        0xc c:/st/stm32cubeide_1.8.0/stm32cubeide/plugins/com.st.stm32cube.ide.mcu.externaltools.gnu-tools-for-stm32.9-2020-q2-update.win32_2.0.0.202105311346/tools/bin/../lib/gcc/arm-none-eabi/9.3.1/../../../../arm-none-eabi/lib/thumb/v7e-m+dp/hard\libc_nano.a(lib_a-mlock.o)
                0x000000000800fed8                __malloc_lock
 .text.__malloc_unlock
                0x000000000800fee4        0xc c:/st/stm32cubeide_1.8.0/stm32cubeide/plugins/com.st.stm32cube.ide.mcu.externaltools.gnu-tools-for-stm32.9-2020-q2-update.win32_2.0.0.202105311346/tools/bin/../lib/gcc/arm-none-eabi/9.3.1/../../../../arm-none-eabi/lib/thumb/v7e-m+dp/hard\libc_nano.a(lib_a-mlock.o)
                0x000000000800fee4                __malloc_unlock
 .text._realloc_r
                0x000000000800fef0       0x4c c:/st/stm32cubeide_1.8.0/stm32cubeide/plugins/com.st.stm32cube.ide.mcu.externaltools.gnu-tools-for-stm32.9-2020-q2-update.win32_2.0.0.202105311346/tools/bin/../lib/gcc/arm-none-eabi/9.3.1/../../../../arm-none-eabi/lib/thumb/v7e-m+dp/hard\libc_nano.a(lib_a-nano-reallocr.o)
                0x000000000800fef0                _realloc_r
 .text._raise_r
                0x000000000800ff3c       0x50 c:/st/stm32cubeide_1.8.0/stm32cubeide/plugins/com.st.stm32cube.ide.mcu.externaltools.gnu-tools-for-stm32.9-2020-q2-update.win32_2.0.0.202105311346/tools/bin/../lib/gcc/arm-none-eabi/9.3.1/../../../../arm-none-eabi/lib/thumb/v7e-m+dp/hard\libc_nano.a(lib_a-signal.o)
                0x000000000800ff3c                _raise_r
 .text.raise    0x000000000800ff8c       0x10 c:/st/stm32cubeide_1.8.0/stm32cubeide/plugins/com.st.stm32cube.ide.mcu.externaltools.gnu-tools-for-stm32.9-2020-q2-update.win32_2.0.0.202105311346/tools/bin/../lib/gcc/arm-none-eabi/9.3.1/../../../../arm-none-eabi/lib/thumb/v7e-m+dp/hard\libc_nano.a(lib_a-signal.o)
                0x000000000800ff8c                raise
 .text._kill_r  0x000000000800ff9c       0x24 c:/st/stm32cubeide_1.8.0/stm32cubeide/plugins/com.st.stm32cube.ide.mcu.externaltools.gnu-tools-for-stm32.9-2020-q2-update.win32_2.0.0.202105311346/tools/bin/../lib/gcc/arm-none-eabi/9.3.1/../../../../arm-none-eabi/lib/thumb/v7e-m+dp/hard\libc_nano.a(lib_a-signalr.o)
                0x000000000800ff9c                _kill_r
 .text._getpid_r
                0x000000000800ffc0        0x4 c:/st/stm32cubeide_1.8.0/stm32cubeide/plugins/com.st.stm32cube.ide.mcu.externaltools.gnu-tools-for-stm32.9-2020-q2-update.win32_2.0.0.202105311346/tools/bin/../lib/gcc/arm-none-eabi/9.3.1/../../../../arm-none-eabi/lib/thumb/v7e-m+dp/hard\libc_nano.a(lib_a-signalr.o)
                0x000000000800ffc0                _getpid_r
 .text.__sread  0x000000000800ffc4       0x22 c:/st/stm32cubeide_1.8.0/stm32cubeide/plugins/com.st.stm32cube.ide.mcu.externaltools.gnu-tools-for-stm32.9-2020-q2-update.win32_2.0.0.202105311346/tools/bin/../lib/gcc/arm-none-eabi/9.3.1/../../../../arm-none-eabi/lib/thumb/v7e-m+dp/hard\libc_nano.a(lib_a-stdio.o)
                0x000000000800ffc4                __sread
 .text.__swrite
                0x000000000800ffe6       0x38 c:/st/stm32cubeide_1.8.0/stm32cubeide/plugins/com.st.stm32cube.ide.mcu.externaltools.gnu-tools-for-stm32.9-2020-q2-update.win32_2.0.0.202105311346/tools/bin/../lib/gcc/arm-none-eabi/9.3.1/../../../../arm-none-eabi/lib/thumb/v7e-m+dp/hard\libc_nano.a(lib_a-stdio.o)
                0x000000000800ffe6                __swrite
 .text.__sseek  0x000000000801001e       0x24 c:/st/stm32cubeide_1.8.0/stm32cubeide/plugins/com.st.stm32cube.ide.mcu.externaltools.gnu-tools-for-stm32.9-2020-q2-update.win32_2.0.0.202105311346/tools/bin/../lib/gcc/arm-none-eabi/9.3.1/../../../../arm-none-eabi/lib/thumb/v7e-m+dp/hard\libc_nano.a(lib_a-stdio.o)
                0x000000000801001e                __sseek
 .text.__sclose
                0x0000000008010042        0x8 c:/st/stm32cubeide_1.8.0/stm32cubeide/plugins/com.st.stm32cube.ide.mcu.externaltools.gnu-tools-for-stm32.9-2020-q2-update.win32_2.0.0.202105311346/tools/bin/../lib/gcc/arm-none-eabi/9.3.1/../../../../arm-none-eabi/lib/thumb/v7e-m+dp/hard\libc_nano.a(lib_a-stdio.o)
                0x0000000008010042                __sclose
 *fill*         0x000000000801004a        0x2 
 .text._write_r
                0x000000000801004c       0x24 c:/st/stm32cubeide_1.8.0/stm32cubeide/plugins/com.st.stm32cube.ide.mcu.externaltools.gnu-tools-for-stm32.9-2020-q2-update.win32_2.0.0.202105311346/tools/bin/../lib/gcc/arm-none-eabi/9.3.1/../../../../arm-none-eabi/lib/thumb/v7e-m+dp/hard\libc_nano.a(lib_a-writer.o)
                0x000000000801004c                _write_r
 .text._close_r
                0x0000000008010070       0x20 c:/st/stm32cubeide_1.8.0/stm32cubeide/plugins/com.st.stm32cube.ide.mcu.externaltools.gnu-tools-for-stm32.9-2020-q2-update.win32_2.0.0.202105311346/tools/bin/../lib/gcc/arm-none-eabi/9.3.1/../../../../arm-none-eabi/lib/thumb/v7e-m+dp/hard\libc_nano.a(lib_a-closer.o)
                0x0000000008010070                _close_r
 .text._fstat_r
                0x0000000008010090       0x24 c:/st/stm32cubeide_1.8.0/stm32cubeide/plugins/com.st.stm32cube.ide.mcu.externaltools.gnu-tools-for-stm32.9-2020-q2-update.win32_2.0.0.202105311346/tools/bin/../lib/gcc/arm-none-eabi/9.3.1/../../../../arm-none-eabi/lib/thumb/v7e-m+dp/hard\libc_nano.a(lib_a-fstatr.o)
                0x0000000008010090                _fstat_r
 .text._isatty_r
                0x00000000080100b4       0x20 c:/st/stm32cubeide_1.8.0/stm32cubeide/plugins/com.st.stm32cube.ide.mcu.externaltools.gnu-tools-for-stm32.9-2020-q2-update.win32_2.0.0.202105311346/tools/bin/../lib/gcc/arm-none-eabi/9.3.1/../../../../arm-none-eabi/lib/thumb/v7e-m+dp/hard\libc_nano.a(lib_a-isattyr.o)
                0x00000000080100b4                _isatty_r
 .text._lseek_r
                0x00000000080100d4       0x24 c:/st/stm32cubeide_1.8.0/stm32cubeide/plugins/com.st.stm32cube.ide.mcu.externaltools.gnu-tools-for-stm32.9-2020-q2-update.win32_2.0.0.202105311346/tools/bin/../lib/gcc/arm-none-eabi/9.3.1/../../../../arm-none-eabi/lib/thumb/v7e-m+dp/hard\libc_nano.a(lib_a-lseekr.o)
                0x00000000080100d4                _lseek_r
 .text._malloc_usable_size_r
                0x00000000080100f8       0x10 c:/st/stm32cubeide_1.8.0/stm32cubeide/plugins/com.st.stm32cube.ide.mcu.externaltools.gnu-tools-for-stm32.9-2020-q2-update.win32_2.0.0.202105311346/tools/bin/../lib/gcc/arm-none-eabi/9.3.1/../../../../arm-none-eabi/lib/thumb/v7e-m+dp/hard\libc_nano.a(lib_a-nano-msizer.o)
                0x00000000080100f8                _malloc_usable_size_r
 .text._read_r  0x0000000008010108       0x24 c:/st/stm32cubeide_1.8.0/stm32cubeide/plugins/com.st.stm32cube.ide.mcu.externaltools.gnu-tools-for-stm32.9-2020-q2-update.win32_2.0.0.202105311346/tools/bin/../lib/gcc/arm-none-eabi/9.3.1/../../../../arm-none-eabi/lib/thumb/v7e-m+dp/hard\libc_nano.a(lib_a-readr.o)
                0x0000000008010108                _read_r
 *(.glue_7)
 .glue_7        0x000000000801012c        0x0 linker stubs
 *(.glue_7t)
 .glue_7t       0x000000000801012c        0x0 linker stubs
 *(.eh_frame)
 .eh_frame      0x000000000801012c        0x0 c:/st/stm32cubeide_1.8.0/stm32cubeide/plugins/com.st.stm32cube.ide.mcu.externaltools.gnu-tools-for-stm32.9-2020-q2-update.win32_2.0.0.202105311346/tools/bin/../lib/gcc/arm-none-eabi/9.3.1/thumb/v7e-m+dp/hard/crtbegin.o
 *(.init)
 .init          0x000000000801012c        0x4 c:/st/stm32cubeide_1.8.0/stm32cubeide/plugins/com.st.stm32cube.ide.mcu.externaltools.gnu-tools-for-stm32.9-2020-q2-update.win32_2.0.0.202105311346/tools/bin/../lib/gcc/arm-none-eabi/9.3.1/thumb/v7e-m+dp/hard/crti.o
                0x000000000801012c                _init
 .init          0x0000000008010130        0x8 c:/st/stm32cubeide_1.8.0/stm32cubeide/plugins/com.st.stm32cube.ide.mcu.externaltools.gnu-tools-for-stm32.9-2020-q2-update.win32_2.0.0.202105311346/tools/bin/../lib/gcc/arm-none-eabi/9.3.1/thumb/v7e-m+dp/hard/crtn.o
 *(.fini)
 .fini          0x0000000008010138        0x4 c:/st/stm32cubeide_1.8.0/stm32cubeide/plugins/com.st.stm32cube.ide.mcu.externaltools.gnu-tools-for-stm32.9-2020-q2-update.win32_2.0.0.202105311346/tools/bin/../lib/gcc/arm-none-eabi/9.3.1/thumb/v7e-m+dp/hard/crti.o
                0x0000000008010138                _fini
 .fini          0x000000000801013c        0x8 c:/st/stm32cubeide_1.8.0/stm32cubeide/plugins/com.st.stm32cube.ide.mcu.externaltools.gnu-tools-for-stm32.9-2020-q2-update.win32_2.0.0.202105311346/tools/bin/../lib/gcc/arm-none-eabi/9.3.1/thumb/v7e-m+dp/hard/crtn.o
                0x0000000008010144                . = ALIGN (0x4)
                0x0000000008010144                _etext = .

.vfp11_veneer   0x0000000008010144        0x0
 .vfp11_veneer  0x0000000008010144        0x0 linker stubs

.v4_bx          0x0000000008010144        0x0
 .v4_bx         0x0000000008010144        0x0 linker stubs

.iplt           0x0000000008010144        0x0
 .iplt          0x0000000008010144        0x0 c:/st/stm32cubeide_1.8.0/stm32cubeide/plugins/com.st.stm32cube.ide.mcu.externaltools.gnu-tools-for-stm32.9-2020-q2-update.win32_2.0.0.202105311346/tools/bin/../lib/gcc/arm-none-eabi/9.3.1/thumb/v7e-m+dp/hard/crtbegin.o

.rodata         0x0000000008010144     0x11ec
                0x0000000008010144                . = ALIGN (0x4)
 *(.rodata)
 .rodata        0x0000000008010144        0xa ./Core/Src/game.o
 *fill*         0x000000000801014e        0x2 
 .rodata        0x0000000008010150       0x27 ./Core/Src/lcd.o
 *(.rodata*)
 *fill*         0x0000000008010177        0x1 
 .rodata.Font12_Table
                0x0000000008010178      0x474 ./Core/Src/font12.o
                0x0000000008010178                Font12_Table
 .rodata.Font16_Table
                0x00000000080105ec      0xbe0 ./Core/Src/font16.o
                0x00000000080105ec                Font16_Table
 .rodata.D1CorePrescTable
                0x00000000080111cc       0x10 ./Core/Src/system_stm32h7xx.o
                0x00000000080111cc                D1CorePrescTable
 .rodata.flagBitshiftOffset.12297
                0x00000000080111dc        0x8 ./Drivers/STM32H7xx_HAL_Driver/Src/stm32h7xx_hal_dma.o
 .rodata._global_impure_ptr
                0x00000000080111e4        0x4 c:/st/stm32cubeide_1.8.0/stm32cubeide/plugins/com.st.stm32cube.ide.mcu.externaltools.gnu-tools-for-stm32.9-2020-q2-update.win32_2.0.0.202105311346/tools/bin/../lib/gcc/arm-none-eabi/9.3.1/../../../../arm-none-eabi/lib/thumb/v7e-m+dp/hard\libc_nano.a(lib_a-impure.o)
                0x00000000080111e4                _global_impure_ptr
 .rodata.srand.str1.1
                0x00000000080111e8       0x76 c:/st/stm32cubeide_1.8.0/stm32cubeide/plugins/com.st.stm32cube.ide.mcu.externaltools.gnu-tools-for-stm32.9-2020-q2-update.win32_2.0.0.202105311346/tools/bin/../lib/gcc/arm-none-eabi/9.3.1/../../../../arm-none-eabi/lib/thumb/v7e-m+dp/hard\libc_nano.a(lib_a-rand.o)
 .rodata.__assert_func.str1.1
                0x000000000801125e       0x3c c:/st/stm32cubeide_1.8.0/stm32cubeide/plugins/com.st.stm32cube.ide.mcu.externaltools.gnu-tools-for-stm32.9-2020-q2-update.win32_2.0.0.202105311346/tools/bin/../lib/gcc/arm-none-eabi/9.3.1/../../../../arm-none-eabi/lib/thumb/v7e-m+dp/hard\libc_nano.a(lib_a-assert.o)
                                         0x3d (size before relaxing)
 .rodata._svfprintf_r.str1.1
                0x000000000801129a       0x11 c:/st/stm32cubeide_1.8.0/stm32cubeide/plugins/com.st.stm32cube.ide.mcu.externaltools.gnu-tools-for-stm32.9-2020-q2-update.win32_2.0.0.202105311346/tools/bin/../lib/gcc/arm-none-eabi/9.3.1/../../../../arm-none-eabi/lib/thumb/v7e-m+dp/hard\libc_nano.a(lib_a-nano-svfprintf.o)
 .rodata._vfprintf_r.str1.1
                0x00000000080112ab       0x11 c:/st/stm32cubeide_1.8.0/stm32cubeide/plugins/com.st.stm32cube.ide.mcu.externaltools.gnu-tools-for-stm32.9-2020-q2-update.win32_2.0.0.202105311346/tools/bin/../lib/gcc/arm-none-eabi/9.3.1/../../../../arm-none-eabi/lib/thumb/v7e-m+dp/hard\libc_nano.a(lib_a-nano-vfprintf.o)
 .rodata._printf_i.str1.1
                0x00000000080112ab       0x22 c:/st/stm32cubeide_1.8.0/stm32cubeide/plugins/com.st.stm32cube.ide.mcu.externaltools.gnu-tools-for-stm32.9-2020-q2-update.win32_2.0.0.202105311346/tools/bin/../lib/gcc/arm-none-eabi/9.3.1/../../../../arm-none-eabi/lib/thumb/v7e-m+dp/hard\libc_nano.a(lib_a-nano-vfprintf_i.o)
 *fill*         0x00000000080112cd        0x3 
 .rodata.__sf_fake_stderr
                0x00000000080112d0       0x20 c:/st/stm32cubeide_1.8.0/stm32cubeide/plugins/com.st.stm32cube.ide.mcu.externaltools.gnu-tools-for-stm32.9-2020-q2-update.win32_2.0.0.202105311346/tools/bin/../lib/gcc/arm-none-eabi/9.3.1/../../../../arm-none-eabi/lib/thumb/v7e-m+dp/hard\libc_nano.a(lib_a-findfp.o)
                0x00000000080112d0                __sf_fake_stderr
 .rodata.__sf_fake_stdin
                0x00000000080112f0       0x20 c:/st/stm32cubeide_1.8.0/stm32cubeide/plugins/com.st.stm32cube.ide.mcu.externaltools.gnu-tools-for-stm32.9-2020-q2-update.win32_2.0.0.202105311346/tools/bin/../lib/gcc/arm-none-eabi/9.3.1/../../../../arm-none-eabi/lib/thumb/v7e-m+dp/hard\libc_nano.a(lib_a-findfp.o)
                0x00000000080112f0                __sf_fake_stdin
 .rodata.__sf_fake_stdout
                0x0000000008011310       0x20 c:/st/stm32cubeide_1.8.0/stm32cubeide/plugins/com.st.stm32cube.ide.mcu.externaltools.gnu-tools-for-stm32.9-2020-q2-update.win32_2.0.0.202105311346/tools/bin/../lib/gcc/arm-none-eabi/9.3.1/../../../../arm-none-eabi/lib/thumb/v7e-m+dp/hard\libc_nano.a(lib_a-findfp.o)
                0x0000000008011310                __sf_fake_stdout
                0x0000000008011330                . = ALIGN (0x4)

.rel.dyn        0x0000000008011330        0x0
 .rel.iplt      0x0000000008011330        0x0 c:/st/stm32cubeide_1.8.0/stm32cubeide/plugins/com.st.stm32cube.ide.mcu.externaltools.gnu-tools-for-stm32.9-2020-q2-update.win32_2.0.0.202105311346/tools/bin/../lib/gcc/arm-none-eabi/9.3.1/thumb/v7e-m+dp/hard/crtbegin.o

.ARM.extab
 *(.ARM.extab* .gnu.linkonce.armextab.*)

.ARM            0x0000000008011330        0x0
                0x0000000008011330                __exidx_start = .
 *(.ARM.exidx*)
                0x0000000008011330                __exidx_end = .

.preinit_array  0x0000000008011330        0x0
                0x0000000008011330                PROVIDE (__preinit_array_start = .)
 *(.preinit_array*)
                0x0000000008011330                PROVIDE (__preinit_array_end = .)

.init_array     0x0000000008011330        0x4
                0x0000000008011330                PROVIDE (__init_array_start = .)
 *(SORT_BY_NAME(.init_array.*))
 *(.init_array*)
 .init_array    0x0000000008011330        0x4 c:/st/stm32cubeide_1.8.0/stm32cubeide/plugins/com.st.stm32cube.ide.mcu.externaltools.gnu-tools-for-stm32.9-2020-q2-update.win32_2.0.0.202105311346/tools/bin/../lib/gcc/arm-none-eabi/9.3.1/thumb/v7e-m+dp/hard/crtbegin.o
                0x0000000008011334                PROVIDE (__init_array_end = .)

.fini_array     0x0000000008011334        0x4
                [!provide]                        PROVIDE (__fini_array_start = .)
 *(SORT_BY_NAME(.fini_array.*))
 *(.fini_array*)
 .fini_array    0x0000000008011334        0x4 c:/st/stm32cubeide_1.8.0/stm32cubeide/plugins/com.st.stm32cube.ide.mcu.externaltools.gnu-tools-for-stm32.9-2020-q2-update.win32_2.0.0.202105311346/tools/bin/../lib/gcc/arm-none-eabi/9.3.1/thumb/v7e-m+dp/hard/crtbegin.o
                [!provide]                        PROVIDE (__fini_array_end = .)
                0x0000000008011338                _sidata = LOADADDR (.data)

.data           0x0000000020000000       0xa4 load address 0x0000000008011338