Archive member included to satisfy reference by file (symbol)

c:/st/stm32cubeide_1.8.0/stm32cubeide/plugins/com.st.stm32cube.ide.mcu.externaltools.gnu-tools-for-stm32.9-2020-q2-update.win32_2.0.0.202105311346/tools/bin/../lib/gcc/arm-none-eabi/9.3.1/../../../../arm-none-eabi/lib/thumb/v7e-m+dp/hard\libc_nano.a(lib_a-errno.o)
                              ./Core/Src/syscalls.o (__errno)
c:/st/stm32cubeide_1.8.0/stm32cubeide/plugins/com.st.stm32cube.ide.mcu.externaltools.gnu-tools-for-stm32.9-2020-q2-update.win32_2.0.0.202105311346/tools/bin/../lib/gcc/arm-none-eabi/9.3.1/../../../../arm-none-eabi/lib/thumb/v7e-m+dp/hard\libc_nano.a(lib_a-exit.o)
                              c:/st/stm32cubeide_1.8.0/stm32cubeide/plugins/com.st.stm32cube.ide.mcu.externaltools.gnu-tools-for-stm32.9-2020-q2-update.win32_2.0.0.202105311346/tools/bin/../lib/gcc/arm-none-eabi/9.3.1/../../../../arm-none-eabi/lib/thumb/v7e-m+dp/hard/crt0.o (exit)
c:/st/stm32cubeide_1.8.0/stm32cubeide/plugins/com.st.stm32cube.ide.mcu.externaltools.gnu-tools-for-stm32.9-2020-q2-update.win32_2.0.0.202105311346/tools/bin/../lib/gcc/arm-none-eabi/9.3.1/../../../../arm-none-eabi/lib/thumb/v7e-m+dp/hard\libc_nano.a(lib_a-impure.o)
                              c:/st/stm32cubeide_1.8.0/stm32cubeide/plugins/com.st.stm32cube.ide.mcu.externaltools.gnu-tools-for-stm32.9-2020-q2-update.win32_2.0.0.202105311346/tools/bin/../lib/gcc/arm-none-eabi/9.3.1/../../../../arm-none-eabi/lib/thumb/v7e-m+dp/hard\libc_nano.a(lib_a-exit.o) (_global_impure_ptr)
c:/st/stm32cubeide_1.8.0/stm32cubeide/plugins/com.st.stm32cube.ide.mcu.externaltools.gnu-tools-for-stm32.9-2020-q2-update.win32_2.0.0.202105311346/tools/bin/../lib/gcc/arm-none-eabi/9.3.1/../../../../arm-none-eabi/lib/thumb/v7e-m+dp/hard\libc_nano.a(lib_a-init.o)
                              c:/st/stm32cubeide_1.8.0/stm32cubeide/plugins/com.st.stm32cube.ide.mcu.externaltools.gnu-tools-for-stm32.9-2020-q2-update.win32_2.0.0.202105311346/tools/bin/../lib/gcc/arm-none-eabi/9.3.1/../../../../arm-none-eabi/lib/thumb/v7e-m+dp/hard/crt0.o (__libc_init_array)
c:/st/stm32cubeide_1.8.0/stm32cubeide/plugins/com.st.stm32cube.ide.mcu.externaltools.gnu-tools-for-stm32.9-2020-q2-update.win32_2.0.0.202105311346/tools/bin/../lib/gcc/arm-none-eabi/9.3.1/../../../../arm-none-eabi/lib/thumb/v7e-m+dp/hard\libc_nano.a(lib_a-memcpy-stub.o)
                              ./Core/Src/lcd.o (memcpy)
c:/st/stm32cubeide_1.8.0/stm32cubeide/plugins/com.st.stm32cube.ide.mcu.externaltools.gnu-tools-for-stm32.9-2020-q2-update.win32_2.0.0.202105311346/tools/bin/../lib/gcc/arm-none-eabi/9.3.1/../../../../arm-none-eabi/lib/thumb/v7e-m+dp/hard\libc_nano.a(lib_a-memset.o)
                              c:/st/stm32cubeide_1.8.0/stm32cubeide/plugins/com.st.stm32cube.ide.mcu.externaltools.gnu-tools-for-stm32.9-2020-q2-update.win32_2.0.0.202105311346/tools/bin/../lib/gcc/arm-none-eabi/9.3.1/../../../../arm-none-eabi/lib/thumb/v7e-m+dp/hard/crt0.o (memset)
c:/st/stm32cubeide_1.8.0/stm32cubeide/plugins/com.st.stm32cube.ide.mcu.externaltools.gnu-tools-for-stm32.9-2020-q2-update.win32_2.0.0.202105311346/tools/bin/../lib/gcc/arm-none-eabi/9.3.1/../../../../arm-none-eabi/lib/thumb/v7e-m+dp/hard\libc_nano.a(lib_a-rand.o)
                              ./Core/Src/game.o (srand)
c:/st/stm32cubeide_1.8.0/stm32cubeide/plugins/com.st.stm32cube.ide.mcu.externaltools.gnu-tools-for-stm32.9-2020-q2-update.win32_2.0.0.202105311346/tools/bin/../lib/gcc/arm-none-eabi/9.3.1/../../../../arm-none-eabi/lib/thumb/v7e-m+dp/hard\libc_nano.a(lib_a-sprintf.o)
                              ./Core/Src/game.o (sprintf)
c:/st/stm32cubeide_1.8.0/stm32cubeide/plugins/com.st.stm32cube.ide.mcu.externaltools.gnu-tools-for-stm32.9-2020-q2-update.win32_2.0.0.202105311346/tools/bin/../lib/gcc/arm-none-eabi/9.3.1/../../../../arm-none-eabi/lib/thumb/v7e-m+dp/hard\libc_nano.a(lib_a-assert.o)
                              c:/st/stm32cubeide_1.8.0/stm32cubeide/plugins/com.st.stm32cube.ide.mcu.externaltools.gnu-tools-for-stm32.9-2020-q2-update.win32_2.0.0.202105311346/tools/bin/../lib/gcc/arm-none-eabi/9.3.1/../../../../arm-none-eabi/lib/thumb/v7e-m+dp/hard\libc_nano.a(lib_a-rand.o) (__assert_func)
c:/st/stm32cubeide_1.8.0/stm32cubeide/plugins/com.st.stm32cube.ide.mcu.externaltools.gnu-tools-for-stm32.9-2020-q2-update.win32_2.0.0.202105311346/tools/bin/../lib/gcc/arm-none-eabi/9.3.1/../../../../arm-none-eabi/lib/thumb/v7e-m+dp/hard\libc_nano.a(lib_a-fprintf.o)
                              c:/st/stm32cubeide_1.8.0/stm32cubeide/plugins/com.st.stm32cube.ide.mcu.externaltools.gnu-tools-for-stm32.9-2020-q2-update.win32_2.0.0.202105311346/tools/bin/../lib/gcc/arm-none-eabi/9.3.1/../../../../arm-none-eabi/lib/thumb/v7e-m+dp/hard\libc_nano.a(lib_a-assert.o) (fiprintf)
[...]
Memory Configuration

Name             Origin             Length             Attributes
NULLPTR          0x0000000000000000 0x0000000000000100 xrw
ITCMRAM          0x0000000000000100 0x000000000000ff00 xrw
DTCMRAM          0x0000000020000000 0x0000000000020000 xrw
RAM_UC           0x0000000024000000 0x0000000000050000 xrw
RAM              0x0000000024050000 0x00000000000b0000 xrw
AHBRAM           0x0000000030000000 0x0000000000020000 xrw
FLASH            0x0000000008000000 0x0000000000020000 xr
EXTFLASH         0x0000000090000000 0x00000000000fe000 xr
SAVEFLASH        0x00000000900fe000 0x0000000000001000 xr
CONFIGFLASH      0x00000000900ff000 0x0000000000001000 xr
*default*        0x0000000000000000 0xffffffffffffffff

Linker script and memory map

LOAD c:/st/stm32cubeide_1.8.0/stm32cubeide/plugins/com.st.stm32cube.ide.mcu.externaltools.gnu-tools-for-stm32.9-2020-q2-update.win32_2.0.0.202105311346/tools/bin/../lib/gcc/arm-none-eabi/9.3.1/thumb/v7e-m+dp/hard/crti.o
LOAD c:/st/stm32cubeide_1.8.0/stm32cubeide/plugins/com.st.stm32cube.ide.mcu.externaltools.gnu-tools-for-stm32.9-2020-q2-update.win32_2.0.0.202105311346/tools/bin/../lib/gcc/arm-none-eabi/9.3.1/thumb/v7e-m+dp/hard/crtbegin.o
LOAD c:/st/stm32cubeide_1.8.0/stm32cubeide/plugins/com.st.stm32cube.ide.mcu.externaltools.gnu-tools-for-stm32.9-2020-q2-update.win32_2.0.0.202105311346/tools/bin/../lib/gcc/arm-none-eabi/9.3.1/../../../../arm-none-eabi/lib/thumb/v7e-m+dp/hard/crt0.o
LOAD ./Core/Src/buttons.o
LOAD ./Core/Src/flash.o
LOAD ./Core/Src/font12.o
LOAD ./Core/Src/font16.o
LOAD ./Core/Src/font20.o
LOAD ./Core/Src/font24.o
LOAD ./Core/Src/font8.o
LOAD ./Core/Src/game.o
LOAD ./Core/Src/graphics.o
LOAD ./Core/Src/lcd.o
LOAD ./Core/Src/main.o
LOAD ./Core/Src/stm32h7xx_hal_msp.o
LOAD ./Core/Src/stm32h7xx_it.o
LOAD ./Core/Src/syscalls.o
LOAD ./Core/Src/sysmem.o
LOAD ./Core/Src/system_stm32h7xx.o
LOAD ./Core/Startup/startup_stm32h7b0vbtx.o
LOAD ./Drivers/STM32H7xx_HAL_Driver/Src/stm32h7xx_hal.o
LOAD ./Drivers/STM32H7xx_HAL_Driver/Src/stm32h7xx_hal_adc.o
LOAD ./Drivers/STM32H7xx_HAL_Driver/Src/stm32h7xx_hal_adc_ex.o
LOAD ./Drivers/STM32H7xx_HAL_Driver/Src/stm32h7xx_hal_cortex.o
LOAD ./Drivers/STM32H7xx_HAL_Driver/Src/stm32h7xx_hal_dac.o
LOAD ./Drivers/STM32H7xx_HAL_Driver/Src/stm32h7xx_hal_dac_ex.o
LOAD ./Drivers/STM32H7xx_HAL_Driver/Src/stm32h7xx_hal_dma.o
LOAD ./Drivers/STM32H7xx_HAL_Driver/Src/stm32h7xx_hal_dma2d.o
LOAD ./Drivers/STM32H7xx_HAL_Driver/Src/stm32h7xx_hal_dma_ex.o
LOAD ./Drivers/STM32H7xx_HAL_Driver/Src/stm32h7xx_hal_exti.o
LOAD ./Drivers/STM32H7xx_HAL_Driver/Src/stm32h7xx_hal_flash.o
LOAD ./Drivers/STM32H7xx_HAL_Driver/Src/stm32h7xx_hal_flash_ex.o
LOAD ./Drivers/STM32H7xx_HAL_Driver/Src/stm32h7xx_hal_gpio.o
LOAD ./Drivers/STM32H7xx_HAL_Driver/Src/stm32h7xx_hal_hsem.o
LOAD ./Drivers/STM32H7xx_HAL_Driver/Src/stm32h7xx_hal_i2c.o
LOAD ./Drivers/STM32H7xx_HAL_Driver/Src/stm32h7xx_hal_i2c_ex.o
LOAD ./Drivers/STM32H7xx_HAL_Driver/Src/stm32h7xx_hal_ltdc.o
LOAD ./Drivers/STM32H7xx_HAL_Driver/Src/stm32h7xx_hal_ltdc_ex.o
LOAD ./Drivers/STM32H7xx_HAL_Driver/Src/stm32h7xx_hal_mdma.o
LOAD ./Drivers/STM32H7xx_HAL_Driver/Src/stm32h7xx_hal_ospi.o
LOAD ./Drivers/STM32H7xx_HAL_Driver/Src/stm32h7xx_hal_pwr.o
LOAD ./Drivers/STM32H7xx_HAL_Driver/Src/stm32h7xx_hal_pwr_ex.o
LOAD ./Drivers/STM32H7xx_HAL_Driver/Src/stm32h7xx_hal_rcc.o
LOAD ./Drivers/STM32H7xx_HAL_Driver/Src/stm32h7xx_hal_rcc_ex.o
LOAD ./Drivers/STM32H7xx_HAL_Driver/Src/stm32h7xx_hal_rtc.o
LOAD ./Drivers/STM32H7xx_HAL_Driver/Src/stm32h7xx_hal_rtc_ex.o
LOAD ./Drivers/STM32H7xx_HAL_Driver/Src/stm32h7xx_hal_sai.o
LOAD ./Drivers/STM32H7xx_HAL_Driver/Src/stm32h7xx_hal_sai_ex.o
LOAD ./Drivers/STM32H7xx_HAL_Driver/Src/stm32h7xx_hal_spi.o
LOAD ./Drivers/STM32H7xx_HAL_Driver/Src/stm32h7xx_hal_spi_ex.o
LOAD ./Drivers/STM32H7xx_HAL_Driver/Src/stm32h7xx_hal_tim.o
LOAD ./Drivers/STM32H7xx_HAL_Driver/Src/stm32h7xx_hal_tim_ex.o
START GROUP
LOAD c:/st/stm32cubeide_1.8.0/stm32cubeide/plugins/com.st.stm32cube.ide.mcu.externaltools.gnu-tools-for-stm32.9-2020-q2-update.win32_2.0.0.202105311346/tools/bin/../lib/gcc/arm-none-eabi/9.3.1/../../../../arm-none-eabi/lib/thumb/v7e-m+dp/hard\libc_nano.a
LOAD c:/st/stm32cubeide_1.8.0/stm32cubeide/plugins/com.st.stm32cube.ide.mcu.externaltools.gnu-tools-for-stm32.9-2020-q2-update.win32_2.0.0.202105311346/tools/bin/../lib/gcc/arm-none-eabi/9.3.1/../../../../arm-none-eabi/lib/thumb/v7e-m+dp/hard\libm.a
END GROUP
START GROUP
LOAD c:/st/stm32cubeide_1.8.0/stm32cubeide/plugins/com.st.stm32cube.ide.mcu.externaltools.gnu-tools-for-stm32.9-2020-q2-update.win32_2.0.0.202105311346/tools/bin/../lib/gcc/arm-none-eabi/9.3.1/thumb/v7e-m+dp/hard\libgcc.a
LOAD c:/st/stm32cubeide_1.8.0/stm32cubeide/plugins/com.st.stm32cube.ide.mcu.externaltools.gnu-tools-for-stm32.9-2020-q2-update.win32_2.0.0.202105311346/tools/bin/../lib/gcc/arm-none-eabi/9.3.1/../../../../arm-none-eabi/lib/thumb/v7e-m+dp/hard\libc_nano.a
END GROUP
START GROUP
LOAD c:/st/stm32cubeide_1.8.0/stm32cubeide/plugins/com.st.stm32cube.ide.mcu.externaltools.gnu-tools-for-stm32.9-2020-q2-update.win32_2.0.0.202105311346/tools/bin/../lib/gcc/arm-none-eabi/9.3.1/thumb/v7e-m+dp/hard\libgcc.a
LOAD c:/st/stm32cubeide_1.8.0/stm32cubeide/plugins/com.st.stm32cube.ide.mcu.externaltools.gnu-tools-for-stm32.9-2020-q2-update.win32_2.0.0.202105311346/tools/bin/../lib/gcc/arm-none-eabi/9.3.1/../../../../arm-none-eabi/lib/thumb/v7e-m+dp/hard\libc_nano.a
LOAD c:/st/stm32cubeide_1.8.0/stm32cubeide/plugins/com.st.stm32cube.ide.mcu.externaltools.gnu-tools-for-stm32.9-2020-q2-update.win32_2.0.0.202105311346/tools/bin/../lib/gcc/arm-none-eabi/9.3.1/../../../../arm-none-eabi/lib/thumb/v7e-m+dp/hard\libnosys.a
END GROUP
START GROUP
LOAD c:/st/stm32cubeide_1.8.0/stm32cubeide/plugins/com.st.stm32cube.ide.mcu.externaltools.gnu-tools-for-stm32.9-2020-q2-update.win32_2.0.0.202105311346/tools/bin/../lib/gcc/arm-none-eabi/9.3.1/thumb/v7e-m+dp/hard\libgcc.a
LOAD c:/st/stm32cubeide_1.8.0/stm32cubeide/plugins/com.st.stm32cube.ide.mcu.externaltools.gnu-tools-for-stm32.9-2020-q2-update.win32_2.0.0.202105311346/tools/bin/../lib/gcc/arm-none-eabi/9.3.1/../../../../arm-none-eabi/lib/thumb/v7e-m+dp/hard\libc_nano.a
LOAD c:/st/stm32cubeide_1.8.0/stm32cubeide/plugins/com.st.stm32cube.ide.mcu.externaltools.gnu-tools-for-stm32.9-2020-q2-update.win32_2.0.0.202105311346/tools/bin/../lib/gcc/arm-none-eabi/9.3.1/../../../../arm-none-eabi/lib/thumb/v7e-m+dp/hard\libnosys.a
END GROUP
LOAD c:/st/stm32cubeide_1.8.0/stm32cubeide/plugins/com.st.stm32cube.ide.mcu.externaltools.gnu-tools-for-stm32.9-2020-q2-update.win32_2.0.0.202105311346/tools/bin/../lib/gcc/arm-none-eabi/9.3.1/thumb/v7e-m+dp/hard/crtend.o
LOAD c:/st/stm32cubeide_1.8.0/stm32cubeide/plugins/com.st.stm32cube.ide.mcu.externaltools.gnu-tools-for-stm32.9-2020-q2-update.win32_2.0.0.202105311346/tools/bin/../lib/gcc/arm-none-eabi/9.3.1/thumb/v7e-m+dp/hard/crtn.o
                0x0000000020020000                _estack = _stack_top
                0x0000000000008000                _Heap_Size = 0x8000
                0x0000000000000100                _Stack_Redzone_Size = 0x100
                0x0000000000005000                _Min_Stack_Size = 0x5000
                0x0000000000000100                __NULLPTR_LENGTH__ = 0x100
                0x0000000000010000                __ITCMRAM_LENGTH__ = 0x10000
                0x0000000000020000                __DTCMRAM_LENGTH__ = 0x20000
                0x0000000000050000                __RAM_UC_LENGTH__ = 0x50000
                0x00000000000b0000                __RAM_CORE_LENGTH__ = (0x100000 - __RAM_UC_LENGTH__)
                0x0000000000020000                __AHBRAM_LENGTH__ = 0x20000
                0x0000000000020000                __FLASH_LENGTH__ = 0x20000
                0x0000000090000000                __EXTFLASH_START__ = 0x90000000
                0x0000000024000000                __RAM_START__ = 0x24000000
                0x0000000024000000                __RAM_UC_START__ = __RAM_START__
                0x0000000024050000                __RAM_CORE_START__ = (__RAM_START__ + __RAM_UC_LENGTH__)
                0x0000000000001000                __SAVEFLASH_LENGTH__ = 0x1000
                0x0000000000001000                __CONFIGFLASH_LENGTH__ = 0x1000
                0x00000000000fe000                __EXTFLASH_LENGTH__ = DEFINED (__EXTFLASH_TOTAL_LENGTH__)?(__EXTFLASH_TOTAL_LENGTH__ - (__CONFIGFLASH_LENGTH__ + __SAVEFLASH_LENGTH__)):(0x100000 - (__CONFIGFLASH_LENGTH__ + __SAVEFLASH_LENGTH__))
                0x00000000900fe000                __SAVEFLASH_START__ = (__EXTFLASH_START__ + __EXTFLASH_LENGTH__)
                0x00000000900ff000                __SAVEFLASH_END__ = (__SAVEFLASH_START__ + __SAVEFLASH_LENGTH__)
                0x00000000900ff000                __CONFIGFLASH_START__ = (__SAVEFLASH_START__ + __SAVEFLASH_LENGTH__)
                0x0000000090100000                __CONFIGFLASH_END__ = (__CONFIGFLASH_START__ + __CONFIGFLASH_LENGTH__)

.isr_vector     0x0000000024000000      0x2ac
                0x0000000024000000                __flash_start__ = .
                0x0000000024000000                . = ALIGN (0x4)
 *(.isr_vector)
 .isr_vector    0x0000000024000000      0x2ac ./Core/Startup/startup_stm32h7b0vbtx.o
                0x0000000024000000                g_pfnVectors
                0x00000000240002ac                . = ALIGN (0x4)

._itcram        0x0000000000000100        0x0
                0x0000000000000100                __itcram_start__ = .
                0x0000000000000100                . = ALIGN (0x4)
 *(.itcram_data)
                0x0000000000000100                . = ALIGN (0x4)
 *(.itcram_text)
                0x0000000000000100                . = ALIGN (0x4)
                0x0000000090000000                _sitcram_hot = LOADADDR (._itcram_hot)

._itcram_hot    0x0000000000000100        0x0 load address 0x0000000090000000
                0x0000000000000100                __itcram_hot_start__ = .
                0x0000000000000100                . = ALIGN (0x4)
 *(.itcram_hot_data)
                0x0000000000000100                . = ALIGN (0x4)
 *(.itcram_hot_text)
                0x0000000000000100                . = ALIGN (0x4)
                0x0000000000000100                __itcram_hot_end__ = .
                0x0000000000000100                __itcram_end__ = .

._ram_uc        0x00000000240002b0    0x4b000
                0x00000000240002b0                __ram_uc_start__ = .
                0x00000000240002b0                . = ALIGN (0x4)
 *(.lcd1)
 .lcd1          0x00000000240002b0    0x25800 ./Core/Src/lcd.o
                0x00000000240002b0                framebuffer1
                0x0000000024025ab0                . = ALIGN (0x4)
 *(.lcd2)
 .lcd2          0x0000000024025ab0    0x25800 ./Core/Src/lcd.o
                0x0000000024025ab0                framebuffer2
                0x000000002404b2b0                . = ALIGN (0x4)
                0x000000002404b2b0                __ram_uc_end__ = .
                0x0000000090000000                _siramdata = LOADADDR (._ram_exec)
                0x0000000090000000                __extflash_start__ = LOADADDR (._ram_exec)

._ram_exec      0x0000000024050000        0x0 load address 0x0000000090000000
                0x0000000024050000                __ram_start__ = .
                0x0000000024050000                __ram_exec_start__ = .
                0x0000000024050000                . = ALIGN (0x4)
                0x0000000024050000                _sram_text = .
 *(.ram_text)
                0x0000000024050000                _eram_text = .
                0x0000000024050000                _sram_data = .
 *(.ram_data)
                0x0000000024050000                _eram_data = .
                0x0000000024050000                __ram_exec_end__ = .

._extflash      0x0000000090000000        0x0
                0x0000000090000000                . = ALIGN (0x4)
                0x0000000090000000                __extflash_text_start__ = .
 *(.extflash_text)
                0x0000000090000000                . = ALIGN (0x4)
                0x0000000090000000                __extflash_text_end__ = .
                0x0000000090000000                __extflash_data_start__ = .
                0x0000000090000000                . = ALIGN (0x4)
 *(.extflash_data)
                0x0000000090000000                . = ALIGN (0x4)
                0x0000000090000000                __extflash_data_end__ = .

._saveflash     0x00000000900fe000        0x0
                0x00000000900fe000                __saveflash_start__ = .
 *(.saveflash)
                0x00000000900fe000                __saveflash_end__ = .

._configflash   0x00000000900ff000        0x0
                0x00000000900ff000                . = ALIGN (0x1000)
                0x00000000900ff000                __configflash_start__ = .
 *(.configflash)
                0x00000000900ff000                __configflash_end__ = .

._ram           0x0000000024050000        0x0
                0x0000000024050000                . = ALIGN (0x4)
 *(.ram_data)
                0x0000000024050000                __ram_end__ = .

._ahbram        0x0000000030000000    0x17700
                0x0000000030000000                __ahbram_start__ = .
                0x0000000030000000                . = ALIGN (0x4)
 *(.audio)
 .audio         0x0000000030000000    0x17700 ./Core/Src/main.o
                0x0000000030000000                audiobuffer
                0x0000000030017700                . = ALIGN (0x4)
 *(.ahb)
                0x0000000030017700                . = ALIGN (0x4)
                0x0000000030017700                __ahbram_end__ = .

.text           0x0000000024050000     0xfe94
                0x0000000024050000                . = ALIGN (0x4)
 *(.text)
 .text          0x0000000024050000       0x40 c:/st/stm32cubeide_1.8.0/stm32cubeide/plugins/com.st.stm32cube.ide.mcu.externaltools.gnu-tools-for-stm32.9-2020-q2-update.win32_2.0.0.202105311346/tools/bin/../lib/gcc/arm-none-eabi/9.3.1/thumb/v7e-m+dp/hard/crtbegin.o
 .text          0x0000000024050040       0xa0 c:/st/stm32cubeide_1.8.0/stm32cubeide/plugins/com.st.stm32cube.ide.mcu.externaltools.gnu-tools-for-stm32.9-2020-q2-update.win32_2.0.0.202105311346/tools/bin/../lib/gcc/arm-none-eabi/9.3.1/../../../../arm-none-eabi/lib/thumb/v7e-m+dp/hard\libc_nano.a(lib_a-memchr.o)
                0x0000000024050040                memchr
 *(.text*)
 .text.buttons_get
                0x00000000240500e0      0x124 ./Core/Src/buttons.o
                0x00000000240500e0                buttons_get
 .text.flash_memory_map
                0x0000000024050204      0x112 ./Core/Src/flash.o
                0x0000000024050204                flash_memory_map
 *fill*         0x0000000024050316        0x2 
 .text.game_init
                0x0000000024050318       0xec ./Core/Src/game.o
                0x0000000024050318                game_init
 .text.game_loop
                0x0000000024050404       0x34 ./Core/Src/game.o
                0x0000000024050404                game_loop
 .text.draw_background
                0x0000000024050438       0x46 ./Core/Src/game.o
                0x0000000024050438                draw_background
 *fill*         0x000000002405047e        0x2 
 .text.draw_score
                0x0000000024050480       0x8c ./Core/Src/game.o
                0x0000000024050480                draw_score
 .text.update_player
                0x000000002405050c       0xf4 ./Core/Src/game.o
                0x000000002405050c                update_player
 .text.update_ball
                0x0000000024050600      0x1e4 ./Core/Src/game.o
                0x0000000024050600                update_ball
 .text.update_ai
                0x00000000240507e4       0xb4 ./Core/Src/game.o
                0x00000000240507e4                update_ai
 .text.LCD_GetXSize
                0x0000000024050898       0x12 ./Core/Src/graphics.o
                0x0000000024050898                LCD_GetXSize
 .text.LCD_GetYSize
                0x00000000240508aa       0x10 ./Core/Src/graphics.o
                0x00000000240508aa                LCD_GetYSize
 *fill*         0x00000000240508ba        0x2 
 .text.LCD_SetFont
                0x00000000240508bc       0x20 ./Core/Src/graphics.o
                0x00000000240508bc                LCD_SetFont
 .text.LCD_DrawPixel
                0x00000000240508dc       0x40 ./Core/Src/graphics.o
                0x00000000240508dc                LCD_DrawPixel
 .text.LCD_Clear
                0x000000002405091c       0x32 ./Core/Src/graphics.o
                0x000000002405091c                LCD_Clear
 *fill*         0x000000002405094e        0x2 
 .text.LCD_DisplayStringAt
                0x0000000024050950      0x120 ./Core/Src/graphics.o
                0x0000000024050950                LCD_DisplayStringAt
 .text.LCD_DisplayChar
                0x0000000024050a70       0x5c ./Core/Src/graphics.o
                0x0000000024050a70                LCD_DisplayChar
 .text.LCD_DrawHLine
                0x0000000024050acc       0x50 ./Core/Src/graphics.o
                0x0000000024050acc                LCD_DrawHLine
 .text.LCD_DrawVLine
                0x0000000024050b1c       0x5c ./Core/Src/graphics.o
                0x0000000024050b1c                LCD_DrawVLine
 .text.LCD_DrawRect
                0x0000000024050b78       0x76 ./Core/Src/graphics.o
                0x0000000024050b78                LCD_DrawRect
 .text.LCD_DrawCircle
                0x0000000024050bee      0x152 ./Core/Src/graphics.o
                0x0000000024050bee                LCD_DrawCircle
 .text.LCD_FillRect
                0x0000000024050d40       0x62 ./Core/Src/graphics.o
                0x0000000024050d40                LCD_FillRect
 .text.LCD_FillCircle
                0x0000000024050da2      0x12c ./Core/Src/graphics.o
                0x0000000024050da2                LCD_FillCircle
 *fill*         0x0000000024050ece        0x2 
 .text.DrawChar
                0x0000000024050ed0      0x13c ./Core/Src/graphics.o
 .text.FillBuffer
                0x000000002405100c       0x6c ./Core/Src/graphics.o
 .text.lcd_backlight_set
                0x0000000024051078       0x58 ./Core/Src/lcd.o
                0x0000000024051078                lcd_backlight_set
 .text.lcd_deinit
                0x00000000240510d0       0x44 ./Core/Src/lcd.o
                0x00000000240510d0                lcd_deinit
 .text.lcd_init
                0x0000000024051114      0x2b8 ./Core/Src/lcd.o
                0x0000000024051114                lcd_init
 .text.HAL_LTDC_ReloadEventCallback
                0x00000000240513cc       0x50 ./Core/Src/lcd.o
                0x00000000240513cc                HAL_LTDC_ReloadEventCallback
 .text.lcd_swap
                0x000000002405141c       0x2c ./Core/Src/lcd.o
                0x000000002405141c                lcd_swap
 .text.lcd_sync
                0x0000000024051448       0x2e ./Core/Src/lcd.o
                0x0000000024051448                lcd_sync
 *fill*         0x0000000024051476        0x2 
 .text.lcd_get_active_buffer
                0x0000000024051478       0x2c ./Core/Src/lcd.o
                0x0000000024051478                lcd_get_active_buffer
 .text.lcd_get_inactive_buffer
                0x00000000240514a4       0x2c ./Core/Src/lcd.o
                0x00000000240514a4                lcd_get_inactive_buffer
 .text.lcd_wait_for_vblank
                0x00000000240514d0       0x2c ./Core/Src/lcd.o
                0x00000000240514d0                lcd_wait_for_vblank
 .text.main     0x00000000240514fc       0xac ./Core/Src/main.o
                0x00000000240514fc                main
 .text.SystemClock_Config
                0x00000000240515a8      0x104 ./Core/Src/main.o
                0x00000000240515a8                SystemClock_Config
 .text.PeriphCommonClock_Config
                0x00000000240516ac       0x6c ./Core/Src/main.o
                0x00000000240516ac                PeriphCommonClock_Config
 .text.MX_NVIC_Init
                0x0000000024051718       0x18 ./Core/Src/main.o
 .text.MX_ADC1_Init
                0x0000000024051730       0xf0 ./Core/Src/main.o
 .text.MX_DAC1_Init
                0x0000000024051820       0x78 ./Core/Src/main.o
 .text.MX_DAC2_Init
                0x0000000024051898       0x64 ./Core/Src/main.o
 .text.MX_DMA2D_Init
                0x00000000240518fc       0x3c ./Core/Src/main.o
 .text.MX_LTDC_Init
                0x0000000024051938      0x100 ./Core/Src/main.o
 .text.MX_OCTOSPI1_Init
                0x0000000024051a38       0xc4 ./Core/Src/main.o
 .text.MX_RTC_Init
                0x0000000024051afc       0xbc ./Core/Src/main.o
 .text.MX_SAI1_Init
                0x0000000024051bb8       0x6c ./Core/Src/main.o
 .text.MX_SPI2_Init
                0x0000000024051c24       0xac ./Core/Src/main.o
 .text.MX_DMA_Init
                0x0000000024051cd0       0x40 ./Core/Src/main.o
 .text.MX_GPIO_Init
                0x0000000024051d10      0x1e0 ./Core/Src/main.o
 .text.Error_Handler
                0x0000000024051ef0        0xa ./Core/Src/main.o
                0x0000000024051ef0                Error_Handler
 *fill*         0x0000000024051efa        0x2 
 .text.HAL_MspInit
                0x0000000024051efc       0x34 ./Core/Src/stm32h7xx_hal_msp.o
                0x0000000024051efc                HAL_MspInit
 .text.HAL_ADC_MspInit
                0x0000000024051f30       0x9c ./Core/Src/stm32h7xx_hal_msp.o
                0x0000000024051f30                HAL_ADC_MspInit
 .text.HAL_DAC_MspInit
                0x0000000024051fcc       0xf0 ./Core/Src/stm32h7xx_hal_msp.o
                0x0000000024051fcc                HAL_DAC_MspInit
 .text.HAL_DMA2D_MspInit
                0x00000000240520bc       0x44 ./Core/Src/stm32h7xx_hal_msp.o
                0x00000000240520bc                HAL_DMA2D_MspInit
 .text.HAL_LTDC_MspInit
                0x0000000024052100      0x334 ./Core/Src/stm32h7xx_hal_msp.o
                0x0000000024052100                HAL_LTDC_MspInit
 .text.HAL_OSPI_MspInit
                0x0000000024052434      0x224 ./Core/Src/stm32h7xx_hal_msp.o
                0x0000000024052434                HAL_OSPI_MspInit
 .text.HAL_RTC_MspInit
                0x0000000024052658       0x60 ./Core/Src/stm32h7xx_hal_msp.o
                0x0000000024052658                HAL_RTC_MspInit
 .text.HAL_SPI_MspInit
                0x00000000240526b8       0xcc ./Core/Src/stm32h7xx_hal_msp.o
                0x00000000240526b8                HAL_SPI_MspInit
 .text.HAL_SAI_MspInit
                0x0000000024052784      0x104 ./Core/Src/stm32h7xx_hal_msp.o
                0x0000000024052784                HAL_SAI_MspInit
 .text.NMI_Handler
                0x0000000024052888        0x6 ./Core/Src/stm32h7xx_it.o
                0x0000000024052888                NMI_Handler
 .text.HardFault_Handler
                0x000000002405288e        0x6 ./Core/Src/stm32h7xx_it.o
                0x000000002405288e                HardFault_Handler
 .text.MemManage_Handler
                0x0000000024052894        0x6 ./Core/Src/stm32h7xx_it.o
                0x0000000024052894                MemManage_Handler
 .text.BusFault_Handler
                0x000000002405289a        0x6 ./Core/Src/stm32h7xx_it.o
                0x000000002405289a                BusFault_Handler
 .text.UsageFault_Handler
                0x00000000240528a0        0x6 ./Core/Src/stm32h7xx_it.o
                0x00000000240528a0                UsageFault_Handler
 .text.SVC_Handler
                0x00000000240528a6        0xe ./Core/Src/stm32h7xx_it.o
                0x00000000240528a6                SVC_Handler
 .text.DebugMon_Handler
                0x00000000240528b4        0xe ./Core/Src/stm32h7xx_it.o
                0x00000000240528b4                DebugMon_Handler
 .text.PendSV_Handler
                0x00000000240528c2        0xe ./Core/Src/stm32h7xx_it.o
                0x00000000240528c2                PendSV_Handler
 .text.SysTick_Handler
                0x00000000240528d0        0xc ./Core/Src/stm32h7xx_it.o
                0x00000000240528d0                SysTick_Handler
 .text.DMA1_Stream0_IRQHandler
                0x00000000240528dc       0x14 ./Core/Src/stm32h7xx_it.o
                0x00000000240528dc                DMA1_Stream0_IRQHandler
 .text.ADC_IRQHandler
                0x00000000240528f0       0x14 ./Core/Src/stm32h7xx_it.o
                0x00000000240528f0                ADC_IRQHandler
 .text.SAI1_IRQHandler
                0x0000000024052904       0x14 ./Core/Src/stm32h7xx_it.o
                0x0000000024052904                SAI1_IRQHandler
 .text.LTDC_IRQHandler
                0x0000000024052918       0x14 ./Core/Src/stm32h7xx_it.o
                0x0000000024052918                LTDC_IRQHandler
 .text.OCTOSPI1_IRQHandler
                0x000000002405292c       0x14 ./Core/Src/stm32h7xx_it.o
                0x000000002405292c                OCTOSPI1_IRQHandler
 .text._getpid  0x0000000024052940       0x10 ./Core/Src/syscalls.o
                0x0000000024052940                _getpid
 .text._kill    0x0000000024052950       0x20 ./Core/Src/syscalls.o
                0x0000000024052950                _kill
 .text._exit    0x0000000024052970       0x14 ./Core/Src/syscalls.o
                0x0000000024052970                _exit
 .text._read    0x0000000024052984       0x3a ./Core/Src/syscalls.o
                0x0000000024052984                _read
 .text._write   0x00000000240529be       0x38 ./Core/Src/syscalls.o
                0x00000000240529be                _write
 .text._close   0x00000000240529f6       0x18 ./Core/Src/syscalls.o
                0x00000000240529f6                _close
 .text._fstat   0x0000000024052a0e       0x20 ./Core/Src/syscalls.o
                0x0000000024052a0e                _fstat
 .text._isatty  0x0000000024052a2e       0x16 ./Core/Src/syscalls.o
                0x0000000024052a2e                _isatty
 .text._lseek   0x0000000024052a44       0x1a ./Core/Src/syscalls.o
                0x0000000024052a44                _lseek
 *fill*         0x0000000024052a5e        0x2 
 .text._sbrk    0x0000000024052a60       0x6c ./Core/Src/sysmem.o
                0x0000000024052a60                _sbrk
 .text.SystemInit
                0x0000000024052acc       0xf8 ./Core/Src/system_stm32h7xx.o
                0x0000000024052acc                SystemInit
 .text.Reset_Handler
                0x0000000024052bc4       0x50 ./Core/Startup/startup_stm32h7b0vbtx.o
                0x0000000024052bc4                Reset_Handler
 .text.Default_Handler
                0x0000000024052c14        0x2 ./Core/Startup/startup_stm32h7b0vbtx.o
                0x0000000024052c14                RTC_Alarm_IRQHandler
                0x0000000024052c14                HASH_RNG_IRQHandler
                0x0000000024052c14                EXTI2_IRQHandler
                0x0000000024052c14                TIM8_CC_IRQHandler
                0x0000000024052c14                UART8_IRQHandler
                0x0000000024052c14                BDMA2_Channel1_IRQHandler
                0x0000000024052c14                SPI4_IRQHandler
                0x0000000024052c14                BDMA2_Channel0_IRQHandler
                0x0000000024052c14                TIM1_CC_IRQHandler
                0x0000000024052c14                DMA2_Stream5_IRQHandler
                0x0000000024052c14                JPEG_IRQHandler
                0x0000000024052c14                DMA1_Stream5_IRQHandler
                0x0000000024052c14                EXTI3_IRQHandler
                0x0000000024052c14                LPTIM4_IRQHandler
                0x0000000024052c14                TIM8_TRG_COM_TIM14_IRQHandler
                0x0000000024052c14                LPTIM2_IRQHandler
                0x0000000024052c14                DFSDM1_FLT1_IRQHandler
                0x0000000024052c14                DMAMUX2_OVR_IRQHandler
                0x0000000024052c14                GFXMMU_IRQHandler
                0x0000000024052c14                TIM8_UP_TIM13_IRQHandler
                0x0000000024052c14                I2C3_ER_IRQHandler
                0x0000000024052c14                DFSDM1_FLT2_IRQHandler
                0x0000000024052c14                USART10_IRQHandler
                0x0000000024052c14                MDMA_IRQHandler
                0x0000000024052c14                LPTIM3_IRQHandler
                0x0000000024052c14                BDMA2_Channel3_IRQHandler
                0x0000000024052c14                HSEM1_IRQHandler
                0x0000000024052c14                EXTI0_IRQHandler
                0x0000000024052c14                I2C2_EV_IRQHandler
                0x0000000024052c14                DAC2_IRQHandler
                0x0000000024052c14                DMA1_Stream2_IRQHandler
                0x0000000024052c14                FPU_IRQHandler
                0x0000000024052c14                OTG_HS_WKUP_IRQHandler
                0x0000000024052c14                FDCAN1_IT1_IRQHandler
                0x0000000024052c14                LTDC_ER_IRQHandler
                0x0000000024052c14                DMA2_Stream2_IRQHandler
                0x0000000024052c14                SPI1_IRQHandler
                0x0000000024052c14                TIM6_DAC_IRQHandler
                0x0000000024052c14                BDMA2_Channel6_IRQHandler
                0x0000000024052c14                DMA2_Stream3_IRQHandler
                0x0000000024052c14                OCTOSPI2_IRQHandler
                0x0000000024052c14                SAI2_IRQHandler
                0x0000000024052c14                BDMA1_IRQHandler
                0x0000000024052c14                DFSDM1_FLT3_IRQHandler
                0x0000000024052c14                USART6_IRQHandler
                0x0000000024052c14                TIM17_IRQHandler
                0x0000000024052c14                USART3_IRQHandler
                0x0000000024052c14                CRYP_IRQHandler
                0x0000000024052c14                LPTIM5_IRQHandler
                0x0000000024052c14                UART5_IRQHandler
                0x0000000024052c14                DMA2_Stream0_IRQHandler
                0x0000000024052c14                TIM4_IRQHandler
                0x0000000024052c14                I2C1_EV_IRQHandler
                0x0000000024052c14                DMA1_Stream6_IRQHandler
                0x0000000024052c14                DMAMUX1_OVR_IRQHandler
                0x0000000024052c14                DMA1_Stream1_IRQHandler
                0x0000000024052c14                TIM16_IRQHandler
                0x0000000024052c14                UART4_IRQHandler
                0x0000000024052c14                TIM3_IRQHandler
                0x0000000024052c14                RCC_IRQHandler
                0x0000000024052c14                UART9_IRQHandler
                0x0000000024052c14                TIM8_BRK_TIM12_IRQHandler
                0x0000000024052c14                TIM1_TRG_COM_IRQHandler
                0x0000000024052c14                Default_Handler
                0x0000000024052c14                ECC_IRQHandler
                0x0000000024052c14                BDMA2_Channel2_IRQHandler
                0x0000000024052c14                CEC_IRQHandler
                0x0000000024052c14                EXTI15_10_IRQHandler
                0x0000000024052c14                DFSDM1_FLT4_IRQHandler
                0x0000000024052c14                OTFDEC1_IRQHandler
                0x0000000024052c14                DMA1_Stream7_IRQHandler
                0x0000000024052c14                SPI5_IRQHandler
                0x0000000024052c14                TIM7_IRQHandler
                0x0000000024052c14                SDMMC1_IRQHandler
                0x0000000024052c14                TIM5_IRQHandler
                0x0000000024052c14                DMA2_Stream7_IRQHandler
                0x0000000024052c14                TIM15_IRQHandler
                0x0000000024052c14                I2C3_EV_IRQHandler
                0x0000000024052c14                DFSDM2_IRQHandler
                0x0000000024052c14                EXTI9_5_IRQHandler
                0x0000000024052c14                RTC_WKUP_IRQHandler
                0x0000000024052c14                SPDIF_RX_IRQHandler
                0x0000000024052c14                PVD_PVM_IRQHandler
                0x0000000024052c14                SPI2_IRQHandler
                0x0000000024052c14                OTG_HS_EP1_IN_IRQHandler
                0x0000000024052c14                DFSDM1_FLT5_IRQHandler
                0x0000000024052c14                OTFDEC2_IRQHandler
                0x0000000024052c14                CRS_IRQHandler
                0x0000000024052c14                EXTI4_IRQHandler
                0x0000000024052c14                DFSDM1_FLT6_IRQHandler
                0x0000000024052c14                FDCAN2_IT1_IRQHandler
                0x0000000024052c14                COMP_IRQHandler
                0x0000000024052c14                TIM1_UP_IRQHandler
                0x0000000024052c14                OTG_HS_EP1_OUT_IRQHandler
                0x0000000024052c14                WWDG_IRQHandler
                0x0000000024052c14                SPI6_IRQHandler
                0x0000000024052c14                MDIOS_IRQHandler
                0x0000000024052c14                I2C4_EV_IRQHandler
                0x0000000024052c14                FDCAN2_IT0_IRQHandler
                0x0000000024052c14                LPUART1_IRQHandler
                0x0000000024052c14                FDCAN1_IT0_IRQHandler
                0x0000000024052c14                TIM2_IRQHandler
                0x0000000024052c14                BDMA2_Channel5_IRQHandler
                0x0000000024052c14                OTG_HS_IRQHandler
                0x0000000024052c14                DMA2D_IRQHandler
                0x0000000024052c14                TIM1_BRK_IRQHandler
                0x0000000024052c14                EXTI1_IRQHandler
                0x0000000024052c14                SDMMC2_IRQHandler
                0x0000000024052c14                DTS_IRQHandler
                0x0000000024052c14                UART7_IRQHandler
                0x0000000024052c14                MDIOS_WKUP_IRQHandler
                0x0000000024052c14                USART2_IRQHandler
                0x0000000024052c14                DFSDM1_FLT0_IRQHandler
                0x0000000024052c14                I2C2_ER_IRQHandler
                0x0000000024052c14                DMA2_Stream1_IRQHandler
                0x0000000024052c14                DFSDM1_FLT7_IRQHandler
                0x0000000024052c14                FLASH_IRQHandler
                0x0000000024052c14                DMA2_Stream4_IRQHandler
                0x0000000024052c14                USART1_IRQHandler
                0x0000000024052c14                SPI3_IRQHandler
                0x0000000024052c14                WAKEUP_PIN_IRQHandler
                0x0000000024052c14                DMA1_Stream4_IRQHandler
                0x0000000024052c14                I2C1_ER_IRQHandler
                0x0000000024052c14                FMC_IRQHandler
                0x0000000024052c14                BDMA2_Channel7_IRQHandler
                0x0000000024052c14                FDCAN_CAL_IRQHandler
                0x0000000024052c14                SWPMI1_IRQHandler
                0x0000000024052c14                LPTIM1_IRQHandler
                0x0000000024052c14                DCMI_PSSI_IRQHandler
                0x0000000024052c14                I2C4_ER_IRQHandler
                0x0000000024052c14                DMA2_Stream6_IRQHandler
                0x0000000024052c14                DMA1_Stream3_IRQHandler
                0x0000000024052c14                RTC_TAMP_STAMP_CSS_LSE_IRQHandler
                0x0000000024052c14                BDMA2_Channel4_IRQHandler
 *fill*         0x0000000024052c16        0x2 
 .text.HAL_Init
                0x0000000024052c18       0x78 ./Drivers/STM32H7xx_HAL_Driver/Src/stm32h7xx_hal.o
                0x0000000024052c18                HAL_Init
 .text.HAL_InitTick
                0x0000000024052c90       0x6c ./Drivers/STM32H7xx_HAL_Driver/Src/stm32h7xx_hal.o
                0x0000000024052c90                HAL_InitTick
 .text.HAL_IncTick
                0x0000000024052cfc       0x28 ./Drivers/STM32H7xx_HAL_Driver/Src/stm32h7xx_hal.o
                0x0000000024052cfc                HAL_IncTick
 .text.HAL_GetTick
                0x0000000024052d24       0x18 ./Drivers/STM32H7xx_HAL_Driver/Src/stm32h7xx_hal.o
                0x0000000024052d24                HAL_GetTick
 .text.HAL_Delay
                0x0000000024052d3c       0x48 ./Drivers/STM32H7xx_HAL_Driver/Src/stm32h7xx_hal.o
                0x0000000024052d3c                HAL_Delay
 .text.LL_ADC_SetCommonClock
                0x0000000024052d84       0x26 ./Drivers/STM32H7xx_HAL_Driver/Src/stm32h7xx_hal_adc.o
 .text.LL_ADC_SetCommonPathInternalCh
                0x0000000024052daa       0x26 ./Drivers/STM32H7xx_HAL_Driver/Src/stm32h7xx_hal_adc.o
 .text.LL_ADC_GetCommonPathInternalCh
                0x0000000024052dd0       0x1c ./Drivers/STM32H7xx_HAL_Driver/Src/stm32h7xx_hal_adc.o
 .text.LL_ADC_SetOffset
                0x0000000024052dec       0x40 ./Drivers/STM32H7xx_HAL_Driver/Src/stm32h7xx_hal_adc.o
 .text.LL_ADC_SetDataRightShift
                0x0000000024052e2c       0x32 ./Drivers/STM32H7xx_HAL_Driver/Src/stm32h7xx_hal_adc.o
 .text.LL_ADC_SetOffsetSignedSaturation
                0x0000000024052e5e       0x36 ./Drivers/STM32H7xx_HAL_Driver/Src/stm32h7xx_hal_adc.o
 .text.LL_ADC_REG_IsTriggerSourceSWStart
                0x0000000024052e94       0x26 ./Drivers/STM32H7xx_HAL_Driver/Src/stm32h7xx_hal_adc.o
 .text.LL_ADC_REG_SetSequencerRanks
                0x0000000024052eba       0x58 ./Drivers/STM32H7xx_HAL_Driver/Src/stm32h7xx_hal_adc.o
 .text.LL_ADC_INJ_IsTriggerSourceSWStart
                0x0000000024052f12       0x26 ./Drivers/STM32H7xx_HAL_Driver/Src/stm32h7xx_hal_adc.o
 .text.LL_ADC_SetChannelSamplingTime
                0x0000000024052f38       0x56 ./Drivers/STM32H7xx_HAL_Driver/Src/stm32h7xx_hal_adc.o
 *fill*         0x0000000024052f8e        0x2 
 .text.LL_ADC_SetChannelSingleDiff
                0x0000000024052f90       0x48 ./Drivers/STM32H7xx_HAL_Driver/Src/stm32h7xx_hal_adc.o
 .text.LL_ADC_GetMultimode
                0x0000000024052fd8       0x1c ./Drivers/STM32H7xx_HAL_Driver/Src/stm32h7xx_hal_adc.o
 .text.LL_ADC_GetMultiDMATransfer
                0x0000000024052ff4       0x1c ./Drivers/STM32H7xx_HAL_Driver/Src/stm32h7xx_hal_adc.o
 .text.LL_ADC_DisableDeepPowerDown
                0x0000000024053010       0x24 ./Drivers/STM32H7xx_HAL_Driver/Src/stm32h7xx_hal_adc.o
 .text.LL_ADC_IsDeepPowerDownEnabled
                0x0000000024053034       0x28 ./Drivers/STM32H7xx_HAL_Driver/Src/stm32h7xx_hal_adc.o
 .text.LL_ADC_EnableInternalRegulator
                0x000000002405305c       0x28 ./Drivers/STM32H7xx_HAL_Driver/Src/stm32h7xx_hal_adc.o
 .text.LL_ADC_IsInternalRegulatorEnabled
                0x0000000024053084       0x28 ./Drivers/STM32H7xx_HAL_Driver/Src/stm32h7xx_hal_adc.o
 .text.LL_ADC_Enable
                0x00000000240530ac       0x28 ./Drivers/STM32H7xx_HAL_Driver/Src/stm32h7xx_hal_adc.o
 .text.LL_ADC_IsEnabled
                0x00000000240530d4       0x26 ./Drivers/STM32H7xx_HAL_Driver/Src/stm32h7xx_hal_adc.o
 *fill*         0x00000000240530fa        0x2 
 .text.LL_ADC_REG_StartConversion
                0x00000000240530fc       0x28 ./Drivers/STM32H7xx_HAL_Driver/Src/stm32h7xx_hal_adc.o
 .text.LL_ADC_REG_IsConversionOngoing
                0x0000000024053124       0x26 ./Drivers/STM32H7xx_HAL_Driver/Src/stm32h7xx_hal_adc.o
 .text.LL_ADC_INJ_IsConversionOngoing
                0x000000002405314a       0x26 ./Drivers/STM32H7xx_HAL_Driver/Src/stm32h7xx_hal_adc.o
 .text.HAL_ADC_Init
                0x0000000024053170      0x2b4 ./Drivers/STM32H7xx_HAL_Driver/Src/stm32h7xx_hal_adc.o
                0x0000000024053170                HAL_ADC_Init
 .text.HAL_ADC_Start
                0x0000000024053424      0x174 ./Drivers/STM32H7xx_HAL_Driver/Src/stm32h7xx_hal_adc.o
                0x0000000024053424                HAL_ADC_Start
 .text.HAL_ADC_PollForConversion
                0x0000000024053598      0x1b0 ./Drivers/STM32H7xx_HAL_Driver/Src/stm32h7xx_hal_adc.o
                0x0000000024053598                HAL_ADC_PollForConversion
 .text.HAL_ADC_GetValue
                0x0000000024053748       0x1a ./Drivers/STM32H7xx_HAL_Driver/Src/stm32h7xx_hal_adc.o
                0x0000000024053748                HAL_ADC_GetValue
 *fill*         0x0000000024053762        0x2 
 .text.HAL_ADC_IRQHandler
                0x0000000024053764      0x434 ./Drivers/STM32H7xx_HAL_Driver/Src/stm32h7xx_hal_adc.o
                0x0000000024053764                HAL_ADC_IRQHandler
 .text.HAL_ADC_ConvCpltCallback
                0x0000000024053b98       0x14 ./Drivers/STM32H7xx_HAL_Driver/Src/stm32h7xx_hal_adc.o
                0x0000000024053b98                HAL_ADC_ConvCpltCallback
 .text.HAL_ADC_LevelOutOfWindowCallback
                0x0000000024053bac       0x14 ./Drivers/STM32H7xx_HAL_Driver/Src/stm32h7xx_hal_adc.o
                0x0000000024053bac                HAL_ADC_LevelOutOfWindowCallback
 .text.HAL_ADC_ErrorCallback
                0x0000000024053bc0       0x14 ./Drivers/STM32H7xx_HAL_Driver/Src/stm32h7xx_hal_adc.o
                0x0000000024053bc0                HAL_ADC_ErrorCallback
 .text.HAL_ADC_ConfigChannel
                0x0000000024053bd4      0x5cc ./Drivers/STM32H7xx_HAL_Driver/Src/stm32h7xx_hal_adc.o
                0x0000000024053bd4                HAL_ADC_ConfigChannel
 .text.ADC_Enable
                0x00000000240541a0       0xf8 ./Drivers/STM32H7xx_HAL_Driver/Src/stm32h7xx_hal_adc.o
                0x00000000240541a0                ADC_Enable
 .text.ADC_ConfigureBoostMode
                0x0000000024054298      0x198 ./Drivers/STM32H7xx_HAL_Driver/Src/stm32h7xx_hal_adc.o
                0x0000000024054298                ADC_ConfigureBoostMode
 .text.LL_ADC_IsEnabled
                0x0000000024054430       0x26 ./Drivers/STM32H7xx_HAL_Driver/Src/stm32h7xx_hal_adc_ex.o
 .text.LL_ADC_REG_IsConversionOngoing
                0x0000000024054456       0x26 ./Drivers/STM32H7xx_HAL_Driver/Src/stm32h7xx_hal_adc_ex.o
 .text.HAL_ADCEx_InjectedConvCpltCallback
                0x000000002405447c       0x14 ./Drivers/STM32H7xx_HAL_Driver/Src/stm32h7xx_hal_adc_ex.o
                0x000000002405447c                HAL_ADCEx_InjectedConvCpltCallback
 .text.HAL_ADCEx_InjectedQueueOverflowCallback
                0x0000000024054490       0x14 ./Drivers/STM32H7xx_HAL_Driver/Src/stm32h7xx_hal_adc_ex.o
                0x0000000024054490                HAL_ADCEx_InjectedQueueOverflowCallback
 .text.HAL_ADCEx_LevelOutOfWindow2Callback
                0x00000000240544a4       0x14 ./Drivers/STM32H7xx_HAL_Driver/Src/stm32h7xx_hal_adc_ex.o
                0x00000000240544a4                HAL_ADCEx_LevelOutOfWindow2Callback
 .text.HAL_ADCEx_LevelOutOfWindow3Callback
                0x00000000240544b8       0x14 ./Drivers/STM32H7xx_HAL_Driver/Src/stm32h7xx_hal_adc_ex.o
                0x00000000240544b8                HAL_ADCEx_LevelOutOfWindow3Callback
 .text.HAL_ADCEx_EndOfSamplingCallback
                0x00000000240544cc       0x14 ./Drivers/STM32H7xx_HAL_Driver/Src/stm32h7xx_hal_adc_ex.o
                0x00000000240544cc                HAL_ADCEx_EndOfSamplingCallback
 .text.HAL_ADCEx_MultiModeConfigChannel
                0x00000000240544e0      0x138 ./Drivers/STM32H7xx_HAL_Driver/Src/stm32h7xx_hal_adc_ex.o
                0x00000000240544e0                HAL_ADCEx_MultiModeConfigChannel
 .text.__NVIC_SetPriorityGrouping
                0x0000000024054618       0x48 ./Drivers/STM32H7xx_HAL_Driver/Src/stm32h7xx_hal_cortex.o
 .text.__NVIC_GetPriorityGrouping
                0x0000000024054660       0x1c ./Drivers/STM32H7xx_HAL_Driver/Src/stm32h7xx_hal_cortex.o
 .text.__NVIC_EnableIRQ
                0x000000002405467c       0x3c ./Drivers/STM32H7xx_HAL_Driver/Src/stm32h7xx_hal_cortex.o
 .text.__NVIC_SetPriority
                0x00000000240546b8       0x54 ./Drivers/STM32H7xx_HAL_Driver/Src/stm32h7xx_hal_cortex.o
 .text.NVIC_EncodePriority
                0x000000002405470c       0x66 ./Drivers/STM32H7xx_HAL_Driver/Src/stm32h7xx_hal_cortex.o
 *fill*         0x0000000024054772        0x2 
 .text.__NVIC_SystemReset
                0x0000000024054774       0x2c ./Drivers/STM32H7xx_HAL_Driver/Src/stm32h7xx_hal_cortex.o
 .text.SysTick_Config
                0x00000000240547a0       0x44 ./Drivers/STM32H7xx_HAL_Driver/Src/stm32h7xx_hal_cortex.o
 .text.HAL_NVIC_SetPriorityGrouping
                0x00000000240547e4       0x16 ./Drivers/STM32H7xx_HAL_Driver/Src/stm32h7xx_hal_cortex.o
                0x00000000240547e4                HAL_NVIC_SetPriorityGrouping
 .text.HAL_NVIC_SetPriority
                0x00000000240547fa       0x34 ./Drivers/STM32H7xx_HAL_Driver/Src/stm32h7xx_hal_cortex.o
                0x00000000240547fa                HAL_NVIC_SetPriority
 .text.HAL_NVIC_EnableIRQ
                0x000000002405482e       0x1c ./Drivers/STM32H7xx_HAL_Driver/Src/stm32h7xx_hal_cortex.o
                0x000000002405482e                HAL_NVIC_EnableIRQ
 .text.HAL_NVIC_SystemReset
                0x000000002405484a        0x8 ./Drivers/STM32H7xx_HAL_Driver/Src/stm32h7xx_hal_cortex.o
                0x000000002405484a                HAL_NVIC_SystemReset
 .text.HAL_SYSTICK_Config
                0x0000000024054852       0x18 ./Drivers/STM32H7xx_HAL_Driver/Src/stm32h7xx_hal_cortex.o
                0x0000000024054852                HAL_SYSTICK_Config
 .text.HAL_DAC_Init
                0x000000002405486a       0x44 ./Drivers/STM32H7xx_HAL_Driver/Src/stm32h7xx_hal_dac.o
                0x000000002405486a                HAL_DAC_Init
 .text.HAL_DAC_Start
                0x00000000240548ae       0xa4 ./Drivers/STM32H7xx_HAL_Driver/Src/stm32h7xx_hal_dac.o
                0x00000000240548ae                HAL_DAC_Start
 .text.HAL_DAC_SetValue
                0x0000000024054952       0x4a ./Drivers/STM32H7xx_HAL_Driver/Src/stm32h7xx_hal_dac.o
                0x0000000024054952                HAL_DAC_SetValue
 .text.HAL_DAC_ConfigChannel
                0x000000002405499c      0x260 ./Drivers/STM32H7xx_HAL_Driver/Src/stm32h7xx_hal_dac.o
                0x000000002405499c                HAL_DAC_ConfigChannel
 .text.HAL_DMA_Init
                0x0000000024054bfc      0x720 ./Drivers/STM32H7xx_HAL_Driver/Src/stm32h7xx_hal_dma.o
                0x0000000024054bfc                HAL_DMA_Init
 .text.HAL_DMA_Start_IT
                0x000000002405531c      0x4d4 ./Drivers/STM32H7xx_HAL_Driver/Src/stm32h7xx_hal_dma.o
                0x000000002405531c                HAL_DMA_Start_IT
 .text.HAL_DMA_Abort
                0x00000000240557f0      0x63c ./Drivers/STM32H7xx_HAL_Driver/Src/stm32h7xx_hal_dma.o
                0x00000000240557f0                HAL_DMA_Abort
 .text.HAL_DMA_Abort_IT
                0x0000000024055e2c      0x488 ./Drivers/STM32H7xx_HAL_Driver/Src/stm32h7xx_hal_dma.o
                0x0000000024055e2c                HAL_DMA_Abort_IT
 .text.HAL_DMA_IRQHandler
                0x00000000240562b4      0xec4 ./Drivers/STM32H7xx_HAL_Driver/Src/stm32h7xx_hal_dma.o
                0x00000000240562b4                HAL_DMA_IRQHandler
 .text.HAL_DMA_GetError
                0x0000000024057178       0x18 ./Drivers/STM32H7xx_HAL_Driver/Src/stm32h7xx_hal_dma.o
                0x0000000024057178                HAL_DMA_GetError
 .text.DMA_SetConfig
                0x0000000024057190      0x3c8 ./Drivers/STM32H7xx_HAL_Driver/Src/stm32h7xx_hal_dma.o
 .text.DMA_CalcBaseAndBitshift
                0x0000000024057558      0x164 ./Drivers/STM32H7xx_HAL_Driver/Src/stm32h7xx_hal_dma.o
 .text.DMA_CheckFifoParam
                0x00000000240576bc       0xf8 ./Drivers/STM32H7xx_HAL_Driver/Src/stm32h7xx_hal_dma.o
 .text.DMA_CalcDMAMUXChannelBaseAndMask
                0x00000000240577b4      0x134 ./Drivers/STM32H7xx_HAL_Driver/Src/stm32h7xx_hal_dma.o
 .text.DMA_CalcDMAMUXRequestGenBaseAndMask
                0x00000000240578e8       0xe8 ./Drivers/STM32H7xx_HAL_Driver/Src/stm32h7xx_hal_dma.o
 .text.HAL_DMA2D_Init
                0x00000000240579d0       0xc8 ./Drivers/STM32H7xx_HAL_Driver/Src/stm32h7xx_hal_dma2d.o
                0x00000000240579d0                HAL_DMA2D_Init
 .text.HAL_GPIO_Init
                0x0000000024057a98      0x360 ./Drivers/STM32H7xx_HAL_Driver/Src/stm32h7xx_hal_gpio.o
                0x0000000024057a98                HAL_GPIO_Init
 .text.HAL_GPIO_ReadPin
                0x0000000024057df8       0x30 ./Drivers/STM32H7xx_HAL_Driver/Src/stm32h7xx_hal_gpio.o
                0x0000000024057df8                HAL_GPIO_ReadPin
 .text.HAL_GPIO_WritePin
                0x0000000024057e28       0x32 ./Drivers/STM32H7xx_HAL_Driver/Src/stm32h7xx_hal_gpio.o
                0x0000000024057e28                HAL_GPIO_WritePin
 *fill*         0x0000000024057e5a        0x2 
 .text.HAL_LTDC_Init
                0x0000000024057e5c      0x1a0 ./Drivers/STM32H7xx_HAL_Driver/Src/stm32h7xx_hal_ltdc.o
                0x0000000024057e5c                HAL_LTDC_Init
 .text.HAL_LTDC_IRQHandler
                0x0000000024057ffc      0x148 ./Drivers/STM32H7xx_HAL_Driver/Src/stm32h7xx_hal_ltdc.o
                0x0000000024057ffc                HAL_LTDC_IRQHandler
 .text.HAL_LTDC_ErrorCallback
                0x0000000024058144       0x14 ./Drivers/STM32H7xx_HAL_Driver/Src/stm32h7xx_hal_ltdc.o
                0x0000000024058144                HAL_LTDC_ErrorCallback
 .text.HAL_LTDC_LineEventCallback
                0x0000000024058158       0x14 ./Drivers/STM32H7xx_HAL_Driver/Src/stm32h7xx_hal_ltdc.o
                0x0000000024058158                HAL_LTDC_LineEventCallback
 .text.HAL_LTDC_ConfigLayer
                0x000000002405816c       0x7c ./Drivers/STM32H7xx_HAL_Driver/Src/stm32h7xx_hal_ltdc.o
                0x000000002405816c                HAL_LTDC_ConfigLayer
 .text.HAL_LTDC_SetAddress
                0x00000000240581e8       0x6c ./Drivers/STM32H7xx_HAL_Driver/Src/stm32h7xx_hal_ltdc.o
                0x00000000240581e8                HAL_LTDC_SetAddress
 .text.HAL_LTDC_Reload
                0x0000000024058254       0x5e ./Drivers/STM32H7xx_HAL_Driver/Src/stm32h7xx_hal_ltdc.o
                0x0000000024058254                HAL_LTDC_Reload
 *fill*         0x00000000240582b2        0x2 
 .text.LTDC_SetConfig
                0x00000000240582b4      0x334 ./Drivers/STM32H7xx_HAL_Driver/Src/stm32h7xx_hal_ltdc.o
 .text.HAL_MDMA_Abort_IT
                0x00000000240585e8       0x4e ./Drivers/STM32H7xx_HAL_Driver/Src/stm32h7xx_hal_mdma.o
                0x00000000240585e8                HAL_MDMA_Abort_IT
 *fill*         0x0000000024058636        0x2 
 .text.HAL_OSPI_Init
                0x0000000024058638      0x17c ./Drivers/STM32H7xx_HAL_Driver/Src/stm32h7xx_hal_ospi.o
                0x0000000024058638                HAL_OSPI_Init
 .text.HAL_OSPI_IRQHandler
                0x00000000240587b4      0x284 ./Drivers/STM32H7xx_HAL_Driver/Src/stm32h7xx_hal_ospi.o
                0x00000000240587b4                HAL_OSPI_IRQHandler
 .text.HAL_OSPI_Command
                0x0000000024058a38      0x11a ./Drivers/STM32H7xx_HAL_Driver/Src/stm32h7xx_hal_ospi.o
                0x0000000024058a38                HAL_OSPI_Command
 *fill*         0x0000000024058b52        0x2 
 .text.HAL_OSPI_MemoryMapped
                0x0000000024058b54       0x9c ./Drivers/STM32H7xx_HAL_Driver/Src/stm32h7xx_hal_ospi.o
                0x0000000024058b54                HAL_OSPI_MemoryMapped
 .text.HAL_OSPI_ErrorCallback
                0x0000000024058bf0       0x14 ./Drivers/STM32H7xx_HAL_Driver/Src/stm32h7xx_hal_ospi.o
                0x0000000024058bf0                HAL_OSPI_ErrorCallback
 .text.HAL_OSPI_AbortCpltCallback
                0x0000000024058c04       0x14 ./Drivers/STM32H7xx_HAL_Driver/Src/stm32h7xx_hal_ospi.o
                0x0000000024058c04                HAL_OSPI_AbortCpltCallback
 .text.HAL_OSPI_FifoThresholdCallback
                0x0000000024058c18       0x14 ./Drivers/STM32H7xx_HAL_Driver/Src/stm32h7xx_hal_ospi.o
                0x0000000024058c18                HAL_OSPI_FifoThresholdCallback
 .text.HAL_OSPI_CmdCpltCallback
                0x0000000024058c2c       0x14 ./Drivers/STM32H7xx_HAL_Driver/Src/stm32h7xx_hal_ospi.o
                0x0000000024058c2c                HAL_OSPI_CmdCpltCallback
 .text.HAL_OSPI_RxCpltCallback
                0x0000000024058c40       0x14 ./Drivers/STM32H7xx_HAL_Driver/Src/stm32h7xx_hal_ospi.o
                0x0000000024058c40                HAL_OSPI_RxCpltCallback
 .text.HAL_OSPI_TxCpltCallback
                0x0000000024058c54       0x14 ./Drivers/STM32H7xx_HAL_Driver/Src/stm32h7xx_hal_ospi.o
                0x0000000024058c54                HAL_OSPI_TxCpltCallback
 .text.HAL_OSPI_StatusMatchCallback
                0x0000000024058c68       0x14 ./Drivers/STM32H7xx_HAL_Driver/Src/stm32h7xx_hal_ospi.o
                0x0000000024058c68                HAL_OSPI_StatusMatchCallback
 .text.HAL_OSPI_TimeOutCallback
                0x0000000024058c7c       0x14 ./Drivers/STM32H7xx_HAL_Driver/Src/stm32h7xx_hal_ospi.o
                0x0000000024058c7c                HAL_OSPI_TimeOutCallback
 .text.HAL_OSPI_SetTimeout
                0x0000000024058c90       0x1e ./Drivers/STM32H7xx_HAL_Driver/Src/stm32h7xx_hal_ospi.o
                0x0000000024058c90                HAL_OSPI_SetTimeout
 *fill*         0x0000000024058cae        0x2 
 .text.HAL_OSPIM_Config
                0x0000000024058cb0      0xa2c ./Drivers/STM32H7xx_HAL_Driver/Src/stm32h7xx_hal_ospi.o
                0x0000000024058cb0                HAL_OSPIM_Config
 .text.OSPI_DMAAbortCplt
                0x00000000240596dc       0x78 ./Drivers/STM32H7xx_HAL_Driver/Src/stm32h7xx_hal_ospi.o
 .text.OSPI_WaitFlagStateUntilTimeout
                0x0000000024059754       0x6e ./Drivers/STM32H7xx_HAL_Driver/Src/stm32h7xx_hal_ospi.o
 *fill*         0x00000000240597c2        0x2 
 .text.OSPI_ConfigCmd
                0x00000000240597c4      0x2f4 ./Drivers/STM32H7xx_HAL_Driver/Src/stm32h7xx_hal_ospi.o
 .text.OSPIM_GetConfig
                0x0000000024059ab8      0x174 ./Drivers/STM32H7xx_HAL_Driver/Src/stm32h7xx_hal_ospi.o
 .text.HAL_PWR_EnableBkUpAccess
                0x0000000024059c2c       0x20 ./Drivers/STM32H7xx_HAL_Driver/Src/stm32h7xx_hal_pwr.o
                0x0000000024059c2c                HAL_PWR_EnableBkUpAccess
 .text.HAL_PWREx_ConfigSupply
                0x0000000024059c4c       0x74 ./Drivers/STM32H7xx_HAL_Driver/Src/stm32h7xx_hal_pwr_ex.o
                0x0000000024059c4c                HAL_PWREx_ConfigSupply
 .text.HAL_RCC_OscConfig
                0x0000000024059cc0      0x808 ./Drivers/STM32H7xx_HAL_Driver/Src/stm32h7xx_hal_rcc.o
                0x0000000024059cc0                HAL_RCC_OscConfig
 .text.HAL_RCC_ClockConfig
                0x000000002405a4c8      0x36c ./Drivers/STM32H7xx_HAL_Driver/Src/stm32h7xx_hal_rcc.o
                0x000000002405a4c8                HAL_RCC_ClockConfig
 .text.HAL_RCC_GetSysClockFreq
                0x000000002405a834      0x2f4 ./Drivers/STM32H7xx_HAL_Driver/Src/stm32h7xx_hal_rcc.o
                0x000000002405a834                HAL_RCC_GetSysClockFreq
 .text.HAL_RCC_GetHCLKFreq
                0x000000002405ab28       0x60 ./Drivers/STM32H7xx_HAL_Driver/Src/stm32h7xx_hal_rcc.o
                0x000000002405ab28                HAL_RCC_GetHCLKFreq
 .text.HAL_RCCEx_PeriphCLKConfig
                0x000000002405ab88      0xe18 ./Drivers/STM32H7xx_HAL_Driver/Src/stm32h7xx_hal_rcc_ex.o
                0x000000002405ab88                HAL_RCCEx_PeriphCLKConfig
 .text.HAL_RCCEx_GetPeriphCLKFreq
                0x000000002405b9a0      0x854 ./Drivers/STM32H7xx_HAL_Driver/Src/stm32h7xx_hal_rcc_ex.o
                0x000000002405b9a0                HAL_RCCEx_GetPeriphCLKFreq
 .text.HAL_RCCEx_GetD3PCLK1Freq
                0x000000002405c1f4       0x2c ./Drivers/STM32H7xx_HAL_Driver/Src/stm32h7xx_hal_rcc_ex.o
                0x000000002405c1f4                HAL_RCCEx_GetD3PCLK1Freq
 .text.HAL_RCCEx_GetPLL2ClockFreq
                0x000000002405c220      0x2a8 ./Drivers/STM32H7xx_HAL_Driver/Src/stm32h7xx_hal_rcc_ex.o
                0x000000002405c220                HAL_RCCEx_GetPLL2ClockFreq
 .text.HAL_RCCEx_GetPLL3ClockFreq
                0x000000002405c4c8      0x2a8 ./Drivers/STM32H7xx_HAL_Driver/Src/stm32h7xx_hal_rcc_ex.o
                0x000000002405c4c8                HAL_RCCEx_GetPLL3ClockFreq
 .text.HAL_RCCEx_GetPLL1ClockFreq
                0x000000002405c770      0x2a4 ./Drivers/STM32H7xx_HAL_Driver/Src/stm32h7xx_hal_rcc_ex.o
                0x000000002405c770                HAL_RCCEx_GetPLL1ClockFreq
 .text.RCCEx_PLL2_Config
                0x000000002405ca14      0x164 ./Drivers/STM32H7xx_HAL_Driver/Src/stm32h7xx_hal_rcc_ex.o
 .text.RCCEx_PLL3_Config
                0x000000002405cb78      0x164 ./Drivers/STM32H7xx_HAL_Driver/Src/stm32h7xx_hal_rcc_ex.o
 .text.HAL_RTC_Init
                0x000000002405ccdc       0xf8 ./Drivers/STM32H7xx_HAL_Driver/Src/stm32h7xx_hal_rtc.o
                0x000000002405ccdc                HAL_RTC_Init
 .text.HAL_RTC_SetTime
                0x000000002405cdd4      0x13c ./Drivers/STM32H7xx_HAL_Driver/Src/stm32h7xx_hal_rtc.o
                0x000000002405cdd4                HAL_RTC_SetTime
 .text.HAL_RTC_GetTime
                0x000000002405cf10       0xb8 ./Drivers/STM32H7xx_HAL_Driver/Src/stm32h7xx_hal_rtc.o
                0x000000002405cf10                HAL_RTC_GetTime
 .text.HAL_RTC_SetDate
                0x000000002405cfc8      0x110 ./Drivers/STM32H7xx_HAL_Driver/Src/stm32h7xx_hal_rtc.o
                0x000000002405cfc8                HAL_RTC_SetDate
 .text.HAL_RTC_GetDate
                0x000000002405d0d8       0x9c ./Drivers/STM32H7xx_HAL_Driver/Src/stm32h7xx_hal_rtc.o
                0x000000002405d0d8                HAL_RTC_GetDate
 .text.HAL_RTC_WaitForSynchro
                0x000000002405d174       0x4c ./Drivers/STM32H7xx_HAL_Driver/Src/stm32h7xx_hal_rtc.o
                0x000000002405d174                HAL_RTC_WaitForSynchro
 .text.RTC_EnterInitMode
                0x000000002405d1c0       0x6c ./Drivers/STM32H7xx_HAL_Driver/Src/stm32h7xx_hal_rtc.o
                0x000000002405d1c0                RTC_EnterInitMode
 .text.RTC_ExitInitMode
                0x000000002405d22c       0x7c ./Drivers/STM32H7xx_HAL_Driver/Src/stm32h7xx_hal_rtc.o
                0x000000002405d22c                RTC_ExitInitMode
 .text.RTC_ByteToBcd2
                0x000000002405d2a8       0x40 ./Drivers/STM32H7xx_HAL_Driver/Src/stm32h7xx_hal_rtc.o
                0x000000002405d2a8                RTC_ByteToBcd2
 .text.RTC_Bcd2ToByte
                0x000000002405d2e8       0x34 ./Drivers/STM32H7xx_HAL_Driver/Src/stm32h7xx_hal_rtc.o
                0x000000002405d2e8                RTC_Bcd2ToByte
 .text.HAL_SAI_InitProtocol
                0x000000002405d31c       0x62 ./Drivers/STM32H7xx_HAL_Driver/Src/stm32h7xx_hal_sai.o
                0x000000002405d31c                HAL_SAI_InitProtocol
 *fill*         0x000000002405d37e        0x2 
 .text.HAL_SAI_Init
                0x000000002405d380      0x404 ./Drivers/STM32H7xx_HAL_Driver/Src/stm32h7xx_hal_sai.o
                0x000000002405d380                HAL_SAI_Init
 .text.HAL_SAI_Abort
                0x000000002405d784      0x11e ./Drivers/STM32H7xx_HAL_Driver/Src/stm32h7xx_hal_sai.o
                0x000000002405d784                HAL_SAI_Abort
 *fill*         0x000000002405d8a2        0x2 
 .text.HAL_SAI_Transmit_DMA
                0x000000002405d8a4      0x16c ./Drivers/STM32H7xx_HAL_Driver/Src/stm32h7xx_hal_sai.o
                0x000000002405d8a4                HAL_SAI_Transmit_DMA
 .text.HAL_SAI_IRQHandler
                0x000000002405da10      0x370 ./Drivers/STM32H7xx_HAL_Driver/Src/stm32h7xx_hal_sai.o
                0x000000002405da10                HAL_SAI_IRQHandler
 .text.HAL_SAI_TxCpltCallback
                0x000000002405dd80       0x14 ./Drivers/STM32H7xx_HAL_Driver/Src/stm32h7xx_hal_sai.o
                0x000000002405dd80                HAL_SAI_TxCpltCallback
 .text.HAL_SAI_TxHalfCpltCallback
                0x000000002405dd94       0x14 ./Drivers/STM32H7xx_HAL_Driver/Src/stm32h7xx_hal_sai.o
                0x000000002405dd94                HAL_SAI_TxHalfCpltCallback
 .text.HAL_SAI_ErrorCallback
                0x000000002405dda8       0x14 ./Drivers/STM32H7xx_HAL_Driver/Src/stm32h7xx_hal_sai.o
                0x000000002405dda8                HAL_SAI_ErrorCallback
 .text.SAI_InitI2S
                0x000000002405ddbc      0x164 ./Drivers/STM32H7xx_HAL_Driver/Src/stm32h7xx_hal_sai.o
 .text.SAI_InitPCM
                0x000000002405df20      0x104 ./Drivers/STM32H7xx_HAL_Driver/Src/stm32h7xx_hal_sai.o
 .text.SAI_InterruptFlag
                0x000000002405e024       0x6e ./Drivers/STM32H7xx_HAL_Driver/Src/stm32h7xx_hal_sai.o
 *fill*         0x000000002405e092        0x2 
 .text.SAI_Disable
                0x000000002405e094       0x74 ./Drivers/STM32H7xx_HAL_Driver/Src/stm32h7xx_hal_sai.o
 .text.SAI_DMATxCplt
                0x000000002405e108       0x60 ./Drivers/STM32H7xx_HAL_Driver/Src/stm32h7xx_hal_sai.o
 .text.SAI_DMATxHalfCplt
                0x000000002405e168       0x1c ./Drivers/STM32H7xx_HAL_Driver/Src/stm32h7xx_hal_sai.o
 .text.SAI_DMAError
                0x000000002405e184       0x5e ./Drivers/STM32H7xx_HAL_Driver/Src/stm32h7xx_hal_sai.o
 .text.SAI_DMAAbort
                0x000000002405e1e2       0x6e ./Drivers/STM32H7xx_HAL_Driver/Src/stm32h7xx_hal_sai.o
 .text.HAL_SPI_Init
                0x000000002405e250      0x20c ./Drivers/STM32H7xx_HAL_Driver/Src/stm32h7xx_hal_spi.o
                0x000000002405e250                HAL_SPI_Init
 .text.HAL_SPI_Transmit
                0x000000002405e45c      0x3e4 ./Drivers/STM32H7xx_HAL_Driver/Src/stm32h7xx_hal_spi.o
                0x000000002405e45c                HAL_SPI_Transmit
 .text.SPI_CloseTransfer
                0x000000002405e840      0x140 ./Drivers/STM32H7xx_HAL_Driver/Src/stm32h7xx_hal_spi.o
 .text.SPI_WaitOnFlagUntilTimeout
                0x000000002405e980       0x5c ./Drivers/STM32H7xx_HAL_Driver/Src/stm32h7xx_hal_spi.o
 .text.SPI_GetPacketSize
                0x000000002405e9dc       0x36 ./Drivers/STM32H7xx_HAL_Driver/Src/stm32h7xx_hal_spi.o
 *fill*         0x000000002405ea12        0x2 
 .text.__errno  0x000000002405ea14        0xc c:/st/stm32cubeide_1.8.0/stm32cubeide/plugins/com.st.stm32cube.ide.mcu.externaltools.gnu-tools-for-stm32.9-2020-q2-update.win32_2.0.0.202105311346/tools/bin/../lib/gcc/arm-none-eabi/9.3.1/../../../../arm-none-eabi/lib/thumb/v7e-m+dp/hard\libc_nano.a(lib_a-errno.o)
                0x000000002405ea14                __errno
 .text.__libc_init_array
                0x000000002405ea20       0x48 c:/st/stm32cubeide_1.8.0/stm32cubeide/plugins/com.st.stm32cube.ide.mcu.externaltools.gnu-tools-for-stm32.9-2020-q2-update.win32_2.0.0.202105311346/tools/bin/../lib/gcc/arm-none-eabi/9.3.1/../../../../arm-none-eabi/lib/thumb/v7e-m+dp/hard\libc_nano.a(lib_a-init.o)
                0x000000002405ea20                __libc_init_array
 .text.memcpy   0x000000002405ea68       0x1c c:/st/stm32cubeide_1.8.0/stm32cubeide/plugins/com.st.stm32cube.ide.mcu.externaltools.gnu-tools-for-stm32.9-2020-q2-update.win32_2.0.0.202105311346/tools/bin/../lib/gcc/arm-none-eabi/9.3.1/../../../../arm-none-eabi/lib/thumb/v7e-m+dp/hard\libc_nano.a(lib_a-memcpy-stub.o)
                0x000000002405ea68                memcpy
 .text.memset   0x000000002405ea84       0x10 c:/st/stm32cubeide_1.8.0/stm32cubeide/plugins/com.st.stm32cube.ide.mcu.externaltools.gnu-tools-for-stm32.9-2020-q2-update.win32_2.0.0.202105311346/tools/bin/../lib/gcc/arm-none-eabi/9.3.1/../../../../arm-none-eabi/lib/thumb/v7e-m+dp/hard\libc_nano.a(lib_a-memset.o)
                0x000000002405ea84                memset
 .text.srand    0x000000002405ea94       0x5c c:/st/stm32cubeide_1.8.0/stm32cubeide/plugins/com.st.stm32cube.ide.mcu.externaltools.gnu-tools-for-stm32.9-2020-q2-update.win32_2.0.0.202105311346/tools/bin/../lib/gcc/arm-none-eabi/9.3.1/../../../../arm-none-eabi/lib/thumb/v7e-m+dp/hard\libc_nano.a(lib_a-rand.o)
                0x000000002405ea94                srand
 .text.rand     0x000000002405eaf0       0x80 c:/st/stm32cubeide_1.8.0/stm32cubeide/plugins/com.st.stm32cube.ide.mcu.externaltools.gnu-tools-for-stm32.9-2020-q2-update.win32_2.0.0.202105311346/tools/bin/../lib/gcc/arm-none-eabi/9.3.1/../../../../arm-none-eabi/lib/thumb/v7e-m+dp/hard\libc_nano.a(lib_a-rand.o)
                0x000000002405eaf0                rand
 .text.sprintf  0x000000002405eb70       0x40 c:/st/stm32cubeide_1.8.0/stm32cubeide/plugins/com.st.stm32cube.ide.mcu.externaltools.gnu-tools-for-stm32.9-2020-q2-update.win32_2.0.0.202105311346/tools/bin/../lib/gcc/arm-none-eabi/9.3.1/../../../../arm-none-eabi/lib/thumb/v7e-m+dp/hard\libc_nano.a(lib_a-sprintf.o)
                0x000000002405eb70                siprintf
                0x000000002405eb70                sprintf
 .text.__assert_func
                0x000000002405ebb0       0x3c c:/st/stm32cubeide_1.8.0/stm32cubeide/plugins/com.st.stm32cube.ide.mcu.externaltools.gnu-tools-for-stm32.9-2020-q2-update.win32_2.0.0.202105311346/tools/bin/../lib/gcc/arm-none-eabi/9.3.1/../../../../arm-none-eabi/lib/thumb/v7e-m+dp/hard\libc_nano.a(lib_a-assert.o)
                0x000000002405ebb0                __assert_func
 .text.fprintf  0x000000002405ebec       0x24 c:/st/stm32cubeide_1.8.0/stm32cubeide/plugins/com.st.stm32cube.ide.mcu.externaltools.gnu-tools-for-stm32.9-2020-q2-update.win32_2.0.0.202105311346/tools/bin/../lib/gcc/arm-none-eabi/9.3.1/../../../../arm-none-eabi/lib/thumb/v7e-m+dp/hard\libc_nano.a(lib_a-fprintf.o)
                0x000000002405ebec                fiprintf
                0x000000002405ebec                fprintf
 .text.malloc   0x000000002405ec10       0x10 c:/st/stm32cubeide_1.8.0/stm32cubeide/plugins/com.st.stm32cube.ide.mcu.externaltools.gnu-tools-for-stm32.9-2020-q2-update.win32_2.0.0.202105311346/tools/bin/../lib/gcc/arm-none-eabi/9.3.1/../../../../arm-none-eabi/lib/thumb/v7e-m+dp/hard\libc_nano.a(lib_a-malloc.o)
                0x000000002405ec10                malloc
 .text._free_r  0x000000002405ec20       0xa0 c:/st/stm32cubeide_1.8.0/stm32cubeide/plugins/com.st.stm32cube.ide.mcu.externaltools.gnu-tools-for-stm32.9-2020-q2-update.win32_2.0.0.202105311346/tools/bin/../lib/gcc/arm-none-eabi/9.3.1/../../../../arm-none-eabi/lib/thumb/v7e-m+dp/hard\libc_nano.a(lib_a-nano-freer.o)
                0x000000002405ec20                _free_r
 .text._malloc_r
                0x000000002405ecc0       0xb4 c:/st/stm32cubeide_1.8.0/stm32cubeide/plugins/com.st.stm32cube.ide.mcu.externaltools.gnu-tools-for-stm32.9-2020-q2-update.win32_2.0.0.202105311346/tools/bin/../lib/gcc/arm-none-eabi/9.3.1/../../../../arm-none-eabi/lib/thumb/v7e-m+dp/hard\libc_nano.a(lib_a-nano-mallocr.o)
                0x000000002405ecc0                _malloc_r
 .text.__ssputs_r
                0x000000002405ed74       0xb6 c:/st/stm32cubeide_1.8.0/stm32cubeide/plugins/com.st.stm32cube.ide.mcu.externaltools.gnu-tools-for-stm32.9-2020-q2-update.win32_2.0.0.202105311346/tools/bin/../lib/gcc/arm-none-eabi/9.3.1/../../../../arm-none-eabi/lib/thumb/v7e-m+dp/hard\libc_nano.a(lib_a-nano-svfprintf.o)
                0x000000002405ed74                __ssputs_r
 *fill*         0x000000002405ee2a        0x2 
 .text._svfprintf_r
                0x000000002405ee2c      0x200 c:/st/stm32cubeide_1.8.0/stm32cubeide/plugins/com.st.stm32cube.ide.mcu.externaltools.gnu-tools-for-stm32.9-2020-q2-update.win32_2.0.0.202105311346/tools/bin/../lib/gcc/arm-none-eabi/9.3.1/../../../../arm-none-eabi/lib/thumb/v7e-m+dp/hard\libc_nano.a(lib_a-nano-svfprintf.o)
                0x000000002405ee2c                _svfiprintf_r
                0x000000002405ee2c                _svfprintf_r
 .text.__sfputc_r
                0x000000002405f02c       0x2e c:/st/stm32cubeide_1.8.0/stm32cubeide/plugins/com.st.stm32cube.ide.mcu.externaltools.gnu-tools-for-stm32.9-2020-q2-update.win32_2.0.0.202105311346/tools/bin/../lib/gcc/arm-none-eabi/9.3.1/../../../../arm-none-eabi/lib/thumb/v7e-m+dp/hard\libc_nano.a(lib_a-nano-vfprintf.o)
 .text.__sfputs_r
                0x000000002405f05a       0x24 c:/st/stm32cubeide_1.8.0/stm32cubeide/plugins/com.st.stm32cube.ide.mcu.externaltools.gnu-tools-for-stm32.9-2020-q2-update.win32_2.0.0.202105311346/tools/bin/../lib/gcc/arm-none-eabi/9.3.1/../../../../arm-none-eabi/lib/thumb/v7e-m+dp/hard\libc_nano.a(lib_a-nano-vfprintf.o)
                0x000000002405f05a                __sfputs_r
 *fill*         0x000000002405f07e        0x2 
 .text._vfprintf_r
                0x000000002405f080      0x260 c:/st/stm32cubeide_1.8.0/stm32cubeide/plugins/com.st.stm32cube.ide.mcu.externaltools.gnu-tools-for-stm32.9-2020-q2-update.win32_2.0.0.202105311346/tools/bin/../lib/gcc/arm-none-eabi/9.3.1/../../../../arm-none-eabi/lib/thumb/v7e-m+dp/hard\libc_nano.a(lib_a-nano-vfprintf.o)
                0x000000002405f080                _vfprintf_r
                0x000000002405f080                _vfiprintf_r
 .text._printf_common
                0x000000002405f2e0       0xda c:/st/stm32cubeide_1.8.0/stm32cubeide/plugins/com.st.stm32cube.ide.mcu.externaltools.gnu-tools-for-stm32.9-2020-q2-update.win32_2.0.0.202105311346/tools/bin/../lib/gcc/arm-none-eabi/9.3.1/../../../../arm-none-eabi/lib/thumb/v7e-m+dp/hard\libc_nano.a(lib_a-nano-vfprintf_i.o)
                0x000000002405f2e0                _printf_common
 *fill*         0x000000002405f3ba        0x2 
 .text._printf_i
                0x000000002405f3bc      0x24c c:/st/stm32cubeide_1.8.0/stm32cubeide/plugins/com.st.stm32cube.ide.mcu.externaltools.gnu-tools-for-stm32.9-2020-q2-update.win32_2.0.0.202105311346/tools/bin/../lib/gcc/arm-none-eabi/9.3.1/../../../../arm-none-eabi/lib/thumb/v7e-m+dp/hard\libc_nano.a(lib_a-nano-vfprintf_i.o)
                0x000000002405f3bc                _printf_i
 .text._sbrk_r  0x000000002405f608       0x20 c:/st/stm32cubeide_1.8.0/stm32cubeide/plugins/com.st.stm32cube.ide.mcu.externaltools.gnu-tools-for-stm32.9-2020-q2-update.win32_2.0.0.202105311346/tools/bin/../lib/gcc/arm-none-eabi/9.3.1/../../../../arm-none-eabi/lib/thumb/v7e-m+dp/hard\libc_nano.a(lib_a-sbrkr.o)
                0x000000002405f608                _sbrk_r
 .text.__swbuf_r
                0x000000002405f628       0xa4 c:/st/stm32cubeide_1.8.0/stm32cubeide/plugins/com.st.stm32cube.ide.mcu.externaltools.gnu-tools-for-stm32.9-2020-q2-update.win32_2.0.0.202105311346/tools/bin/../lib/gcc/arm-none-eabi/9.3.1/../../../../arm-none-eabi/lib/thumb/v7e-m+dp/hard\libc_nano.a(lib_a-wbuf.o)
                0x000000002405f628                __swbuf_r
 .text.__swsetup_r
                0x000000002405f6cc       0xdc c:/st/stm32cubeide_1.8.0/stm32cubeide/plugins/com.st.stm32cube.ide.mcu.externaltools.gnu-tools-for-stm32.9-2020-q2-update.win32_2.0.0.202105311346/tools/bin/../lib/gcc/arm-none-eabi/9.3.1/../../../../arm-none-eabi/lib/thumb/v7e-m+dp/hard\libc_nano.a(lib_a-wsetup.o)
                0x000000002405f6cc                __swsetup_r
 .text.abort    0x000000002405f7a8        0xe c:/st/stm32cubeide_1.8.0/stm32cubeide/plugins/com.st.stm32cube.ide.mcu.externaltools.gnu-tools-for-stm32.9-2020-q2-update.win32_2.0.0.202105311346/tools/bin/../lib/gcc/arm-none-eabi/9.3.1/../../../../arm-none-eabi/lib/thumb/v7e-m+dp/hard\libc_nano.a(lib_a-abort.o)
                0x000000002405f7a8                abort
 *fill*         0x000000002405f7b6        0x2 
 .text.__sflush_r
                0x000000002405f7b8      0x10c c:/st/stm32cubeide_1.8.0/stm32cubeide/plugins/com.st.stm32cube.ide.mcu.externaltools.gnu-tools-for-stm32.9-2020-q2-update.win32_2.0.0.202105311346/tools/bin/../lib/gcc/arm-none-eabi/9.3.1/../../../../arm-none-eabi/lib/thumb/v7e-m+dp/hard\libc_nano.a(lib_a-fflush.o)
                0x000000002405f7b8                __sflush_r
 .text._fflush_r
                0x000000002405f8c4       0x78 c:/st/stm32cubeide_1.8.0/stm32cubeide/plugins/com.st.stm32cube.ide.mcu.externaltools.gnu-tools-for-stm32.9-2020-q2-update.win32_2.0.0.202105311346/tools/bin/../lib/gcc/arm-none-eabi/9.3.1/../../../../arm-none-eabi/lib/thumb/v7e-m+dp/hard\libc_nano.a(lib_a-fflush.o)
                0x000000002405f8c4                _fflush_r
 .text.std      0x000000002405f93c       0x48 c:/st/stm32cubeide_1.8.0/stm32cubeide/plugins/com.st.stm32cube.ide.mcu.externaltools.gnu-tools-for-stm32.9-2020-q2-update.win32_2.0.0.202105311346/tools/bin/../lib/gcc/arm-none-eabi/9.3.1/../../../../arm-none-eabi/lib/thumb/v7e-m+dp/hard\libc_nano.a(lib_a-findfp.o)
 .text._cleanup_r
                0x000000002405f984        0xc c:/st/stm32cubeide_1.8.0/stm32cubeide/plugins/com.st.stm32cube.ide.mcu.externaltools.gnu-tools-for-stm32.9-2020-q2-update.win32_2.0.0.202105311346/tools/bin/../lib/gcc/arm-none-eabi/9.3.1/../../../../arm-none-eabi/lib/thumb/v7e-m+dp/hard\libc_nano.a(lib_a-findfp.o)
                0x000000002405f984                _cleanup_r
 .text.__sfmoreglue
                0x000000002405f990       0x2c c:/st/stm32cubeide_1.8.0/stm32cubeide/plugins/com.st.stm32cube.ide.mcu.externaltools.gnu-tools-for-stm32.9-2020-q2-update.win32_2.0.0.202105311346/tools/bin/../lib/gcc/arm-none-eabi/9.3.1/../../../../arm-none-eabi/lib/thumb/v7e-m+dp/hard\libc_nano.a(lib_a-findfp.o)
                0x000000002405f990                __sfmoreglue
 .text.__sfp_lock_acquire
                0x000000002405f9bc        0xc c:/st/stm32cubeide_1.8.0/stm32cubeide/plugins/com.st.stm32cube.ide.mcu.externaltools.gnu-tools-for-stm32.9-2020-q2-update.win32_2.0.0.202105311346/tools/bin/../lib/gcc/arm-none-eabi/9.3.1/../../../../arm-none-eabi/lib/thumb/v7e-m+dp/hard\libc_nano.a(lib_a-findfp.o)
                0x000000002405f9bc                __sfp_lock_acquire
 .text.__sfp_lock_release
                0x000000002405f9c8        0xc c:/st/stm32cubeide_1.8.0/stm32cubeide/plugins/com.st.stm32cube.ide.mcu.externaltools.gnu-tools-for-stm32.9-2020-q2-update.win32_2.0.0.202105311346/tools/bin/../lib/gcc/arm-none-eabi/9.3.1/../../../../arm-none-eabi/lib/thumb/v7e-m+dp/hard\libc_nano.a(lib_a-findfp.o)
                0x000000002405f9c8                __sfp_lock_release
 .text.__sinit_lock_acquire
                0x000000002405f9d4        0xc c:/st/stm32cubeide_1.8.0/stm32cubeide/plugins/com.st.stm32cube.ide.mcu.externaltools.gnu-tools-for-stm32.9-2020-q2-update.win32_2.0.0.202105311346/tools/bin/../lib/gcc/arm-none-eabi/9.3.1/../../../../arm-none-eabi/lib/thumb/v7e-m+dp/hard\libc_nano.a(lib_a-findfp.o)
                0x000000002405f9d4                __sinit_lock_acquire
 .text.__sinit_lock_release
                0x000000002405f9e0        0xc c:/st/stm32cubeide_1.8.0/stm32cubeide/plugins/com.st.stm32cube.ide.mcu.externaltools.gnu-tools-for-stm32.9-2020-q2-update.win32_2.0.0.202105311346/tools/bin/../lib/gcc/arm-none-eabi/9.3.1/../../../../arm-none-eabi/lib/thumb/v7e-m+dp/hard\libc_nano.a(lib_a-findfp.o)
                0x000000002405f9e0                __sinit_lock_release
 .text.__sinit  0x000000002405f9ec       0x70 c:/st/stm32cubeide_1.8.0/stm32cubeide/plugins/com.st.stm32cube.ide.mcu.externaltools.gnu-tools-for-stm32.9-2020-q2-update.win32_2.0.0.202105311346/tools/bin/../lib/gcc/arm-none-eabi/9.3.1/../../../../arm-none-eabi/lib/thumb/v7e-m+dp/hard\libc_nano.a(lib_a-findfp.o)
                0x000000002405f9ec                __sinit
 .text.__sfp    0x000000002405fa5c       0x8c c:/st/stm32cubeide_1.8.0/stm32cubeide/plugins/com.st.stm32cube.ide.mcu.externaltools.gnu-tools-for-stm32.9-2020-q2-update.win32_2.0.0.202105311346/tools/bin/../lib/gcc/arm-none-eabi/9.3.1/../../../../arm-none-eabi/lib/thumb/v7e-m+dp/hard\libc_nano.a(lib_a-findfp.o)
                0x000000002405fa5c                __sfp
 .text._fwalk_reent
                0x000000002405fae8       0x3e c:/st/stm32cubeide_1.8.0/stm32cubeide/plugins/com.st.stm32cube.ide.mcu.externaltools.gnu-tools-for-stm32.9-2020-q2-update.win32_2.0.0.202105311346/tools/bin/../lib/gcc/arm-none-eabi/9.3.1/../../../../arm-none-eabi/lib/thumb/v7e-m+dp/hard\libc_nano.a(lib_a-fwalk.o)
                0x000000002405fae8                _fwalk_reent
 .text.__retarget_lock_init_recursive
                0x000000002405fb26        0x2 c:/st/stm32cubeide_1.8.0/stm32cubeide/plugins/com.st.stm32cube.ide.mcu.externaltools.gnu-tools-for-stm32.9-2020-q2-update.win32_2.0.0.202105311346/tools/bin/../lib/gcc/arm-none-eabi/9.3.1/../../../../arm-none-eabi/lib/thumb/v7e-m+dp/hard\libc_nano.a(lib_a-lock.o)
                0x000000002405fb26                __retarget_lock_init_recursive
 .text.__retarget_lock_acquire_recursive
                0x000000002405fb28        0x2 c:/st/stm32cubeide_1.8.0/stm32cubeide/plugins/com.st.stm32cube.ide.mcu.externaltools.gnu-tools-for-stm32.9-2020-q2-update.win32_2.0.0.202105311346/tools/bin/../lib/gcc/arm-none-eabi/9.3.1/../../../../arm-none-eabi/lib/thumb/v7e-m+dp/hard\libc_nano.a(lib_a-lock.o)
                0x000000002405fb28                __retarget_lock_acquire_recursive
 .text.__retarget_lock_release_recursive
                0x000000002405fb2a        0x2 c:/st/stm32cubeide_1.8.0/stm32cubeide/plugins/com.st.stm32cube.ide.mcu.externaltools.gnu-tools-for-stm32.9-2020-q2-update.win32_2.0.0.202105311346/tools/bin/../lib/gcc/arm-none-eabi/9.3.1/../../../../arm-none-eabi/lib/thumb/v7e-m+dp/hard\libc_nano.a(lib_a-lock.o)
                0x000000002405fb2a                __retarget_lock_release_recursive
 .text.__swhatbuf_r
                0x000000002405fb2c       0x48 c:/st/stm32cubeide_1.8.0/stm32cubeide/plugins/com.st.stm32cube.ide.mcu.externaltools.gnu-tools-for-stm32.9-2020-q2-update.win32_2.0.0.202105311346/tools/bin/../lib/gcc/arm-none-eabi/9.3.1/../../../../arm-none-eabi/lib/thumb/v7e-m+dp/hard\libc_nano.a(lib_a-makebuf.o)
                0x000000002405fb2c                __swhatbuf_r
 .text.__smakebuf_r
                0x000000002405fb74       0x80 c:/st/stm32cubeide_1.8.0/stm32cubeide/plugins/com.st.stm32cube.ide.mcu.externaltools.gnu-tools-for-stm32.9-2020-q2-update.win32_2.0.0.202105311346/tools/bin/../lib/gcc/arm-none-eabi/9.3.1/../../../../arm-none-eabi/lib/thumb/v7e-m+dp/hard\libc_nano.a(lib_a-makebuf.o)
                0x000000002405fb74                __smakebuf_r
 .text.memmove  0x000000002405fbf4       0x34 c:/st/stm32cubeide_1.8.0/stm32cubeide/plugins/com.st.stm32cube.ide.mcu.externaltools.gnu-tools-for-stm32.9-2020-q2-update.win32_2.0.0.202105311346/tools/bin/../lib/gcc/arm-none-eabi/9.3.1/../../../../arm-none-eabi/lib/thumb/v7e-m+dp/hard\libc_nano.a(lib_a-memmove.o)
                0x000000002405fbf4                memmove
 .text.__malloc_lock
                0x000000002405fc28        0xc c:/st/stm32cubeide_1.8.0/stm32cubeide/plugins/com.st.stm32cube.ide.mcu.externaltools.gnu-tools-for-stm32.9-2020-q2-update.win32_2.0.0.202105311346/tools/bin/../lib/gcc/arm-none-eabi/9.3.1/../../../../arm-none-eabi/lib/thumb/v7e-m+dp/hard\libc_nano.a(lib_a-mlock.o)
                0x000000002405fc28                __malloc_lock
 .text.__malloc_unlock
                0x000000002405fc34        0xc c:/st/stm32cubeide_1.8.0/stm32cubeide/plugins/com.st.stm32cube.ide.mcu.externaltools.gnu-tools-for-stm32.9-2020-q2-update.win32_2.0.0.202105311346/tools/bin/../lib/gcc/arm-none-eabi/9.3.1/../../../../arm-none-eabi/lib/thumb/v7e-m+dp/hard\libc_nano.a(lib_a-mlock.o)
                0x000000002405fc34                __malloc_unlock
 .text._realloc_r
                0x000000002405fc40       0x4c c:/st/stm32cubeide_1.8.0/stm32cubeide/plugins/com.st.stm32cube.ide.mcu.externaltools.gnu-tools-for-stm32.9-2020-q2-update.win32_2.0.0.202105311346/tools/bin/../lib/gcc/arm-none-eabi/9.3.1/../../../../arm-none-eabi/lib/thumb/v7e-m+dp/hard\libc_nano.a(lib_a-nano-reallocr.o)
                0x000000002405fc40                _realloc_r
 .text._raise_r
                0x000000002405fc8c       0x50 c:/st/stm32cubeide_1.8.0/stm32cubeide/plugins/com.st.stm32cube.ide.mcu.externaltools.gnu-tools-for-stm32.9-2020-q2-update.win32_2.0.0.202105311346/tools/bin/../lib/gcc/arm-none-eabi/9.3.1/../../../../arm-none-eabi/lib/thumb/v7e-m+dp/hard\libc_nano.a(lib_a-signal.o)
                0x000000002405fc8c                _raise_r
 .text.raise    0x000000002405fcdc       0x10 c:/st/stm32cubeide_1.8.0/stm32cubeide/plugins/com.st.stm32cube.ide.mcu.externaltools.gnu-tools-for-stm32.9-2020-q2-update.win32_2.0.0.202105311346/tools/bin/../lib/gcc/arm-none-eabi/9.3.1/../../../../arm-none-eabi/lib/thumb/v7e-m+dp/hard\libc_nano.a(lib_a-signal.o)
                0x000000002405fcdc                raise
 .text._kill_r  0x000000002405fcec       0x24 c:/st/stm32cubeide_1.8.0/stm32cubeide/plugins/com.st.stm32cube.ide.mcu.externaltools.gnu-tools-for-stm32.9-2020-q2-update.win32_2.0.0.202105311346/tools/bin/../lib/gcc/arm-none-eabi/9.3.1/../../../../arm-none-eabi/lib/thumb/v7e-m+dp/hard\libc_nano.a(lib_a-signalr.o)
                0x000000002405fcec                _kill_r
 .text._getpid_r
                0x000000002405fd10        0x4 c:/st/stm32cubeide_1.8.0/stm32cubeide/plugins/com.st.stm32cube.ide.mcu.externaltools.gnu-tools-for-stm32.9-2020-q2-update.win32_2.0.0.202105311346/tools/bin/../lib/gcc/arm-none-eabi/9.3.1/../../../../arm-none-eabi/lib/thumb/v7e-m+dp/hard\libc_nano.a(lib_a-signalr.o)
                0x000000002405fd10                _getpid_r
 .text.__sread  0x000000002405fd14       0x22 c:/st/stm32cubeide_1.8.0/stm32cubeide/plugins/com.st.stm32cube.ide.mcu.externaltools.gnu-tools-for-stm32.9-2020-q2-update.win32_2.0.0.202105311346/tools/bin/../lib/gcc/arm-none-eabi/9.3.1/../../../../arm-none-eabi/lib/thumb/v7e-m+dp/hard\libc_nano.a(lib_a-stdio.o)
                0x000000002405fd14                __sread
 .text.__swrite
                0x000000002405fd36       0x38 c:/st/stm32cubeide_1.8.0/stm32cubeide/plugins/com.st.stm32cube.ide.mcu.externaltools.gnu-tools-for-stm32.9-2020-q2-update.win32_2.0.0.202105311346/tools/bin/../lib/gcc/arm-none-eabi/9.3.1/../../../../arm-none-eabi/lib/thumb/v7e-m+dp/hard\libc_nano.a(lib_a-stdio.o)
                0x000000002405fd36                __swrite
 .text.__sseek  0x000000002405fd6e       0x24 c:/st/stm32cubeide_1.8.0/stm32cubeide/plugins/com.st.stm32cube.ide.mcu.externaltools.gnu-tools-for-stm32.9-2020-q2-update.win32_2.0.0.202105311346/tools/bin/../lib/gcc/arm-none-eabi/9.3.1/../../../../arm-none-eabi/lib/thumb/v7e-m+dp/hard\libc_nano.a(lib_a-stdio.o)
                0x000000002405fd6e                __sseek
 .text.__sclose
                0x000000002405fd92        0x8 c:/st/stm32cubeide_1.8.0/stm32cubeide/plugins/com.st.stm32cube.ide.mcu.externaltools.gnu-tools-for-stm32.9-2020-q2-update.win32_2.0.0.202105311346/tools/bin/../lib/gcc/arm-none-eabi/9.3.1/../../../../arm-none-eabi/lib/thumb/v7e-m+dp/hard\libc_nano.a(lib_a-stdio.o)
                0x000000002405fd92                __sclose
 *fill*         0x000000002405fd9a        0x2 
 .text._write_r
                0x000000002405fd9c       0x24 c:/st/stm32cubeide_1.8.0/stm32cubeide/plugins/com.st.stm32cube.ide.mcu.externaltools.gnu-tools-for-stm32.9-2020-q2-update.win32_2.0.0.202105311346/tools/bin/../lib/gcc/arm-none-eabi/9.3.1/../../../../arm-none-eabi/lib/thumb/v7e-m+dp/hard\libc_nano.a(lib_a-writer.o)
                0x000000002405fd9c                _write_r
 .text._close_r
                0x000000002405fdc0       0x20 c:/st/stm32cubeide_1.8.0/stm32cubeide/plugins/com.st.stm32cube.ide.mcu.externaltools.gnu-tools-for-stm32.9-2020-q2-update.win32_2.0.0.202105311346/tools/bin/../lib/gcc/arm-none-eabi/9.3.1/../../../../arm-none-eabi/lib/thumb/v7e-m+dp/hard\libc_nano.a(lib_a-closer.o)
                0x000000002405fdc0                _close_r
 .text._fstat_r
                0x000000002405fde0       0x24 c:/st/stm32cubeide_1.8.0/stm32cubeide/plugins/com.st.stm32cube.ide.mcu.externaltools.gnu-tools-for-stm32.9-2020-q2-update.win32_2.0.0.202105311346/tools/bin/../lib/gcc/arm-none-eabi/9.3.1/../../../../arm-none-eabi/lib/thumb/v7e-m+dp/hard\libc_nano.a(lib_a-fstatr.o)
                0x000000002405fde0                _fstat_r
 .text._isatty_r
                0x000000002405fe04       0x20 c:/st/stm32cubeide_1.8.0/stm32cubeide/plugins/com.st.stm32cube.ide.mcu.externaltools.gnu-tools-for-stm32.9-2020-q2-update.win32_2.0.0.202105311346/tools/bin/../lib/gcc/arm-none-eabi/9.3.1/../../../../arm-none-eabi/lib/thumb/v7e-m+dp/hard\libc_nano.a(lib_a-isattyr.o)
                0x000000002405fe04                _isatty_r
 .text._lseek_r
                0x000000002405fe24       0x24 c:/st/stm32cubeide_1.8.0/stm32cubeide/plugins/com.st.stm32cube.ide.mcu.externaltools.gnu-tools-for-stm32.9-2020-q2-update.win32_2.0.0.202105311346/tools/bin/../lib/gcc/arm-none-eabi/9.3.1/../../../../arm-none-eabi/lib/thumb/v7e-m+dp/hard\libc_nano.a(lib_a-lseekr.o)
                0x000000002405fe24                _lseek_r
 .text._malloc_usable_size_r
                0x000000002405fe48       0x10 c:/st/stm32cubeide_1.8.0/stm32cubeide/plugins/com.st.stm32cube.ide.mcu.externaltools.gnu-tools-for-stm32.9-2020-q2-update.win32_2.0.0.202105311346/tools/bin/../lib/gcc/arm-none-eabi/9.3.1/../../../../arm-none-eabi/lib/thumb/v7e-m+dp/hard\libc_nano.a(lib_a-nano-msizer.o)
                0x000000002405fe48                _malloc_usable_size_r
 .text._read_r  0x000000002405fe58       0x24 c:/st/stm32cubeide_1.8.0/stm32cubeide/plugins/com.st.stm32cube.ide.mcu.externaltools.gnu-tools-for-stm32.9-2020-q2-update.win32_2.0.0.202105311346/tools/bin/../lib/gcc/arm-none-eabi/9.3.1/../../../../arm-none-eabi/lib/thumb/v7e-m+dp/hard\libc_nano.a(lib_a-readr.o)
                0x000000002405fe58                _read_r
 *(.glue_7)
 .glue_7        0x000000002405fe7c        0x0 linker stubs
 *(.glue_7t)
 .glue_7t       0x000000002405fe7c        0x0 linker stubs
 *(.eh_frame)
 .eh_frame      0x000000002405fe7c        0x0 c:/st/stm32cubeide_1.8.0/stm32cubeide/plugins/com.st.stm32cube.ide.mcu.externaltools.gnu-tools-for-stm32.9-2020-q2-update.win32_2.0.0.202105311346/tools/bin/../lib/gcc/arm-none-eabi/9.3.1/thumb/v7e-m+dp/hard/crtbegin.o
 *(.init)
 .init          0x000000002405fe7c        0x4 c:/st/stm32cubeide_1.8.0/stm32cubeide/plugins/com.st.stm32cube.ide.mcu.externaltools.gnu-tools-for-stm32.9-2020-q2-update.win32_2.0.0.202105311346/tools/bin/../lib/gcc/arm-none-eabi/9.3.1/thumb/v7e-m+dp/hard/crti.o
                0x000000002405fe7c                _init
 .init          0x000000002405fe80        0x8 c:/st/stm32cubeide_1.8.0/stm32cubeide/plugins/com.st.stm32cube.ide.mcu.externaltools.gnu-tools-for-stm32.9-2020-q2-update.win32_2.0.0.202105311346/tools/bin/../lib/gcc/arm-none-eabi/9.3.1/thumb/v7e-m+dp/hard/crtn.o
 *(.fini)
 .fini          0x000000002405fe88        0x4 c:/st/stm32cubeide_1.8.0/stm32cubeide/plugins/com.st.stm32cube.ide.mcu.externaltools.gnu-tools-for-stm32.9-2020-q2-update.win32_2.0.0.202105311346/tools/bin/../lib/gcc/arm-none-eabi/9.3.1/thumb/v7e-m+dp/hard/crti.o
                0x000000002405fe88                _fini
 .fini          0x000000002405fe8c        0x8 c:/st/stm32cubeide_1.8.0/stm32cubeide/plugins/com.st.stm32cube.ide.mcu.externaltools.gnu-tools-for-stm32.9-2020-q2-update.win32_2.0.0.202105311346/tools/bin/../lib/gcc/arm-none-eabi/9.3.1/thumb/v7e-m+dp/hard/crtn.o
                0x000000002405fe94                . = ALIGN (0x4)
                0x000000002405fe94                _etext = .

.vfp11_veneer   0x000000002405fe94        0x0
 .vfp11_veneer  0x000000002405fe94        0x0 linker stubs

.v4_bx          0x000000002405fe94        0x0
 .v4_bx         0x000000002405fe94        0x0 linker stubs

.iplt           0x000000002405fe94        0x0
 .iplt          0x000000002405fe94        0x0 c:/st/stm32cubeide_1.8.0/stm32cubeide/plugins/com.st.stm32cube.ide.mcu.externaltools.gnu-tools-for-stm32.9-2020-q2-update.win32_2.0.0.202105311346/tools/bin/../lib/gcc/arm-none-eabi/9.3.1/thumb/v7e-m+dp/hard/crtbegin.o

.rodata         0x000000002405fe94     0x11ec
                0x000000002405fe94                . = ALIGN (0x4)
 *(.rodata)
 .rodata        0x000000002405fe94        0xa ./Core/Src/game.o
 *fill*         0x000000002405fe9e        0x2 
 .rodata        0x000000002405fea0       0x27 ./Core/Src/lcd.o
 *(.rodata*)
 *fill*         0x000000002405fec7        0x1 
 .rodata.Font12_Table
                0x000000002405fec8      0x474 ./Core/Src/font12.o
                0x000000002405fec8                Font12_Table
 .rodata.Font16_Table
                0x000000002406033c      0xbe0 ./Core/Src/font16.o
                0x000000002406033c                Font16_Table
 .rodata.D1CorePrescTable
                0x0000000024060f1c       0x10 ./Core/Src/system_stm32h7xx.o
                0x0000000024060f1c                D1CorePrescTable
 .rodata.flagBitshiftOffset.12297
                0x0000000024060f2c        0x8 ./Drivers/STM32H7xx_HAL_Driver/Src/stm32h7xx_hal_dma.o
 .rodata._global_impure_ptr
                0x0000000024060f34        0x4 c:/st/stm32cubeide_1.8.0/stm32cubeide/plugins/com.st.stm32cube.ide.mcu.externaltools.gnu-tools-for-stm32.9-2020-q2-update.win32_2.0.0.202105311346/tools/bin/../lib/gcc/arm-none-eabi/9.3.1/../../../../arm-none-eabi/lib/thumb/v7e-m+dp/hard\libc_nano.a(lib_a-impure.o)
                0x0000000024060f34                _global_impure_ptr
 .rodata.srand.str1.1
                0x0000000024060f38       0x76 c:/st/stm32cubeide_1.8.0/stm32cubeide/plugins/com.st.stm32cube.ide.mcu.externaltools.gnu-tools-for-stm32.9-2020-q2-update.win32_2.0.0.202105311346/tools/bin/../lib/gcc/arm-none-eabi/9.3.1/../../../../arm-none-eabi/lib/thumb/v7e-m+dp/hard\libc_nano.a(lib_a-rand.o)
 .rodata.__assert_func.str1.1
                0x0000000024060fae       0x3c c:/st/stm32cubeide_1.8.0/stm32cubeide/plugins/com.st.stm32cube.ide.mcu.externaltools.gnu-tools-for-stm32.9-2020-q2-update.win32_2.0.0.202105311346/tools/bin/../lib/gcc/arm-none-eabi/9.3.1/../../../../arm-none-eabi/lib/thumb/v7e-m+dp/hard\libc_nano.a(lib_a-assert.o)
                                         0x3d (size before relaxing)
 .rodata._svfprintf_r.str1.1
                0x0000000024060fea       0x11 c:/st/stm32cubeide_1.8.0/stm32cubeide/plugins/com.st.stm32cube.ide.mcu.externaltools.gnu-tools-for-stm32.9-2020-q2-update.win32_2.0.0.202105311346/tools/bin/../lib/gcc/arm-none-eabi/9.3.1/../../../../arm-none-eabi/lib/thumb/v7e-m+dp/hard\libc_nano.a(lib_a-nano-svfprintf.o)
 .rodata._vfprintf_r.str1.1
                0x0000000024060ffb       0x11 c:/st/stm32cubeide_1.8.0/stm32cubeide/plugins/com.st.stm32cube.ide.mcu.externaltools.gnu-tools-for-stm32.9-2020-q2-update.win32_2.0.0.202105311346/tools/bin/../lib/gcc/arm-none-eabi/9.3.1/../../../../arm-none-eabi/lib/thumb/v7e-m+dp/hard\libc_nano.a(lib_a-nano-vfprintf.o)
 .rodata._printf_i.str1.1
                0x0000000024060ffb       0x22 c:/st/stm32cubeide_1.8.0/stm32cubeide/plugins/com.st.stm32cube.ide.mcu.externaltools.gnu-tools-for-stm32.9-2020-q2-update.win32_2.0.0.202105311346/tools/bin/../lib/gcc/arm-none-eabi/9.3.1/../../../../arm-none-eabi/lib/thumb/v7e-m+dp/hard\libc_nano.a(lib_a-nano-vfprintf_i.o)
 *fill*         0x000000002406101d        0x3 
 .rodata.__sf_fake_stderr
                0x0000000024061020       0x20 c:/st/stm32cubeide_1.8.0/stm32cubeide/plugins/com.st.stm32cube.ide.mcu.externaltools.gnu-tools-for-stm32.9-2020-q2-update.win32_2.0.0.202105311346/tools/bin/../lib/gcc/arm-none-eabi/9.3.1/../../../../arm-none-eabi/lib/thumb/v7e-m+dp/hard\libc_nano.a(lib_a-findfp.o)
                0x0000000024061020                __sf_fake_stderr
 .rodata.__sf_fake_stdin
                0x0000000024061040       0x20 c:/st/stm32cubeide_1.8.0/stm32cubeide/plugins/com.st.stm32cube.ide.mcu.externaltools.gnu-tools-for-stm32.9-2020-q2-update.win32_2.0.0.202105311346/tools/bin/../lib/gcc/arm-none-eabi/9.3.1/../../../../arm-none-eabi/lib/thumb/v7e-m+dp/hard\libc_nano.a(lib_a-findfp.o)
                0x0000000024061040                __sf_fake_stdin
 .rodata.__sf_fake_stdout
                0x0000000024061060       0x20 c:/st/stm32cubeide_1.8.0/stm32cubeide/plugins/com.st.stm32cube.ide.mcu.externaltools.gnu-tools-for-stm32.9-2020-q2-update.win32_2.0.0.202105311346/tools/bin/../lib/gcc/arm-none-eabi/9.3.1/../../../../arm-none-eabi/lib/thumb/v7e-m+dp/hard\libc_nano.a(lib_a-findfp.o)
                0x0000000024061060                __sf_fake_stdout
                0x0000000024061080                . = ALIGN (0x4)

.rel.dyn        0x0000000024061080        0x0
 .rel.iplt      0x0000000024061080        0x0 c:/st/stm32cubeide_1.8.0/stm32cubeide/plugins/com.st.stm32cube.ide.mcu.externaltools.gnu-tools-for-stm32.9-2020-q2-update.win32_2.0.0.202105311346/tools/bin/../lib/gcc/arm-none-eabi/9.3.1/thumb/v7e-m+dp/hard/crtbegin.o

.ARM.extab
 *(.ARM.extab* .gnu.linkonce.armextab.*)

.ARM            0x0000000024061080        0x0
                0x0000000024061080                __exidx_start = .
 *(.ARM.exidx*)
                0x0000000024061080                __exidx_end = .

.preinit_array  0x0000000024061080        0x0
                0x0000000024061080                PROVIDE (__preinit_array_start = .)
 *(.preinit_array*)
                0x0000000024061080                PROVIDE (__preinit_array_end = .)

.init_array     0x0000000024061080        0x4
                0x0000000024061080                PROVIDE (__init_array_start = .)
 *(SORT_BY_NAME(.init_array.*))
 *(.init_array*)
 .init_array    0x0000000024061080        0x4 c:/st/stm32cubeide_1.8.0/stm32cubeide/plugins/com.st.stm32cube.ide.mcu.externaltools.gnu-tools-for-stm32.9-2020-q2-update.win32_2.0.0.202105311346/tools/bin/../lib/gcc/arm-none-eabi/9.3.1/thumb/v7e-m+dp/hard/crtbegin.o
                0x0000000024061084                PROVIDE (__init_array_end = .)

.fini_array     0x0000000024061084        0x4
                [!provide]                        PROVIDE (__fini_array_start = .)
 *(SORT_BY_NAME(.fini_array.*))
 *(.fini_array*)
 .fini_array    0x0000000024061084        0x4 c:/st/stm32cubeide_1.8.0/stm32cubeide/plugins/com.st.stm32cube.ide.mcu.externaltools.gnu-tools-for-stm32.9-2020-q2-update.win32_2.0.0.202105311346/tools/bin/../lib/gcc/arm-none-eabi/9.3.1/thumb/v7e-m+dp/hard/crtbegin.o
                [!provide]                        PROVIDE (__fini_array_end = .)
                0x0000000024061088                _sidata = LOADADDR (.data)

.data           0x0000000020000000       0xa4 load address 0x0000000024061088