Archive member included to satisfy reference by file (symbol)

C:/ST/STM32CubeIDE_1.10.1/STM32CubeIDE/plugins/com.st.stm32cube.ide.mcu.externaltools.gnu-tools-for-stm32.11.3.rel1.win32_1.1.100.202309141235/tools/bin/../lib/gcc/arm-none-eabi/11.3.1/../../../../arm-none-eabi/lib/thumb/v7e-m+dp/hard\libc_nano.a(libc_a-exit.o)
                              C:/ST/STM32CubeIDE_1.10.1/STM32CubeIDE/plugins/com.st.stm32cube.ide.mcu.externaltools.gnu-tools-for-stm32.11.3.rel1.win32_1.1.100.202309141235/tools/bin/../lib/gcc/arm-none-eabi/11.3.1/../../../../arm-none-eabi/lib/thumb/v7e-m+dp/hard/crt0.o (exit)
C:/ST/STM32CubeIDE_1.10.1/STM32CubeIDE/plugins/com.st.stm32cube.ide.mcu.externaltools.gnu-tools-for-stm32.11.3.rel1.win32_1.1.100.202309141235/tools/bin/../lib/gcc/arm-none-eabi/11.3.1/../../../../arm-none-eabi/lib/thumb/v7e-m+dp/hard\libc_nano.a(libc_a-rand.o)
                              ./Core/Src/game.o (srand)
C:/ST/STM32CubeIDE_1.10.1/STM32CubeIDE/plugins/com.st.stm32cube.ide.mcu.externaltools.gnu-tools-for-stm32.11.3.rel1.win32_1.1.100.202309141235/tools/bin/../lib/gcc/arm-none-eabi/11.3.1/../../../../arm-none-eabi/lib/thumb/v7e-m+dp/hard\libc_nano.a(libc_a-findfp.o)
                              C:/ST/STM32CubeIDE_1.10.1/STM32CubeIDE/plugins/com.st.stm32cube.ide.mcu.externaltools.gnu-tools-for-stm32.11.3.rel1.win32_1.1.100.202309141235/tools/bin/../lib/gcc/arm-none-eabi/11.3.1/../../../../arm-none-eabi/lib/thumb/v7e-m+dp/hard\libc_nano.a(libc_a-exit.o) (__stdio_exit_handler)
C:/ST/STM32CubeIDE_1.10.1/STM32CubeIDE/plugins/com.st.stm32cube.ide.mcu.externaltools.gnu-tools-for-stm32.11.3.rel1.win32_1.1.100.202309141235/tools/bin/../lib/gcc/arm-none-eabi/11.3.1/../../../../arm-none-eabi/lib/thumb/v7e-m+dp/hard\libc_nano.a(libc_a-fwalk.o)
                              C:/ST/STM32CubeIDE_1.10.1/STM32CubeIDE/plugins/com.st.stm32cube.ide.mcu.externaltools.gnu-tools-for-stm32.11.3.rel1.win32_1.1.100.202309141235/tools/bin/../lib/gcc/arm-none-eabi/11.3.1/../../../../arm-none-eabi/lib/thumb/v7e-m+dp/hard\libc_nano.a(libc_a-findfp.o) (_fwalk_sglue)
C:/ST/STM32CubeIDE_1.10.1/STM32CubeIDE/plugins/com.st.stm32cube.ide.mcu.externaltools.gnu-tools-for-stm32.11.3.rel1.win32_1.1.100.202309141235/tools/bin/../lib/gcc/arm-none-eabi/11.3.1/../../../../arm-none-eabi/lib/thumb/v7e-m+dp/hard\libc_nano.a(libc_a-sprintf.o)
                              ./Core/Src/game.o (sprintf)
C:/ST/STM32CubeIDE_1.10.1/STM32CubeIDE/plugins/com.st.stm32cube.ide.mcu.externaltools.gnu-tools-for-stm32.11.3.rel1.win32_1.1.100.202309141235/tools/bin/../lib/gcc/arm-none-eabi/11.3.1/../../../../arm-none-eabi/lib/thumb/v7e-m+dp/hard\libc_nano.a(libc_a-stdio.o)
                              C:/ST/STM32CubeIDE_1.10.1/STM32CubeIDE/plugins/com.st.stm32cube.ide.mcu.externaltools.gnu-tools-for-stm32.11.3.rel1.win32_1.1.100.202309141235/tools/bin/../lib/gcc/arm-none-eabi/11.3.1/../../../../arm-none-eabi/lib/thumb/v7e-m+dp/hard\libc_nano.a(libc_a-findfp.o) (__sread)
C:/ST/STM32CubeIDE_1.10.1/STM32CubeIDE/plugins/com.st.stm32cube.ide.mcu.externaltools.gnu-tools-for-stm32.11.3.rel1.win32_1.1.100.202309141235/tools/bin/../lib/gcc/arm-none-eabi/11.3.1/../../../../arm-none-eabi/lib/thumb/v7e-m+dp/hard\libc_nano.a(libc_a-memset.o)
                              C:/ST/STM32CubeIDE_1.10.1/STM32CubeIDE/plugins/com.st.stm32cube.ide.mcu.externaltools.gnu-tools-for-stm32.11.3.rel1.win32_1.1.100.202309141235/tools/bin/../lib/gcc/arm-none-eabi/11.3.1/../../../../arm-none-eabi/lib/thumb/v7e-m+dp/hard/crt0.o (memset)
C:/ST/STM32CubeIDE_1.10.1/STM32CubeIDE/plugins/com.st.stm32cube.ide.mcu.externaltools.gnu-tools-for-stm32.11.3.rel1.win32_1.1.100.202309141235/tools/bin/../lib/gcc/arm-none-eabi/11.3.1/../../../../arm-none-eabi/lib/thumb/v7e-m+dp/hard\libc_nano.a(libc_a-closer.o)
                              C:/ST/STM32CubeIDE_1.10.1/STM32CubeIDE/plugins/com.st.stm32cube.ide.mcu.externaltools.gnu-tools-for-stm32.11.3.rel1.win32_1.1.100.202309141235/tools/bin/../lib/gcc/arm-none-eabi/11.3.1/../../../../arm-none-eabi/lib/thumb/v7e-m+dp/hard\libc_nano.a(libc_a-stdio.o) (_close_r)
C:/ST/STM32CubeIDE_1.10.1/STM32CubeIDE/plugins/com.st.stm32cube.ide.mcu.externaltools.gnu-tools-for-stm32.11.3.rel1.win32_1.1.100.202309141235/tools/bin/../lib/gcc/arm-none-eabi/11.3.1/../../../../arm-none-eabi/lib/thumb/v7e-m+dp/hard\libc_nano.a(libc_a-reent.o)
                              C:/ST/STM32CubeIDE_1.10.1/STM32CubeIDE/plugins/com.st.stm32cube.ide.mcu.externaltools.gnu-tools-for-stm32.11.3.rel1.win32_1.1.100.202309141235/tools/bin/../lib/gcc/arm-none-eabi/11.3.1/../../../../arm-none-eabi/lib/thumb/v7e-m+dp/hard\libc_nano.a(libc_a-closer.o) (errno)
C:/ST/STM32CubeIDE_1.10.1/STM32CubeIDE/plugins/com.st.stm32cube.ide.mcu.externaltools.gnu-tools-for-stm32.11.3.rel1.win32_1.1.100.202309141235/tools/bin/../lib/gcc/arm-none-eabi/11.3.1/../../../../arm-none-eabi/lib/thumb/v7e-m+dp/hard\libc_nano.a(libc_a-impure.o)
[...]
Memory Configuration

Name             Origin             Length             Attributes
NULLPTR          0x0000000000000000 0x0000000000000100 xrw
ITCMRAM          0x0000000000000100 0x000000000000ff00 xrw
DTCMRAM          0x0000000020000000 0x0000000000020000 xrw
RAM_UC           0x0000000024000000 0x0000000000050000 xrw
RAM              0x0000000024050000 0x00000000000b0000 xrw
AHBRAM           0x0000000030000000 0x0000000000020000 xrw
FLASH            0x0000000008000000 0x0000000000020000 xr
EXTFLASH         0x0000000090000000 0x00000000000fe000 xr
SAVEFLASH        0x00000000900fe000 0x0000000000001000 xr
CONFIGFLASH      0x00000000900ff000 0x0000000000001000 xr
*default*        0x0000000000000000 0xffffffffffffffff

Linker script and memory map

LOAD C:/ST/STM32CubeIDE_1.10.1/STM32CubeIDE/plugins/com.st.stm32cube.ide.mcu.externaltools.gnu-tools-for-stm32.11.3.rel1.win32_1.1.100.202309141235/tools/bin/../lib/gcc/arm-none-eabi/11.3.1/thumb/v7e-m+dp/hard/crti.o
LOAD C:/ST/STM32CubeIDE_1.10.1/STM32CubeIDE/plugins/com.st.stm32cube.ide.mcu.externaltools.gnu-tools-for-stm32.11.3.rel1.win32_1.1.100.202309141235/tools/bin/../lib/gcc/arm-none-eabi/11.3.1/thumb/v7e-m+dp/hard/crtbegin.o
LOAD C:/ST/STM32CubeIDE_1.10.1/STM32CubeIDE/plugins/com.st.stm32cube.ide.mcu.externaltools.gnu-tools-for-stm32.11.3.rel1.win32_1.1.100.202309141235/tools/bin/../lib/gcc/arm-none-eabi/11.3.1/../../../../arm-none-eabi/lib/thumb/v7e-m+dp/hard/crt0.o
LOAD ./Core/Inc/font/font12.o
LOAD ./Core/Inc/font/font16.o
LOAD ./Core/Inc/font/font20.o
LOAD ./Core/Inc/font/font24.o
LOAD ./Core/Inc/font/font8.o
LOAD ./Core/Src/buttons.o
LOAD ./Core/Src/flash.o
LOAD ./Core/Src/game.o
LOAD ./Core/Src/graphics.o
LOAD ./Core/Src/lcd.o
LOAD ./Core/Src/main.o
LOAD ./Core/Src/stm32h7xx_hal_msp.o
LOAD ./Core/Src/stm32h7xx_it.o
LOAD ./Core/Src/syscalls.o
LOAD ./Core/Src/sysmem.o
LOAD ./Core/Src/system_stm32h7xx.o
LOAD ./Core/Startup/startup_stm32h7b0vbtx.o
LOAD ./Drivers/STM32H7xx_HAL_Driver/Src/stm32h7xx_hal.o
LOAD ./Drivers/STM32H7xx_HAL_Driver/Src/stm32h7xx_hal_adc.o
LOAD ./Drivers/STM32H7xx_HAL_Driver/Src/stm32h7xx_hal_adc_ex.o
LOAD ./Drivers/STM32H7xx_HAL_Driver/Src/stm32h7xx_hal_cortex.o
LOAD ./Drivers/STM32H7xx_HAL_Driver/Src/stm32h7xx_hal_dac.o
LOAD ./Drivers/STM32H7xx_HAL_Driver/Src/stm32h7xx_hal_dac_ex.o
LOAD ./Drivers/STM32H7xx_HAL_Driver/Src/stm32h7xx_hal_dma.o
LOAD ./Drivers/STM32H7xx_HAL_Driver/Src/stm32h7xx_hal_dma2d.o
LOAD ./Drivers/STM32H7xx_HAL_Driver/Src/stm32h7xx_hal_dma_ex.o
LOAD ./Drivers/STM32H7xx_HAL_Driver/Src/stm32h7xx_hal_exti.o
LOAD ./Drivers/STM32H7xx_HAL_Driver/Src/stm32h7xx_hal_flash.o
LOAD ./Drivers/STM32H7xx_HAL_Driver/Src/stm32h7xx_hal_flash_ex.o
LOAD ./Drivers/STM32H7xx_HAL_Driver/Src/stm32h7xx_hal_gpio.o
LOAD ./Drivers/STM32H7xx_HAL_Driver/Src/stm32h7xx_hal_hsem.o
LOAD ./Drivers/STM32H7xx_HAL_Driver/Src/stm32h7xx_hal_i2c.o
LOAD ./Drivers/STM32H7xx_HAL_Driver/Src/stm32h7xx_hal_i2c_ex.o
LOAD ./Drivers/STM32H7xx_HAL_Driver/Src/stm32h7xx_hal_ltdc.o
LOAD ./Drivers/STM32H7xx_HAL_Driver/Src/stm32h7xx_hal_ltdc_ex.o
LOAD ./Drivers/STM32H7xx_HAL_Driver/Src/stm32h7xx_hal_mdma.o
LOAD ./Drivers/STM32H7xx_HAL_Driver/Src/stm32h7xx_hal_ospi.o
LOAD ./Drivers/STM32H7xx_HAL_Driver/Src/stm32h7xx_hal_pwr.o
LOAD ./Drivers/STM32H7xx_HAL_Driver/Src/stm32h7xx_hal_pwr_ex.o
LOAD ./Drivers/STM32H7xx_HAL_Driver/Src/stm32h7xx_hal_rcc.o
LOAD ./Drivers/STM32H7xx_HAL_Driver/Src/stm32h7xx_hal_rcc_ex.o
LOAD ./Drivers/STM32H7xx_HAL_Driver/Src/stm32h7xx_hal_rtc.o
LOAD ./Drivers/STM32H7xx_HAL_Driver/Src/stm32h7xx_hal_rtc_ex.o
LOAD ./Drivers/STM32H7xx_HAL_Driver/Src/stm32h7xx_hal_sai.o
LOAD ./Drivers/STM32H7xx_HAL_Driver/Src/stm32h7xx_hal_sai_ex.o
LOAD ./Drivers/STM32H7xx_HAL_Driver/Src/stm32h7xx_hal_spi.o
LOAD ./Drivers/STM32H7xx_HAL_Driver/Src/stm32h7xx_hal_spi_ex.o
LOAD ./Drivers/STM32H7xx_HAL_Driver/Src/stm32h7xx_hal_tim.o
LOAD ./Drivers/STM32H7xx_HAL_Driver/Src/stm32h7xx_hal_tim_ex.o
START GROUP
LOAD C:/ST/STM32CubeIDE_1.10.1/STM32CubeIDE/plugins/com.st.stm32cube.ide.mcu.externaltools.gnu-tools-for-stm32.11.3.rel1.win32_1.1.100.202309141235/tools/bin/../lib/gcc/arm-none-eabi/11.3.1/../../../../arm-none-eabi/lib/thumb/v7e-m+dp/hard\libc_nano.a
LOAD C:/ST/STM32CubeIDE_1.10.1/STM32CubeIDE/plugins/com.st.stm32cube.ide.mcu.externaltools.gnu-tools-for-stm32.11.3.rel1.win32_1.1.100.202309141235/tools/bin/../lib/gcc/arm-none-eabi/11.3.1/../../../../arm-none-eabi/lib/thumb/v7e-m+dp/hard\libm.a
END GROUP
START GROUP
LOAD C:/ST/STM32CubeIDE_1.10.1/STM32CubeIDE/plugins/com.st.stm32cube.ide.mcu.externaltools.gnu-tools-for-stm32.11.3.rel1.win32_1.1.100.202309141235/tools/bin/../lib/gcc/arm-none-eabi/11.3.1/thumb/v7e-m+dp/hard\libgcc.a
LOAD C:/ST/STM32CubeIDE_1.10.1/STM32CubeIDE/plugins/com.st.stm32cube.ide.mcu.externaltools.gnu-tools-for-stm32.11.3.rel1.win32_1.1.100.202309141235/tools/bin/../lib/gcc/arm-none-eabi/11.3.1/../../../../arm-none-eabi/lib/thumb/v7e-m+dp/hard\libc_nano.a
END GROUP
START GROUP
LOAD C:/ST/STM32CubeIDE_1.10.1/STM32CubeIDE/plugins/com.st.stm32cube.ide.mcu.externaltools.gnu-tools-for-stm32.11.3.rel1.win32_1.1.100.202309141235/tools/bin/../lib/gcc/arm-none-eabi/11.3.1/thumb/v7e-m+dp/hard\libgcc.a
LOAD C:/ST/STM32CubeIDE_1.10.1/STM32CubeIDE/plugins/com.st.stm32cube.ide.mcu.externaltools.gnu-tools-for-stm32.11.3.rel1.win32_1.1.100.202309141235/tools/bin/../lib/gcc/arm-none-eabi/11.3.1/../../../../arm-none-eabi/lib/thumb/v7e-m+dp/hard\libc_nano.a
LOAD C:/ST/STM32CubeIDE_1.10.1/STM32CubeIDE/plugins/com.st.stm32cube.ide.mcu.externaltools.gnu-tools-for-stm32.11.3.rel1.win32_1.1.100.202309141235/tools/bin/../lib/gcc/arm-none-eabi/11.3.1/../../../../arm-none-eabi/lib/thumb/v7e-m+dp/hard\libnosys.a
END GROUP
START GROUP
LOAD C:/ST/STM32CubeIDE_1.10.1/STM32CubeIDE/plugins/com.st.stm32cube.ide.mcu.externaltools.gnu-tools-for-stm32.11.3.rel1.win32_1.1.100.202309141235/tools/bin/../lib/gcc/arm-none-eabi/11.3.1/thumb/v7e-m+dp/hard\libgcc.a
LOAD C:/ST/STM32CubeIDE_1.10.1/STM32CubeIDE/plugins/com.st.stm32cube.ide.mcu.externaltools.gnu-tools-for-stm32.11.3.rel1.win32_1.1.100.202309141235/tools/bin/../lib/gcc/arm-none-eabi/11.3.1/../../../../arm-none-eabi/lib/thumb/v7e-m+dp/hard\libc_nano.a
LOAD C:/ST/STM32CubeIDE_1.10.1/STM32CubeIDE/plugins/com.st.stm32cube.ide.mcu.externaltools.gnu-tools-for-stm32.11.3.rel1.win32_1.1.100.202309141235/tools/bin/../lib/gcc/arm-none-eabi/11.3.1/../../../../arm-none-eabi/lib/thumb/v7e-m+dp/hard\libnosys.a
END GROUP
LOAD C:/ST/STM32CubeIDE_1.10.1/STM32CubeIDE/plugins/com.st.stm32cube.ide.mcu.externaltools.gnu-tools-for-stm32.11.3.rel1.win32_1.1.100.202309141235/tools/bin/../lib/gcc/arm-none-eabi/11.3.1/thumb/v7e-m+dp/hard/crtend.o
LOAD C:/ST/STM32CubeIDE_1.10.1/STM32CubeIDE/plugins/com.st.stm32cube.ide.mcu.externaltools.gnu-tools-for-stm32.11.3.rel1.win32_1.1.100.202309141235/tools/bin/../lib/gcc/arm-none-eabi/11.3.1/thumb/v7e-m+dp/hard/crtn.o
                0x0000000020020000                _estack = _stack_top
                0x0000000000008000                _Heap_Size = 0x8000
                0x0000000000000100                _Stack_Redzone_Size = 0x100
                0x0000000000005000                _Min_Stack_Size = 0x5000
                0x0000000000000100                __NULLPTR_LENGTH__ = 0x100
                0x0000000000010000                __ITCMRAM_LENGTH__ = 0x10000
                0x0000000000020000                __DTCMRAM_LENGTH__ = 0x20000
                0x0000000000050000                __RAM_UC_LENGTH__ = 0x50000
                0x00000000000b0000                __RAM_CORE_LENGTH__ = (0x100000 - __RAM_UC_LENGTH__)
                0x0000000000020000                __AHBRAM_LENGTH__ = 0x20000
                0x0000000000020000                __FLASH_LENGTH__ = 0x20000
                0x0000000090000000                __EXTFLASH_START__ = 0x90000000
                0x0000000024000000                __RAM_START__ = 0x24000000
                0x0000000024000000                __RAM_UC_START__ = __RAM_START__
                0x0000000024050000                __RAM_CORE_START__ = (__RAM_START__ + __RAM_UC_LENGTH__)
                0x0000000000001000                __SAVEFLASH_LENGTH__ = 0x1000
                0x0000000000001000                __CONFIGFLASH_LENGTH__ = 0x1000
                0x00000000000fe000                __EXTFLASH_LENGTH__ = DEFINED (__EXTFLASH_TOTAL_LENGTH__)?(__EXTFLASH_TOTAL_LENGTH__ - (__CONFIGFLASH_LENGTH__ + __SAVEFLASH_LENGTH__)):(0x100000 - (__CONFIGFLASH_LENGTH__ + __SAVEFLASH_LENGTH__))
                0x00000000900fe000                __SAVEFLASH_START__ = (__EXTFLASH_START__ + __EXTFLASH_LENGTH__)
                0x00000000900ff000                __SAVEFLASH_END__ = (__SAVEFLASH_START__ + __SAVEFLASH_LENGTH__)
                0x00000000900ff000                __CONFIGFLASH_START__ = (__SAVEFLASH_START__ + __SAVEFLASH_LENGTH__)
                0x0000000090100000                __CONFIGFLASH_END__ = (__CONFIGFLASH_START__ + __CONFIGFLASH_LENGTH__)

.isr_vector     0x0000000024000000      0x2ac
                0x0000000024000000                __flash_start__ = .
                0x0000000024000000                . = ALIGN (0x4)
 *(.isr_vector)
 .isr_vector    0x0000000024000000      0x2ac ./Core/Startup/startup_stm32h7b0vbtx.o
                0x0000000024000000                g_pfnVectors
                0x00000000240002ac                . = ALIGN (0x4)

._itcram        0x0000000000000100        0x0
                0x0000000000000100                __itcram_start__ = .
                0x0000000000000100                . = ALIGN (0x4)
 *(.itcram_data)
                0x0000000000000100                . = ALIGN (0x4)
 *(.itcram_text)
                0x0000000000000100                . = ALIGN (0x4)
                0x0000000090000000                _sitcram_hot = LOADADDR (._itcram_hot)

._itcram_hot    0x0000000000000100        0x0 load address 0x0000000090000000
                0x0000000000000100                __itcram_hot_start__ = .
                0x0000000000000100                . = ALIGN (0x4)
 *(.itcram_hot_data)
                0x0000000000000100                . = ALIGN (0x4)
 *(.itcram_hot_text)
                0x0000000000000100                . = ALIGN (0x4)
                0x0000000000000100                __itcram_hot_end__ = .
                0x0000000000000100                __itcram_end__ = .

._ram_uc        0x00000000240002b0    0x4b000
                0x00000000240002b0                __ram_uc_start__ = .
                0x00000000240002b0                . = ALIGN (0x4)
 *(.lcd1)
 .lcd1          0x00000000240002b0    0x25800 ./Core/Src/lcd.o
                0x00000000240002b0                framebuffer1
                0x0000000024025ab0                . = ALIGN (0x4)
 *(.lcd2)
 .lcd2          0x0000000024025ab0    0x25800 ./Core/Src/lcd.o
                0x0000000024025ab0                framebuffer2
                0x000000002404b2b0                . = ALIGN (0x4)
                0x000000002404b2b0                __ram_uc_end__ = .
                0x0000000090000000                _siramdata = LOADADDR (._ram_exec)
                0x0000000090000000                __extflash_start__ = LOADADDR (._ram_exec)

._ram_exec      0x0000000024050000        0x0 load address 0x0000000090000000
                0x0000000024050000                __ram_start__ = .
                0x0000000024050000                __ram_exec_start__ = .
                0x0000000024050000                . = ALIGN (0x4)
                0x0000000024050000                _sram_text = .
 *(.ram_text)
                0x0000000024050000                _eram_text = .
                0x0000000024050000                _sram_data = .
 *(.ram_data)
                0x0000000024050000                _eram_data = .
                0x0000000024050000                __ram_exec_end__ = .

._extflash      0x0000000090000000        0x0
                0x0000000090000000                . = ALIGN (0x4)
                0x0000000090000000                __extflash_text_start__ = .
 *(.extflash_text)
                0x0000000090000000                . = ALIGN (0x4)
                0x0000000090000000                __extflash_text_end__ = .
                0x0000000090000000                __extflash_data_start__ = .
                0x0000000090000000                . = ALIGN (0x4)
 *(.extflash_data)
                0x0000000090000000                . = ALIGN (0x4)
                0x0000000090000000                __extflash_data_end__ = .

._saveflash     0x00000000900fe000        0x0
                0x00000000900fe000                __saveflash_start__ = .
 *(.saveflash)
                0x00000000900fe000                __saveflash_end__ = .

._configflash   0x00000000900ff000        0x0
                0x00000000900ff000                . = ALIGN (0x1000)
                0x00000000900ff000                __configflash_start__ = .
 *(.configflash)
                0x00000000900ff000                __configflash_end__ = .

._ram           0x0000000024050000        0x0
                0x0000000024050000                . = ALIGN (0x4)
 *(.ram_data)
                0x0000000024050000                __ram_end__ = .

._ahbram        0x0000000030000000    0x17700
                0x0000000030000000                __ahbram_start__ = .
                0x0000000030000000                . = ALIGN (0x4)
 *(.audio)
 .audio         0x0000000030000000    0x17700 ./Core/Src/main.o
                0x0000000030000000                audiobuffer
                0x0000000030017700                . = ALIGN (0x4)
 *(.ahb)
                0x0000000030017700                . = ALIGN (0x4)
                0x0000000030017700                __ahbram_end__ = .

.text           0x0000000024050000    0x10568
                0x0000000024050000                . = ALIGN (0x4)
 *(.text)
 .text          0x0000000024050000       0x40 C:/ST/STM32CubeIDE_1.10.1/STM32CubeIDE/plugins/com.st.stm32cube.ide.mcu.externaltools.gnu-tools-for-stm32.11.3.rel1.win32_1.1.100.202309141235/tools/bin/../lib/gcc/arm-none-eabi/11.3.1/thumb/v7e-m+dp/hard/crtbegin.o
 .text          0x0000000024050040       0xa0 C:/ST/STM32CubeIDE_1.10.1/STM32CubeIDE/plugins/com.st.stm32cube.ide.mcu.externaltools.gnu-tools-for-stm32.11.3.rel1.win32_1.1.100.202309141235/tools/bin/../lib/gcc/arm-none-eabi/11.3.1/../../../../arm-none-eabi/lib/thumb/v7e-m+dp/hard\libc_nano.a(libc_a-memchr.o)
                0x0000000024050040                memchr
 *(.text*)
 .text.buttons_get
                0x00000000240500e0      0x124 ./Core/Src/buttons.o
                0x00000000240500e0                buttons_get
 .text.flash_memory_map
                0x0000000024050204      0x112 ./Core/Src/flash.o
                0x0000000024050204                flash_memory_map
 *fill*         0x0000000024050316        0x2 
 .text.game_init
                0x0000000024050318       0xec ./Core/Src/game.o
                0x0000000024050318                game_init
 .text.game_loop
                0x0000000024050404       0x34 ./Core/Src/game.o
                0x0000000024050404                game_loop
 .text.draw_background
                0x0000000024050438       0x46 ./Core/Src/game.o
                0x0000000024050438                draw_background
 *fill*         0x000000002405047e        0x2 
 .text.draw_score
                0x0000000024050480       0x8c ./Core/Src/game.o
                0x0000000024050480                draw_score
 .text.update_player
                0x000000002405050c       0xf4 ./Core/Src/game.o
                0x000000002405050c                update_player
 .text.update_ball
                0x0000000024050600      0x1e4 ./Core/Src/game.o
                0x0000000024050600                update_ball
 .text.update_ai
                0x00000000240507e4       0xb4 ./Core/Src/game.o
                0x00000000240507e4                update_ai
 .text.LCD_GetXSize
                0x0000000024050898       0x12 ./Core/Src/graphics.o
                0x0000000024050898                LCD_GetXSize
 .text.LCD_GetYSize
                0x00000000240508aa       0x10 ./Core/Src/graphics.o
                0x00000000240508aa                LCD_GetYSize
 *fill*         0x00000000240508ba        0x2 
 .text.LCD_SetFont
                0x00000000240508bc       0x20 ./Core/Src/graphics.o
                0x00000000240508bc                LCD_SetFont
 .text.LCD_DrawPixel
                0x00000000240508dc       0x40 ./Core/Src/graphics.o
                0x00000000240508dc                LCD_DrawPixel
 .text.LCD_Clear
                0x000000002405091c       0x32 ./Core/Src/graphics.o
                0x000000002405091c                LCD_Clear
 *fill*         0x000000002405094e        0x2 
 .text.LCD_DisplayStringAt
                0x0000000024050950      0x120 ./Core/Src/graphics.o
                0x0000000024050950                LCD_DisplayStringAt
 .text.LCD_DisplayChar
                0x0000000024050a70       0x5c ./Core/Src/graphics.o
                0x0000000024050a70                LCD_DisplayChar
 .text.LCD_DrawHLine
                0x0000000024050acc       0x50 ./Core/Src/graphics.o
                0x0000000024050acc                LCD_DrawHLine
 .text.LCD_DrawVLine
                0x0000000024050b1c       0x5c ./Core/Src/graphics.o
                0x0000000024050b1c                LCD_DrawVLine
 .text.LCD_DrawRect
                0x0000000024050b78       0x76 ./Core/Src/graphics.o
                0x0000000024050b78                LCD_DrawRect
 .text.LCD_DrawCircle
                0x0000000024050bee      0x152 ./Core/Src/graphics.o
                0x0000000024050bee                LCD_DrawCircle
 .text.LCD_FillRect
                0x0000000024050d40       0x62 ./Core/Src/graphics.o
                0x0000000024050d40                LCD_FillRect
 .text.LCD_FillCircle
                0x0000000024050da2      0x12c ./Core/Src/graphics.o
                0x0000000024050da2                LCD_FillCircle
 *fill*         0x0000000024050ece        0x2 
 .text.DrawChar
                0x0000000024050ed0      0x13c ./Core/Src/graphics.o
 .text.FillBuffer
                0x000000002405100c       0x6c ./Core/Src/graphics.o
 .text.lcd_backlight_set
                0x0000000024051078       0x58 ./Core/Src/lcd.o
                0x0000000024051078                lcd_backlight_set
 .text.lcd_deinit
                0x00000000240510d0       0x44 ./Core/Src/lcd.o
                0x00000000240510d0                lcd_deinit
 .text.lcd_init
                0x0000000024051114      0x2b8 ./Core/Src/lcd.o
                0x0000000024051114                lcd_init
 .text.HAL_LTDC_ReloadEventCallback
                0x00000000240513cc       0x50 ./Core/Src/lcd.o
                0x00000000240513cc                HAL_LTDC_ReloadEventCallback
 .text.lcd_swap
                0x000000002405141c       0x2c ./Core/Src/lcd.o
                0x000000002405141c                lcd_swap
 .text.lcd_sync
                0x0000000024051448       0x2e ./Core/Src/lcd.o
                0x0000000024051448                lcd_sync
 *fill*         0x0000000024051476        0x2 
 .text.lcd_get_active_buffer
                0x0000000024051478       0x2c ./Core/Src/lcd.o
                0x0000000024051478                lcd_get_active_buffer
 .text.lcd_get_inactive_buffer
                0x00000000240514a4       0x2c ./Core/Src/lcd.o
                0x00000000240514a4                lcd_get_inactive_buffer
 .text.lcd_wait_for_vblank
                0x00000000240514d0       0x2c ./Core/Src/lcd.o
                0x00000000240514d0                lcd_wait_for_vblank
 .text.main     0x00000000240514fc       0xac ./Core/Src/main.o
                0x00000000240514fc                main
 .text.SystemClock_Config
                0x00000000240515a8      0x104 ./Core/Src/main.o
                0x00000000240515a8                SystemClock_Config
 .text.PeriphCommonClock_Config
                0x00000000240516ac       0x70 ./Core/Src/main.o
                0x00000000240516ac                PeriphCommonClock_Config
 .text.MX_NVIC_Init
                0x000000002405171c       0x18 ./Core/Src/main.o
 .text.MX_ADC1_Init
                0x0000000024051734       0xf0 ./Core/Src/main.o
 .text.MX_DAC1_Init
                0x0000000024051824       0x78 ./Core/Src/main.o
 .text.MX_DAC2_Init
                0x000000002405189c       0x64 ./Core/Src/main.o
 .text.MX_DMA2D_Init
                0x0000000024051900       0x3c ./Core/Src/main.o
 .text.MX_LTDC_Init
                0x000000002405193c      0x100 ./Core/Src/main.o
 .text.MX_OCTOSPI1_Init
                0x0000000024051a3c       0xc0 ./Core/Src/main.o
 .text.MX_RTC_Init
                0x0000000024051afc       0xbc ./Core/Src/main.o
 .text.MX_SAI1_Init
                0x0000000024051bb8       0x6c ./Core/Src/main.o
 .text.MX_SPI2_Init
                0x0000000024051c24       0xac ./Core/Src/main.o
 .text.MX_DMA_Init
                0x0000000024051cd0       0x40 ./Core/Src/main.o
 .text.MX_GPIO_Init
                0x0000000024051d10      0x1e0 ./Core/Src/main.o
 .text.Error_Handler
                0x0000000024051ef0        0xa ./Core/Src/main.o
                0x0000000024051ef0                Error_Handler
 *fill*         0x0000000024051efa        0x2 
 .text.HAL_MspInit
                0x0000000024051efc       0x34 ./Core/Src/stm32h7xx_hal_msp.o
                0x0000000024051efc                HAL_MspInit
 .text.HAL_ADC_MspInit
                0x0000000024051f30       0x9c ./Core/Src/stm32h7xx_hal_msp.o
                0x0000000024051f30                HAL_ADC_MspInit
 .text.HAL_DAC_MspInit
                0x0000000024051fcc       0xf0 ./Core/Src/stm32h7xx_hal_msp.o
                0x0000000024051fcc                HAL_DAC_MspInit
 .text.HAL_DMA2D_MspInit
                0x00000000240520bc       0x44 ./Core/Src/stm32h7xx_hal_msp.o
                0x00000000240520bc                HAL_DMA2D_MspInit
 .text.HAL_LTDC_MspInit
                0x0000000024052100      0x27c ./Core/Src/stm32h7xx_hal_msp.o
                0x0000000024052100                HAL_LTDC_MspInit
 .text.HAL_OSPI_MspInit
                0x000000002405237c      0x22c ./Core/Src/stm32h7xx_hal_msp.o
                0x000000002405237c                HAL_OSPI_MspInit
 .text.HAL_RTC_MspInit
                0x00000000240525a8       0x64 ./Core/Src/stm32h7xx_hal_msp.o
                0x00000000240525a8                HAL_RTC_MspInit
 .text.HAL_SPI_MspInit
                0x000000002405260c       0xd4 ./Core/Src/stm32h7xx_hal_msp.o
                0x000000002405260c                HAL_SPI_MspInit
 .text.HAL_SAI_MspInit
                0x00000000240526e0      0x160 ./Core/Src/stm32h7xx_hal_msp.o
                0x00000000240526e0                HAL_SAI_MspInit
 .text.NMI_Handler
                0x0000000024052840        0x6 ./Core/Src/stm32h7xx_it.o
                0x0000000024052840                NMI_Handler
 .text.HardFault_Handler
                0x0000000024052846        0x6 ./Core/Src/stm32h7xx_it.o
                0x0000000024052846                HardFault_Handler
 .text.MemManage_Handler
                0x000000002405284c        0x6 ./Core/Src/stm32h7xx_it.o
                0x000000002405284c                MemManage_Handler
 .text.BusFault_Handler
                0x0000000024052852        0x6 ./Core/Src/stm32h7xx_it.o
                0x0000000024052852                BusFault_Handler
 .text.UsageFault_Handler
                0x0000000024052858        0x6 ./Core/Src/stm32h7xx_it.o
                0x0000000024052858                UsageFault_Handler
 .text.SVC_Handler
                0x000000002405285e        0xe ./Core/Src/stm32h7xx_it.o
                0x000000002405285e                SVC_Handler
 .text.DebugMon_Handler
                0x000000002405286c        0xe ./Core/Src/stm32h7xx_it.o
                0x000000002405286c                DebugMon_Handler
 .text.PendSV_Handler
                0x000000002405287a        0xe ./Core/Src/stm32h7xx_it.o
                0x000000002405287a                PendSV_Handler
 .text.SysTick_Handler
                0x0000000024052888       0x44 ./Core/Src/stm32h7xx_it.o
                0x0000000024052888                SysTick_Handler
 .text.DMA1_Stream0_IRQHandler
                0x00000000240528cc       0x14 ./Core/Src/stm32h7xx_it.o
                0x00000000240528cc                DMA1_Stream0_IRQHandler
 .text.ADC_IRQHandler
                0x00000000240528e0       0x14 ./Core/Src/stm32h7xx_it.o
                0x00000000240528e0                ADC_IRQHandler
 .text.SAI1_IRQHandler
                0x00000000240528f4       0x14 ./Core/Src/stm32h7xx_it.o
                0x00000000240528f4                SAI1_IRQHandler
 .text.LTDC_IRQHandler
                0x0000000024052908       0x14 ./Core/Src/stm32h7xx_it.o
                0x0000000024052908                LTDC_IRQHandler
 .text.OCTOSPI1_IRQHandler
                0x000000002405291c       0x14 ./Core/Src/stm32h7xx_it.o
                0x000000002405291c                OCTOSPI1_IRQHandler
 .text._getpid  0x0000000024052930       0x10 ./Core/Src/syscalls.o
                0x0000000024052930                _getpid
 .text._kill    0x0000000024052940       0x20 ./Core/Src/syscalls.o
                0x0000000024052940                _kill
 .text._exit    0x0000000024052960       0x14 ./Core/Src/syscalls.o
                0x0000000024052960                _exit
 .text._read    0x0000000024052974       0x3a ./Core/Src/syscalls.o
                0x0000000024052974                _read
 .text._write   0x00000000240529ae       0x38 ./Core/Src/syscalls.o
                0x00000000240529ae                _write
 .text._close   0x00000000240529e6       0x18 ./Core/Src/syscalls.o
                0x00000000240529e6                _close
 .text._fstat   0x00000000240529fe       0x20 ./Core/Src/syscalls.o
                0x00000000240529fe                _fstat
 .text._isatty  0x0000000024052a1e       0x16 ./Core/Src/syscalls.o
                0x0000000024052a1e                _isatty
 .text._lseek   0x0000000024052a34       0x1a ./Core/Src/syscalls.o
                0x0000000024052a34                _lseek
 *fill*         0x0000000024052a4e        0x2 
 .text._sbrk    0x0000000024052a50       0x6c ./Core/Src/sysmem.o
                0x0000000024052a50                _sbrk
 .text.SystemInit
                0x0000000024052abc       0xf8 ./Core/Src/system_stm32h7xx.o
                0x0000000024052abc                SystemInit
 .text.Reset_Handler
                0x0000000024052bb4       0x50 ./Core/Startup/startup_stm32h7b0vbtx.o
                0x0000000024052bb4                Reset_Handler
 .text.Default_Handler
                0x0000000024052c04        0x2 ./Core/Startup/startup_stm32h7b0vbtx.o
                0x0000000024052c04                RTC_Alarm_IRQHandler
                0x0000000024052c04                HASH_RNG_IRQHandler
                0x0000000024052c04                EXTI2_IRQHandler
                0x0000000024052c04                TIM8_CC_IRQHandler
                0x0000000024052c04                UART8_IRQHandler
                0x0000000024052c04                BDMA2_Channel1_IRQHandler
                0x0000000024052c04                SPI4_IRQHandler
                0x0000000024052c04                BDMA2_Channel0_IRQHandler
                0x0000000024052c04                TIM1_CC_IRQHandler
                0x0000000024052c04                DMA2_Stream5_IRQHandler
                0x0000000024052c04                JPEG_IRQHandler
                0x0000000024052c04                DMA1_Stream5_IRQHandler
                0x0000000024052c04                EXTI3_IRQHandler
                0x0000000024052c04                LPTIM4_IRQHandler
                0x0000000024052c04                TIM8_TRG_COM_TIM14_IRQHandler
                0x0000000024052c04                LPTIM2_IRQHandler
                0x0000000024052c04                DFSDM1_FLT1_IRQHandler
                0x0000000024052c04                DMAMUX2_OVR_IRQHandler
                0x0000000024052c04                GFXMMU_IRQHandler
                0x0000000024052c04                TIM8_UP_TIM13_IRQHandler
                0x0000000024052c04                I2C3_ER_IRQHandler
                0x0000000024052c04                DFSDM1_FLT2_IRQHandler
                0x0000000024052c04                USART10_IRQHandler
                0x0000000024052c04                MDMA_IRQHandler
                0x0000000024052c04                LPTIM3_IRQHandler
                0x0000000024052c04                BDMA2_Channel3_IRQHandler
                0x0000000024052c04                HSEM1_IRQHandler
                0x0000000024052c04                EXTI0_IRQHandler
                0x0000000024052c04                I2C2_EV_IRQHandler
                0x0000000024052c04                DAC2_IRQHandler
                0x0000000024052c04                DMA1_Stream2_IRQHandler
                0x0000000024052c04                FPU_IRQHandler
                0x0000000024052c04                OTG_HS_WKUP_IRQHandler
                0x0000000024052c04                FDCAN1_IT1_IRQHandler
                0x0000000024052c04                LTDC_ER_IRQHandler
                0x0000000024052c04                DMA2_Stream2_IRQHandler
                0x0000000024052c04                SPI1_IRQHandler
                0x0000000024052c04                TIM6_DAC_IRQHandler
                0x0000000024052c04                BDMA2_Channel6_IRQHandler
                0x0000000024052c04                DMA2_Stream3_IRQHandler
                0x0000000024052c04                OCTOSPI2_IRQHandler
                0x0000000024052c04                SAI2_IRQHandler
                0x0000000024052c04                BDMA1_IRQHandler
                0x0000000024052c04                DFSDM1_FLT3_IRQHandler
                0x0000000024052c04                USART6_IRQHandler
                0x0000000024052c04                TIM17_IRQHandler
                0x0000000024052c04                USART3_IRQHandler
                0x0000000024052c04                CRYP_IRQHandler
                0x0000000024052c04                LPTIM5_IRQHandler
                0x0000000024052c04                UART5_IRQHandler
                0x0000000024052c04                DMA2_Stream0_IRQHandler
                0x0000000024052c04                TIM4_IRQHandler
                0x0000000024052c04                I2C1_EV_IRQHandler
                0x0000000024052c04                DMA1_Stream6_IRQHandler
                0x0000000024052c04                DMAMUX1_OVR_IRQHandler
                0x0000000024052c04                DMA1_Stream1_IRQHandler
                0x0000000024052c04                TIM16_IRQHandler
                0x0000000024052c04                UART4_IRQHandler
                0x0000000024052c04                TIM3_IRQHandler
                0x0000000024052c04                RCC_IRQHandler
                0x0000000024052c04                UART9_IRQHandler
                0x0000000024052c04                TIM8_BRK_TIM12_IRQHandler
                0x0000000024052c04                TIM1_TRG_COM_IRQHandler
                0x0000000024052c04                Default_Handler
                0x0000000024052c04                ECC_IRQHandler
                0x0000000024052c04                BDMA2_Channel2_IRQHandler
                0x0000000024052c04                CEC_IRQHandler
                0x0000000024052c04                EXTI15_10_IRQHandler
                0x0000000024052c04                DFSDM1_FLT4_IRQHandler
                0x0000000024052c04                OTFDEC1_IRQHandler
                0x0000000024052c04                DMA1_Stream7_IRQHandler
                0x0000000024052c04                SPI5_IRQHandler
                0x0000000024052c04                TIM7_IRQHandler
                0x0000000024052c04                SDMMC1_IRQHandler
                0x0000000024052c04                TIM5_IRQHandler
                0x0000000024052c04                DMA2_Stream7_IRQHandler
                0x0000000024052c04                TIM15_IRQHandler
                0x0000000024052c04                I2C3_EV_IRQHandler
                0x0000000024052c04                DFSDM2_IRQHandler
                0x0000000024052c04                EXTI9_5_IRQHandler
                0x0000000024052c04                RTC_WKUP_IRQHandler
                0x0000000024052c04                SPDIF_RX_IRQHandler
                0x0000000024052c04                PVD_PVM_IRQHandler
                0x0000000024052c04                SPI2_IRQHandler
                0x0000000024052c04                OTG_HS_EP1_IN_IRQHandler
                0x0000000024052c04                DFSDM1_FLT5_IRQHandler
                0x0000000024052c04                OTFDEC2_IRQHandler
                0x0000000024052c04                CRS_IRQHandler
                0x0000000024052c04                EXTI4_IRQHandler
                0x0000000024052c04                DFSDM1_FLT6_IRQHandler
                0x0000000024052c04                FDCAN2_IT1_IRQHandler
                0x0000000024052c04                COMP_IRQHandler
                0x0000000024052c04                TIM1_UP_IRQHandler
                0x0000000024052c04                OTG_HS_EP1_OUT_IRQHandler
                0x0000000024052c04                WWDG_IRQHandler
                0x0000000024052c04                SPI6_IRQHandler
                0x0000000024052c04                MDIOS_IRQHandler
                0x0000000024052c04                I2C4_EV_IRQHandler
                0x0000000024052c04                FDCAN2_IT0_IRQHandler
                0x0000000024052c04                LPUART1_IRQHandler
                0x0000000024052c04                FDCAN1_IT0_IRQHandler
                0x0000000024052c04                TIM2_IRQHandler
                0x0000000024052c04                BDMA2_Channel5_IRQHandler
                0x0000000024052c04                OTG_HS_IRQHandler
                0x0000000024052c04                DMA2D_IRQHandler
                0x0000000024052c04                TIM1_BRK_IRQHandler
                0x0000000024052c04                EXTI1_IRQHandler
                0x0000000024052c04                SDMMC2_IRQHandler
                0x0000000024052c04                DTS_IRQHandler
                0x0000000024052c04                UART7_IRQHandler
                0x0000000024052c04                MDIOS_WKUP_IRQHandler
                0x0000000024052c04                USART2_IRQHandler
                0x0000000024052c04                DFSDM1_FLT0_IRQHandler
                0x0000000024052c04                I2C2_ER_IRQHandler
                0x0000000024052c04                DMA2_Stream1_IRQHandler
                0x0000000024052c04                DFSDM1_FLT7_IRQHandler
                0x0000000024052c04                FLASH_IRQHandler
                0x0000000024052c04                DMA2_Stream4_IRQHandler
                0x0000000024052c04                USART1_IRQHandler
                0x0000000024052c04                SPI3_IRQHandler
                0x0000000024052c04                WAKEUP_PIN_IRQHandler
                0x0000000024052c04                DMA1_Stream4_IRQHandler
                0x0000000024052c04                I2C1_ER_IRQHandler
                0x0000000024052c04                FMC_IRQHandler
                0x0000000024052c04                BDMA2_Channel7_IRQHandler
                0x0000000024052c04                FDCAN_CAL_IRQHandler
                0x0000000024052c04                SWPMI1_IRQHandler
                0x0000000024052c04                LPTIM1_IRQHandler
                0x0000000024052c04                DCMI_PSSI_IRQHandler
                0x0000000024052c04                I2C4_ER_IRQHandler
                0x0000000024052c04                DMA2_Stream6_IRQHandler
                0x0000000024052c04                DMA1_Stream3_IRQHandler
                0x0000000024052c04                RTC_TAMP_STAMP_CSS_LSE_IRQHandler
                0x0000000024052c04                BDMA2_Channel4_IRQHandler
 *fill*         0x0000000024052c06        0x2 
 .text.HAL_Init
                0x0000000024052c08       0x78 ./Drivers/STM32H7xx_HAL_Driver/Src/stm32h7xx_hal.o
                0x0000000024052c08                HAL_Init
 .text.HAL_InitTick
                0x0000000024052c80       0x6c ./Drivers/STM32H7xx_HAL_Driver/Src/stm32h7xx_hal.o
                0x0000000024052c80                HAL_InitTick
 .text.HAL_IncTick
                0x0000000024052cec       0x28 ./Drivers/STM32H7xx_HAL_Driver/Src/stm32h7xx_hal.o
                0x0000000024052cec                HAL_IncTick
 .text.HAL_GetTick
                0x0000000024052d14       0x18 ./Drivers/STM32H7xx_HAL_Driver/Src/stm32h7xx_hal.o
                0x0000000024052d14                HAL_GetTick
 .text.HAL_Delay
                0x0000000024052d2c       0x48 ./Drivers/STM32H7xx_HAL_Driver/Src/stm32h7xx_hal.o
                0x0000000024052d2c                HAL_Delay
 .text.LL_ADC_SetCommonClock
                0x0000000024052d74       0x26 ./Drivers/STM32H7xx_HAL_Driver/Src/stm32h7xx_hal_adc.o
 .text.LL_ADC_SetCommonPathInternalCh
                0x0000000024052d9a       0x26 ./Drivers/STM32H7xx_HAL_Driver/Src/stm32h7xx_hal_adc.o
 .text.LL_ADC_GetCommonPathInternalCh
                0x0000000024052dc0       0x1c ./Drivers/STM32H7xx_HAL_Driver/Src/stm32h7xx_hal_adc.o
 .text.LL_ADC_SetOffset
                0x0000000024052ddc       0x40 ./Drivers/STM32H7xx_HAL_Driver/Src/stm32h7xx_hal_adc.o
 .text.LL_ADC_SetDataRightShift
                0x0000000024052e1c       0x32 ./Drivers/STM32H7xx_HAL_Driver/Src/stm32h7xx_hal_adc.o
 .text.LL_ADC_SetOffsetSignedSaturation
                0x0000000024052e4e       0x36 ./Drivers/STM32H7xx_HAL_Driver/Src/stm32h7xx_hal_adc.o
 .text.LL_ADC_REG_IsTriggerSourceSWStart
                0x0000000024052e84       0x26 ./Drivers/STM32H7xx_HAL_Driver/Src/stm32h7xx_hal_adc.o
 .text.LL_ADC_REG_SetSequencerRanks
                0x0000000024052eaa       0x58 ./Drivers/STM32H7xx_HAL_Driver/Src/stm32h7xx_hal_adc.o
 .text.LL_ADC_INJ_IsTriggerSourceSWStart
                0x0000000024052f02       0x26 ./Drivers/STM32H7xx_HAL_Driver/Src/stm32h7xx_hal_adc.o
 .text.LL_ADC_SetChannelSamplingTime
                0x0000000024052f28       0x56 ./Drivers/STM32H7xx_HAL_Driver/Src/stm32h7xx_hal_adc.o
 *fill*         0x0000000024052f7e        0x2 
 .text.LL_ADC_SetChannelSingleDiff
                0x0000000024052f80       0x48 ./Drivers/STM32H7xx_HAL_Driver/Src/stm32h7xx_hal_adc.o
 .text.LL_ADC_GetMultimode
                0x0000000024052fc8       0x1c ./Drivers/STM32H7xx_HAL_Driver/Src/stm32h7xx_hal_adc.o
 .text.LL_ADC_GetMultiDMATransfer
                0x0000000024052fe4       0x1c ./Drivers/STM32H7xx_HAL_Driver/Src/stm32h7xx_hal_adc.o
 .text.LL_ADC_DisableDeepPowerDown
                0x0000000024053000       0x24 ./Drivers/STM32H7xx_HAL_Driver/Src/stm32h7xx_hal_adc.o
 .text.LL_ADC_IsDeepPowerDownEnabled
                0x0000000024053024       0x28 ./Drivers/STM32H7xx_HAL_Driver/Src/stm32h7xx_hal_adc.o
 .text.LL_ADC_EnableInternalRegulator
                0x000000002405304c       0x28 ./Drivers/STM32H7xx_HAL_Driver/Src/stm32h7xx_hal_adc.o
 .text.LL_ADC_IsInternalRegulatorEnabled
                0x0000000024053074       0x28 ./Drivers/STM32H7xx_HAL_Driver/Src/stm32h7xx_hal_adc.o
 .text.LL_ADC_Enable
                0x000000002405309c       0x28 ./Drivers/STM32H7xx_HAL_Driver/Src/stm32h7xx_hal_adc.o
 .text.LL_ADC_IsEnabled
                0x00000000240530c4       0x26 ./Drivers/STM32H7xx_HAL_Driver/Src/stm32h7xx_hal_adc.o
 *fill*         0x00000000240530ea        0x2 
 .text.LL_ADC_REG_StartConversion
                0x00000000240530ec       0x28 ./Drivers/STM32H7xx_HAL_Driver/Src/stm32h7xx_hal_adc.o
 .text.LL_ADC_REG_IsConversionOngoing
                0x0000000024053114       0x26 ./Drivers/STM32H7xx_HAL_Driver/Src/stm32h7xx_hal_adc.o
 .text.LL_ADC_INJ_IsConversionOngoing
                0x000000002405313a       0x26 ./Drivers/STM32H7xx_HAL_Driver/Src/stm32h7xx_hal_adc.o
 .text.HAL_ADC_Init
                0x0000000024053160      0x2b4 ./Drivers/STM32H7xx_HAL_Driver/Src/stm32h7xx_hal_adc.o
                0x0000000024053160                HAL_ADC_Init
 .text.HAL_ADC_Start
                0x0000000024053414      0x174 ./Drivers/STM32H7xx_HAL_Driver/Src/stm32h7xx_hal_adc.o
                0x0000000024053414                HAL_ADC_Start
 .text.HAL_ADC_PollForConversion
                0x0000000024053588      0x1b0 ./Drivers/STM32H7xx_HAL_Driver/Src/stm32h7xx_hal_adc.o
                0x0000000024053588                HAL_ADC_PollForConversion
 .text.HAL_ADC_GetValue
                0x0000000024053738       0x1a ./Drivers/STM32H7xx_HAL_Driver/Src/stm32h7xx_hal_adc.o
                0x0000000024053738                HAL_ADC_GetValue
 *fill*         0x0000000024053752        0x2 
 .text.HAL_ADC_IRQHandler
                0x0000000024053754      0x434 ./Drivers/STM32H7xx_HAL_Driver/Src/stm32h7xx_hal_adc.o
                0x0000000024053754                HAL_ADC_IRQHandler
 .text.HAL_ADC_ConvCpltCallback
                0x0000000024053b88       0x14 ./Drivers/STM32H7xx_HAL_Driver/Src/stm32h7xx_hal_adc.o
                0x0000000024053b88                HAL_ADC_ConvCpltCallback
 .text.HAL_ADC_LevelOutOfWindowCallback
                0x0000000024053b9c       0x14 ./Drivers/STM32H7xx_HAL_Driver/Src/stm32h7xx_hal_adc.o
                0x0000000024053b9c                HAL_ADC_LevelOutOfWindowCallback
 .text.HAL_ADC_ErrorCallback
                0x0000000024053bb0       0x14 ./Drivers/STM32H7xx_HAL_Driver/Src/stm32h7xx_hal_adc.o
                0x0000000024053bb0                HAL_ADC_ErrorCallback
 .text.HAL_ADC_ConfigChannel
                0x0000000024053bc4      0x5cc ./Drivers/STM32H7xx_HAL_Driver/Src/stm32h7xx_hal_adc.o
                0x0000000024053bc4                HAL_ADC_ConfigChannel
 .text.ADC_Enable
                0x0000000024054190       0xf8 ./Drivers/STM32H7xx_HAL_Driver/Src/stm32h7xx_hal_adc.o
                0x0000000024054190                ADC_Enable
 .text.ADC_ConfigureBoostMode
                0x0000000024054288      0x19c ./Drivers/STM32H7xx_HAL_Driver/Src/stm32h7xx_hal_adc.o
                0x0000000024054288                ADC_ConfigureBoostMode
 .text.LL_ADC_IsEnabled
                0x0000000024054424       0x26 ./Drivers/STM32H7xx_HAL_Driver/Src/stm32h7xx_hal_adc_ex.o
 .text.LL_ADC_REG_IsConversionOngoing
                0x000000002405444a       0x26 ./Drivers/STM32H7xx_HAL_Driver/Src/stm32h7xx_hal_adc_ex.o
 .text.HAL_ADCEx_InjectedConvCpltCallback
                0x0000000024054470       0x14 ./Drivers/STM32H7xx_HAL_Driver/Src/stm32h7xx_hal_adc_ex.o
                0x0000000024054470                HAL_ADCEx_InjectedConvCpltCallback
 .text.HAL_ADCEx_InjectedQueueOverflowCallback
                0x0000000024054484       0x14 ./Drivers/STM32H7xx_HAL_Driver/Src/stm32h7xx_hal_adc_ex.o
                0x0000000024054484                HAL_ADCEx_InjectedQueueOverflowCallback
 .text.HAL_ADCEx_LevelOutOfWindow2Callback
                0x0000000024054498       0x14 ./Drivers/STM32H7xx_HAL_Driver/Src/stm32h7xx_hal_adc_ex.o
                0x0000000024054498                HAL_ADCEx_LevelOutOfWindow2Callback
 .text.HAL_ADCEx_LevelOutOfWindow3Callback
                0x00000000240544ac       0x14 ./Drivers/STM32H7xx_HAL_Driver/Src/stm32h7xx_hal_adc_ex.o
                0x00000000240544ac                HAL_ADCEx_LevelOutOfWindow3Callback
 .text.HAL_ADCEx_EndOfSamplingCallback
                0x00000000240544c0       0x14 ./Drivers/STM32H7xx_HAL_Driver/Src/stm32h7xx_hal_adc_ex.o
                0x00000000240544c0                HAL_ADCEx_EndOfSamplingCallback
 .text.HAL_ADCEx_MultiModeConfigChannel
                0x00000000240544d4      0x138 ./Drivers/STM32H7xx_HAL_Driver/Src/stm32h7xx_hal_adc_ex.o
                0x00000000240544d4                HAL_ADCEx_MultiModeConfigChannel
 .text.__NVIC_SetPriorityGrouping
                0x000000002405460c       0x48 ./Drivers/STM32H7xx_HAL_Driver/Src/stm32h7xx_hal_cortex.o
 .text.__NVIC_GetPriorityGrouping
                0x0000000024054654       0x1c ./Drivers/STM32H7xx_HAL_Driver/Src/stm32h7xx_hal_cortex.o
 .text.__NVIC_EnableIRQ
                0x0000000024054670       0x3c ./Drivers/STM32H7xx_HAL_Driver/Src/stm32h7xx_hal_cortex.o
 .text.__NVIC_SetPriority
                0x00000000240546ac       0x54 ./Drivers/STM32H7xx_HAL_Driver/Src/stm32h7xx_hal_cortex.o
 .text.NVIC_EncodePriority
                0x0000000024054700       0x66 ./Drivers/STM32H7xx_HAL_Driver/Src/stm32h7xx_hal_cortex.o
 *fill*         0x0000000024054766        0x2 
 .text.__NVIC_SystemReset
                0x0000000024054768       0x2c ./Drivers/STM32H7xx_HAL_Driver/Src/stm32h7xx_hal_cortex.o
 .text.SysTick_Config
                0x0000000024054794       0x44 ./Drivers/STM32H7xx_HAL_Driver/Src/stm32h7xx_hal_cortex.o
 .text.HAL_NVIC_SetPriorityGrouping
                0x00000000240547d8       0x16 ./Drivers/STM32H7xx_HAL_Driver/Src/stm32h7xx_hal_cortex.o
                0x00000000240547d8                HAL_NVIC_SetPriorityGrouping
 .text.HAL_NVIC_SetPriority
                0x00000000240547ee       0x34 ./Drivers/STM32H7xx_HAL_Driver/Src/stm32h7xx_hal_cortex.o
                0x00000000240547ee                HAL_NVIC_SetPriority
 .text.HAL_NVIC_EnableIRQ
                0x0000000024054822       0x1c ./Drivers/STM32H7xx_HAL_Driver/Src/stm32h7xx_hal_cortex.o
                0x0000000024054822                HAL_NVIC_EnableIRQ
 .text.HAL_NVIC_SystemReset
                0x000000002405483e        0x8 ./Drivers/STM32H7xx_HAL_Driver/Src/stm32h7xx_hal_cortex.o
                0x000000002405483e                HAL_NVIC_SystemReset
 .text.HAL_SYSTICK_Config
                0x0000000024054846       0x18 ./Drivers/STM32H7xx_HAL_Driver/Src/stm32h7xx_hal_cortex.o
                0x0000000024054846                HAL_SYSTICK_Config
 .text.HAL_DAC_Init
                0x000000002405485e       0x44 ./Drivers/STM32H7xx_HAL_Driver/Src/stm32h7xx_hal_dac.o
                0x000000002405485e                HAL_DAC_Init
 .text.HAL_DAC_Start
                0x00000000240548a2       0xa4 ./Drivers/STM32H7xx_HAL_Driver/Src/stm32h7xx_hal_dac.o
                0x00000000240548a2                HAL_DAC_Start
 .text.HAL_DAC_SetValue
                0x0000000024054946       0x4a ./Drivers/STM32H7xx_HAL_Driver/Src/stm32h7xx_hal_dac.o
                0x0000000024054946                HAL_DAC_SetValue
 .text.HAL_DAC_ConfigChannel
                0x0000000024054990      0x27c ./Drivers/STM32H7xx_HAL_Driver/Src/stm32h7xx_hal_dac.o
                0x0000000024054990                HAL_DAC_ConfigChannel
 .text.HAL_DMA_Init
                0x0000000024054c0c      0x71c ./Drivers/STM32H7xx_HAL_Driver/Src/stm32h7xx_hal_dma.o
                0x0000000024054c0c                HAL_DMA_Init
 .text.HAL_DMA_Start_IT
                0x0000000024055328      0x4d4 ./Drivers/STM32H7xx_HAL_Driver/Src/stm32h7xx_hal_dma.o
                0x0000000024055328                HAL_DMA_Start_IT
 .text.HAL_DMA_Abort
                0x00000000240557fc      0x63c ./Drivers/STM32H7xx_HAL_Driver/Src/stm32h7xx_hal_dma.o
                0x00000000240557fc                HAL_DMA_Abort
 .text.HAL_DMA_Abort_IT
                0x0000000024055e38      0x48c ./Drivers/STM32H7xx_HAL_Driver/Src/stm32h7xx_hal_dma.o
                0x0000000024055e38                HAL_DMA_Abort_IT
 .text.HAL_DMA_IRQHandler
                0x00000000240562c4      0xec4 ./Drivers/STM32H7xx_HAL_Driver/Src/stm32h7xx_hal_dma.o
                0x00000000240562c4                HAL_DMA_IRQHandler
 .text.HAL_DMA_GetError
                0x0000000024057188       0x18 ./Drivers/STM32H7xx_HAL_Driver/Src/stm32h7xx_hal_dma.o
                0x0000000024057188                HAL_DMA_GetError
 .text.DMA_SetConfig
                0x00000000240571a0      0x3c8 ./Drivers/STM32H7xx_HAL_Driver/Src/stm32h7xx_hal_dma.o
 .text.DMA_CalcBaseAndBitshift
                0x0000000024057568      0x164 ./Drivers/STM32H7xx_HAL_Driver/Src/stm32h7xx_hal_dma.o
 .text.DMA_CheckFifoParam
                0x00000000240576cc       0xf8 ./Drivers/STM32H7xx_HAL_Driver/Src/stm32h7xx_hal_dma.o
 .text.DMA_CalcDMAMUXChannelBaseAndMask
                0x00000000240577c4      0x134 ./Drivers/STM32H7xx_HAL_Driver/Src/stm32h7xx_hal_dma.o
 .text.DMA_CalcDMAMUXRequestGenBaseAndMask
                0x00000000240578f8       0xe8 ./Drivers/STM32H7xx_HAL_Driver/Src/stm32h7xx_hal_dma.o
 .text.HAL_DMA2D_Init
                0x00000000240579e0       0xc8 ./Drivers/STM32H7xx_HAL_Driver/Src/stm32h7xx_hal_dma2d.o
                0x00000000240579e0                HAL_DMA2D_Init
 .text.HAL_GPIO_Init
                0x0000000024057aa8      0x360 ./Drivers/STM32H7xx_HAL_Driver/Src/stm32h7xx_hal_gpio.o
                0x0000000024057aa8                HAL_GPIO_Init
 .text.HAL_GPIO_ReadPin
                0x0000000024057e08       0x30 ./Drivers/STM32H7xx_HAL_Driver/Src/stm32h7xx_hal_gpio.o
                0x0000000024057e08                HAL_GPIO_ReadPin
 .text.HAL_GPIO_WritePin
                0x0000000024057e38       0x32 ./Drivers/STM32H7xx_HAL_Driver/Src/stm32h7xx_hal_gpio.o
                0x0000000024057e38                HAL_GPIO_WritePin
 *fill*         0x0000000024057e6a        0x2 
 .text.HAL_LTDC_Init
                0x0000000024057e6c      0x1a0 ./Drivers/STM32H7xx_HAL_Driver/Src/stm32h7xx_hal_ltdc.o
                0x0000000024057e6c                HAL_LTDC_Init
 .text.HAL_LTDC_IRQHandler
                0x000000002405800c      0x148 ./Drivers/STM32H7xx_HAL_Driver/Src/stm32h7xx_hal_ltdc.o
                0x000000002405800c                HAL_LTDC_IRQHandler
 .text.HAL_LTDC_ErrorCallback
                0x0000000024058154       0x14 ./Drivers/STM32H7xx_HAL_Driver/Src/stm32h7xx_hal_ltdc.o
                0x0000000024058154                HAL_LTDC_ErrorCallback
 .text.HAL_LTDC_LineEventCallback
                0x0000000024058168       0x14 ./Drivers/STM32H7xx_HAL_Driver/Src/stm32h7xx_hal_ltdc.o
                0x0000000024058168                HAL_LTDC_LineEventCallback
 .text.HAL_LTDC_ConfigLayer
                0x000000002405817c       0x7c ./Drivers/STM32H7xx_HAL_Driver/Src/stm32h7xx_hal_ltdc.o
                0x000000002405817c                HAL_LTDC_ConfigLayer
 .text.HAL_LTDC_SetAddress
                0x00000000240581f8       0x6c ./Drivers/STM32H7xx_HAL_Driver/Src/stm32h7xx_hal_ltdc.o
                0x00000000240581f8                HAL_LTDC_SetAddress
 .text.HAL_LTDC_Reload
                0x0000000024058264       0x5e ./Drivers/STM32H7xx_HAL_Driver/Src/stm32h7xx_hal_ltdc.o
                0x0000000024058264                HAL_LTDC_Reload
 *fill*         0x00000000240582c2        0x2 
 .text.LTDC_SetConfig
                0x00000000240582c4      0x334 ./Drivers/STM32H7xx_HAL_Driver/Src/stm32h7xx_hal_ltdc.o
 .text.HAL_MDMA_Abort_IT
                0x00000000240585f8       0x4e ./Drivers/STM32H7xx_HAL_Driver/Src/stm32h7xx_hal_mdma.o
                0x00000000240585f8                HAL_MDMA_Abort_IT
 *fill*         0x0000000024058646        0x2 
 .text.HAL_OSPI_Init
                0x0000000024058648      0x178 ./Drivers/STM32H7xx_HAL_Driver/Src/stm32h7xx_hal_ospi.o
                0x0000000024058648                HAL_OSPI_Init
 .text.HAL_OSPI_IRQHandler
                0x00000000240587c0      0x284 ./Drivers/STM32H7xx_HAL_Driver/Src/stm32h7xx_hal_ospi.o
                0x00000000240587c0                HAL_OSPI_IRQHandler
 .text.HAL_OSPI_Command
                0x0000000024058a44      0x11a ./Drivers/STM32H7xx_HAL_Driver/Src/stm32h7xx_hal_ospi.o
                0x0000000024058a44                HAL_OSPI_Command
 *fill*         0x0000000024058b5e        0x2 
 .text.HAL_OSPI_MemoryMapped
                0x0000000024058b60       0x9c ./Drivers/STM32H7xx_HAL_Driver/Src/stm32h7xx_hal_ospi.o
                0x0000000024058b60                HAL_OSPI_MemoryMapped
 .text.HAL_OSPI_ErrorCallback
                0x0000000024058bfc       0x14 ./Drivers/STM32H7xx_HAL_Driver/Src/stm32h7xx_hal_ospi.o
                0x0000000024058bfc                HAL_OSPI_ErrorCallback
 .text.HAL_OSPI_AbortCpltCallback
                0x0000000024058c10       0x14 ./Drivers/STM32H7xx_HAL_Driver/Src/stm32h7xx_hal_ospi.o
                0x0000000024058c10                HAL_OSPI_AbortCpltCallback
 .text.HAL_OSPI_FifoThresholdCallback
                0x0000000024058c24       0x14 ./Drivers/STM32H7xx_HAL_Driver/Src/stm32h7xx_hal_ospi.o
                0x0000000024058c24                HAL_OSPI_FifoThresholdCallback
 .text.HAL_OSPI_CmdCpltCallback
                0x0000000024058c38       0x14 ./Drivers/STM32H7xx_HAL_Driver/Src/stm32h7xx_hal_ospi.o
                0x0000000024058c38                HAL_OSPI_CmdCpltCallback
 .text.HAL_OSPI_RxCpltCallback
                0x0000000024058c4c       0x14 ./Drivers/STM32H7xx_HAL_Driver/Src/stm32h7xx_hal_ospi.o
                0x0000000024058c4c                HAL_OSPI_RxCpltCallback
 .text.HAL_OSPI_TxCpltCallback
                0x0000000024058c60       0x14 ./Drivers/STM32H7xx_HAL_Driver/Src/stm32h7xx_hal_ospi.o
                0x0000000024058c60                HAL_OSPI_TxCpltCallback
 .text.HAL_OSPI_StatusMatchCallback
                0x0000000024058c74       0x14 ./Drivers/STM32H7xx_HAL_Driver/Src/stm32h7xx_hal_ospi.o
                0x0000000024058c74                HAL_OSPI_StatusMatchCallback
 .text.HAL_OSPI_TimeOutCallback
                0x0000000024058c88       0x14 ./Drivers/STM32H7xx_HAL_Driver/Src/stm32h7xx_hal_ospi.o
                0x0000000024058c88                HAL_OSPI_TimeOutCallback
 .text.HAL_OSPI_SetTimeout
                0x0000000024058c9c       0x1e ./Drivers/STM32H7xx_HAL_Driver/Src/stm32h7xx_hal_ospi.o
                0x0000000024058c9c                HAL_OSPI_SetTimeout
 *fill*         0x0000000024058cba        0x2 
 .text.HAL_OSPIM_Config
                0x0000000024058cbc      0x9d0 ./Drivers/STM32H7xx_HAL_Driver/Src/stm32h7xx_hal_ospi.o
                0x0000000024058cbc                HAL_OSPIM_Config
 .text.OSPI_DMAAbortCplt
                0x000000002405968c       0x78 ./Drivers/STM32H7xx_HAL_Driver/Src/stm32h7xx_hal_ospi.o
 .text.OSPI_WaitFlagStateUntilTimeout
                0x0000000024059704       0x6e ./Drivers/STM32H7xx_HAL_Driver/Src/stm32h7xx_hal_ospi.o
 *fill*         0x0000000024059772        0x2 
 .text.OSPI_ConfigCmd
                0x0000000024059774      0x2f4 ./Drivers/STM32H7xx_HAL_Driver/Src/stm32h7xx_hal_ospi.o
 .text.OSPIM_GetConfig
                0x0000000024059a68      0x174 ./Drivers/STM32H7xx_HAL_Driver/Src/stm32h7xx_hal_ospi.o
 .text.HAL_PWR_EnableBkUpAccess
                0x0000000024059bdc       0x20 ./Drivers/STM32H7xx_HAL_Driver/Src/stm32h7xx_hal_pwr.o
                0x0000000024059bdc                HAL_PWR_EnableBkUpAccess
 .text.HAL_PWREx_ConfigSupply
                0x0000000024059bfc       0x74 ./Drivers/STM32H7xx_HAL_Driver/Src/stm32h7xx_hal_pwr_ex.o
                0x0000000024059bfc                HAL_PWREx_ConfigSupply
 .text.HAL_RCC_OscConfig
                0x0000000024059c70      0x864 ./Drivers/STM32H7xx_HAL_Driver/Src/stm32h7xx_hal_rcc.o
                0x0000000024059c70                HAL_RCC_OscConfig
 .text.HAL_RCC_ClockConfig
                0x000000002405a4d4      0x36c ./Drivers/STM32H7xx_HAL_Driver/Src/stm32h7xx_hal_rcc.o
                0x000000002405a4d4                HAL_RCC_ClockConfig
 .text.HAL_RCC_GetSysClockFreq
                0x000000002405a840      0x2f4 ./Drivers/STM32H7xx_HAL_Driver/Src/stm32h7xx_hal_rcc.o
                0x000000002405a840                HAL_RCC_GetSysClockFreq
 .text.HAL_RCC_GetHCLKFreq
                0x000000002405ab34       0x60 ./Drivers/STM32H7xx_HAL_Driver/Src/stm32h7xx_hal_rcc.o
                0x000000002405ab34                HAL_RCC_GetHCLKFreq
 .text.HAL_RCC_GetPCLK1Freq
                0x000000002405ab94       0x2c ./Drivers/STM32H7xx_HAL_Driver/Src/stm32h7xx_hal_rcc.o
                0x000000002405ab94                HAL_RCC_GetPCLK1Freq
 .text.HAL_RCCEx_PeriphCLKConfig
                0x000000002405abc0     0x137c ./Drivers/STM32H7xx_HAL_Driver/Src/stm32h7xx_hal_rcc_ex.o
                0x000000002405abc0                HAL_RCCEx_PeriphCLKConfig
 .text.HAL_RCCEx_GetPeriphCLKFreq
                0x000000002405bf3c      0x9b0 ./Drivers/STM32H7xx_HAL_Driver/Src/stm32h7xx_hal_rcc_ex.o
                0x000000002405bf3c                HAL_RCCEx_GetPeriphCLKFreq
 .text.HAL_RCCEx_GetD3PCLK1Freq
                0x000000002405c8ec       0x2c ./Drivers/STM32H7xx_HAL_Driver/Src/stm32h7xx_hal_rcc_ex.o
                0x000000002405c8ec                HAL_RCCEx_GetD3PCLK1Freq
 .text.HAL_RCCEx_GetPLL2ClockFreq
                0x000000002405c918      0x2a8 ./Drivers/STM32H7xx_HAL_Driver/Src/stm32h7xx_hal_rcc_ex.o
                0x000000002405c918                HAL_RCCEx_GetPLL2ClockFreq
 .text.HAL_RCCEx_GetPLL3ClockFreq
                0x000000002405cbc0      0x2a8 ./Drivers/STM32H7xx_HAL_Driver/Src/stm32h7xx_hal_rcc_ex.o
                0x000000002405cbc0                HAL_RCCEx_GetPLL3ClockFreq
 .text.HAL_RCCEx_GetPLL1ClockFreq
                0x000000002405ce68      0x2a4 ./Drivers/STM32H7xx_HAL_Driver/Src/stm32h7xx_hal_rcc_ex.o
                0x000000002405ce68                HAL_RCCEx_GetPLL1ClockFreq
 .text.RCCEx_PLL2_Config
                0x000000002405d10c      0x164 ./Drivers/STM32H7xx_HAL_Driver/Src/stm32h7xx_hal_rcc_ex.o
 .text.RCCEx_PLL3_Config
                0x000000002405d270      0x164 ./Drivers/STM32H7xx_HAL_Driver/Src/stm32h7xx_hal_rcc_ex.o
 .text.HAL_RTC_Init
                0x000000002405d3d4      0x10c ./Drivers/STM32H7xx_HAL_Driver/Src/stm32h7xx_hal_rtc.o
                0x000000002405d3d4                HAL_RTC_Init
 .text.HAL_RTC_SetTime
                0x000000002405d4e0      0x13c ./Drivers/STM32H7xx_HAL_Driver/Src/stm32h7xx_hal_rtc.o
                0x000000002405d4e0                HAL_RTC_SetTime
 .text.HAL_RTC_GetTime
                0x000000002405d61c       0xb8 ./Drivers/STM32H7xx_HAL_Driver/Src/stm32h7xx_hal_rtc.o
                0x000000002405d61c                HAL_RTC_GetTime
 .text.HAL_RTC_SetDate
                0x000000002405d6d4      0x110 ./Drivers/STM32H7xx_HAL_Driver/Src/stm32h7xx_hal_rtc.o
                0x000000002405d6d4                HAL_RTC_SetDate
 .text.HAL_RTC_GetDate
                0x000000002405d7e4       0x9c ./Drivers/STM32H7xx_HAL_Driver/Src/stm32h7xx_hal_rtc.o
                0x000000002405d7e4                HAL_RTC_GetDate
 .text.HAL_RTC_WaitForSynchro
                0x000000002405d880       0x48 ./Drivers/STM32H7xx_HAL_Driver/Src/stm32h7xx_hal_rtc.o
                0x000000002405d880                HAL_RTC_WaitForSynchro
 .text.RTC_EnterInitMode
                0x000000002405d8c8       0x6c ./Drivers/STM32H7xx_HAL_Driver/Src/stm32h7xx_hal_rtc.o
                0x000000002405d8c8                RTC_EnterInitMode
 .text.RTC_ExitInitMode
                0x000000002405d934       0x7c ./Drivers/STM32H7xx_HAL_Driver/Src/stm32h7xx_hal_rtc.o
                0x000000002405d934                RTC_ExitInitMode
 .text.RTC_ByteToBcd2
                0x000000002405d9b0       0x40 ./Drivers/STM32H7xx_HAL_Driver/Src/stm32h7xx_hal_rtc.o
                0x000000002405d9b0                RTC_ByteToBcd2
 .text.RTC_Bcd2ToByte
                0x000000002405d9f0       0x34 ./Drivers/STM32H7xx_HAL_Driver/Src/stm32h7xx_hal_rtc.o
                0x000000002405d9f0                RTC_Bcd2ToByte
 .text.HAL_SAI_InitProtocol
                0x000000002405da24       0x62 ./Drivers/STM32H7xx_HAL_Driver/Src/stm32h7xx_hal_sai.o
                0x000000002405da24                HAL_SAI_InitProtocol
 *fill*         0x000000002405da86        0x2 
 .text.HAL_SAI_Init
                0x000000002405da88      0x410 ./Drivers/STM32H7xx_HAL_Driver/Src/stm32h7xx_hal_sai.o
                0x000000002405da88                HAL_SAI_Init
 .text.HAL_SAI_Abort
                0x000000002405de98      0x11e ./Drivers/STM32H7xx_HAL_Driver/Src/stm32h7xx_hal_sai.o
                0x000000002405de98                HAL_SAI_Abort
 *fill*         0x000000002405dfb6        0x2 
 .text.HAL_SAI_Transmit_DMA
                0x000000002405dfb8      0x16c ./Drivers/STM32H7xx_HAL_Driver/Src/stm32h7xx_hal_sai.o
                0x000000002405dfb8                HAL_SAI_Transmit_DMA
 .text.HAL_SAI_IRQHandler
                0x000000002405e124      0x370 ./Drivers/STM32H7xx_HAL_Driver/Src/stm32h7xx_hal_sai.o
                0x000000002405e124                HAL_SAI_IRQHandler
 .text.HAL_SAI_TxCpltCallback
                0x000000002405e494       0x14 ./Drivers/STM32H7xx_HAL_Driver/Src/stm32h7xx_hal_sai.o
                0x000000002405e494                HAL_SAI_TxCpltCallback
 .text.HAL_SAI_TxHalfCpltCallback
                0x000000002405e4a8       0x14 ./Drivers/STM32H7xx_HAL_Driver/Src/stm32h7xx_hal_sai.o
                0x000000002405e4a8                HAL_SAI_TxHalfCpltCallback
 .text.HAL_SAI_ErrorCallback
                0x000000002405e4bc       0x14 ./Drivers/STM32H7xx_HAL_Driver/Src/stm32h7xx_hal_sai.o
                0x000000002405e4bc                HAL_SAI_ErrorCallback
 .text.SAI_InitI2S
                0x000000002405e4d0      0x164 ./Drivers/STM32H7xx_HAL_Driver/Src/stm32h7xx_hal_sai.o
 .text.SAI_InitPCM
                0x000000002405e634      0x104 ./Drivers/STM32H7xx_HAL_Driver/Src/stm32h7xx_hal_sai.o
 .text.SAI_InterruptFlag
                0x000000002405e738       0x6e ./Drivers/STM32H7xx_HAL_Driver/Src/stm32h7xx_hal_sai.o
 *fill*         0x000000002405e7a6        0x2 
 .text.SAI_Disable
                0x000000002405e7a8       0x74 ./Drivers/STM32H7xx_HAL_Driver/Src/stm32h7xx_hal_sai.o
 .text.SAI_DMATxCplt
                0x000000002405e81c       0x60 ./Drivers/STM32H7xx_HAL_Driver/Src/stm32h7xx_hal_sai.o
 .text.SAI_DMATxHalfCplt
                0x000000002405e87c       0x1c ./Drivers/STM32H7xx_HAL_Driver/Src/stm32h7xx_hal_sai.o
 .text.SAI_DMAError
                0x000000002405e898       0x5e ./Drivers/STM32H7xx_HAL_Driver/Src/stm32h7xx_hal_sai.o
 .text.SAI_DMAAbort
                0x000000002405e8f6       0x6e ./Drivers/STM32H7xx_HAL_Driver/Src/stm32h7xx_hal_sai.o
 .text.HAL_SPI_Init
                0x000000002405e964      0x248 ./Drivers/STM32H7xx_HAL_Driver/Src/stm32h7xx_hal_spi.o
                0x000000002405e964                HAL_SPI_Init
 .text.HAL_SPI_Transmit
                0x000000002405ebac      0x3f8 ./Drivers/STM32H7xx_HAL_Driver/Src/stm32h7xx_hal_spi.o
                0x000000002405ebac                HAL_SPI_Transmit
 .text.SPI_CloseTransfer
                0x000000002405efa4      0x140 ./Drivers/STM32H7xx_HAL_Driver/Src/stm32h7xx_hal_spi.o
 .text.SPI_WaitOnFlagUntilTimeout
                0x000000002405f0e4       0x5c ./Drivers/STM32H7xx_HAL_Driver/Src/stm32h7xx_hal_spi.o
 .text.SPI_GetPacketSize
                0x000000002405f140       0x36 ./Drivers/STM32H7xx_HAL_Driver/Src/stm32h7xx_hal_spi.o
 *fill*         0x000000002405f176        0x2 
 .text.srand    0x000000002405f178       0x5c C:/ST/STM32CubeIDE_1.10.1/STM32CubeIDE/plugins/com.st.stm32cube.ide.mcu.externaltools.gnu-tools-for-stm32.11.3.rel1.win32_1.1.100.202309141235/tools/bin/../lib/gcc/arm-none-eabi/11.3.1/../../../../arm-none-eabi/lib/thumb/v7e-m+dp/hard\libc_nano.a(libc_a-rand.o)
                0x000000002405f178                srand
 .text.rand     0x000000002405f1d4       0x7c C:/ST/STM32CubeIDE_1.10.1/STM32CubeIDE/plugins/com.st.stm32cube.ide.mcu.externaltools.gnu-tools-for-stm32.11.3.rel1.win32_1.1.100.202309141235/tools/bin/../lib/gcc/arm-none-eabi/11.3.1/../../../../arm-none-eabi/lib/thumb/v7e-m+dp/hard\libc_nano.a(libc_a-rand.o)
                0x000000002405f1d4                rand
 .text.std      0x000000002405f250       0x6c C:/ST/STM32CubeIDE_1.10.1/STM32CubeIDE/plugins/com.st.stm32cube.ide.mcu.externaltools.gnu-tools-for-stm32.11.3.rel1.win32_1.1.100.202309141235/tools/bin/../lib/gcc/arm-none-eabi/11.3.1/../../../../arm-none-eabi/lib/thumb/v7e-m+dp/hard\libc_nano.a(libc_a-findfp.o)
 .text.stdio_exit_handler
                0x000000002405f2bc       0x18 C:/ST/STM32CubeIDE_1.10.1/STM32CubeIDE/plugins/com.st.stm32cube.ide.mcu.externaltools.gnu-tools-for-stm32.11.3.rel1.win32_1.1.100.202309141235/tools/bin/../lib/gcc/arm-none-eabi/11.3.1/../../../../arm-none-eabi/lib/thumb/v7e-m+dp/hard\libc_nano.a(libc_a-findfp.o)
 .text.cleanup_stdio
                0x000000002405f2d4       0x40 C:/ST/STM32CubeIDE_1.10.1/STM32CubeIDE/plugins/com.st.stm32cube.ide.mcu.externaltools.gnu-tools-for-stm32.11.3.rel1.win32_1.1.100.202309141235/tools/bin/../lib/gcc/arm-none-eabi/11.3.1/../../../../arm-none-eabi/lib/thumb/v7e-m+dp/hard\libc_nano.a(libc_a-findfp.o)
 .text.global_stdio_init.part.0
                0x000000002405f314       0x3c C:/ST/STM32CubeIDE_1.10.1/STM32CubeIDE/plugins/com.st.stm32cube.ide.mcu.externaltools.gnu-tools-for-stm32.11.3.rel1.win32_1.1.100.202309141235/tools/bin/../lib/gcc/arm-none-eabi/11.3.1/../../../../arm-none-eabi/lib/thumb/v7e-m+dp/hard\libc_nano.a(libc_a-findfp.o)
 .text.__sfp_lock_acquire
                0x000000002405f350        0xc C:/ST/STM32CubeIDE_1.10.1/STM32CubeIDE/plugins/com.st.stm32cube.ide.mcu.externaltools.gnu-tools-for-stm32.11.3.rel1.win32_1.1.100.202309141235/tools/bin/../lib/gcc/arm-none-eabi/11.3.1/../../../../arm-none-eabi/lib/thumb/v7e-m+dp/hard\libc_nano.a(libc_a-findfp.o)
                0x000000002405f350                __sfp_lock_acquire
 .text.__sfp_lock_release
                0x000000002405f35c        0xc C:/ST/STM32CubeIDE_1.10.1/STM32CubeIDE/plugins/com.st.stm32cube.ide.mcu.externaltools.gnu-tools-for-stm32.11.3.rel1.win32_1.1.100.202309141235/tools/bin/../lib/gcc/arm-none-eabi/11.3.1/../../../../arm-none-eabi/lib/thumb/v7e-m+dp/hard\libc_nano.a(libc_a-findfp.o)
                0x000000002405f35c                __sfp_lock_release
 .text.__sinit  0x000000002405f368       0x30 C:/ST/STM32CubeIDE_1.10.1/STM32CubeIDE/plugins/com.st.stm32cube.ide.mcu.externaltools.gnu-tools-for-stm32.11.3.rel1.win32_1.1.100.202309141235/tools/bin/../lib/gcc/arm-none-eabi/11.3.1/../../../../arm-none-eabi/lib/thumb/v7e-m+dp/hard\libc_nano.a(libc_a-findfp.o)
                0x000000002405f368                __sinit
 .text._fwalk_sglue
                0x000000002405f398       0x3c C:/ST/STM32CubeIDE_1.10.1/STM32CubeIDE/plugins/com.st.stm32cube.ide.mcu.externaltools.gnu-tools-for-stm32.11.3.rel1.win32_1.1.100.202309141235/tools/bin/../lib/gcc/arm-none-eabi/11.3.1/../../../../arm-none-eabi/lib/thumb/v7e-m+dp/hard\libc_nano.a(libc_a-fwalk.o)
                0x000000002405f398                _fwalk_sglue
 .text.sprintf  0x000000002405f3d4       0x40 C:/ST/STM32CubeIDE_1.10.1/STM32CubeIDE/plugins/com.st.stm32cube.ide.mcu.externaltools.gnu-tools-for-stm32.11.3.rel1.win32_1.1.100.202309141235/tools/bin/../lib/gcc/arm-none-eabi/11.3.1/../../../../arm-none-eabi/lib/thumb/v7e-m+dp/hard\libc_nano.a(libc_a-sprintf.o)
                0x000000002405f3d4                siprintf
                0x000000002405f3d4                sprintf
 .text.__sread  0x000000002405f414       0x22 C:/ST/STM32CubeIDE_1.10.1/STM32CubeIDE/plugins/com.st.stm32cube.ide.mcu.externaltools.gnu-tools-for-stm32.11.3.rel1.win32_1.1.100.202309141235/tools/bin/../lib/gcc/arm-none-eabi/11.3.1/../../../../arm-none-eabi/lib/thumb/v7e-m+dp/hard\libc_nano.a(libc_a-stdio.o)
                0x000000002405f414                __sread
 .text.__swrite
                0x000000002405f436       0x38 C:/ST/STM32CubeIDE_1.10.1/STM32CubeIDE/plugins/com.st.stm32cube.ide.mcu.externaltools.gnu-tools-for-stm32.11.3.rel1.win32_1.1.100.202309141235/tools/bin/../lib/gcc/arm-none-eabi/11.3.1/../../../../arm-none-eabi/lib/thumb/v7e-m+dp/hard\libc_nano.a(libc_a-stdio.o)
                0x000000002405f436                __swrite
 .text.__sseek  0x000000002405f46e       0x24 C:/ST/STM32CubeIDE_1.10.1/STM32CubeIDE/plugins/com.st.stm32cube.ide.mcu.externaltools.gnu-tools-for-stm32.11.3.rel1.win32_1.1.100.202309141235/tools/bin/../lib/gcc/arm-none-eabi/11.3.1/../../../../arm-none-eabi/lib/thumb/v7e-m+dp/hard\libc_nano.a(libc_a-stdio.o)
                0x000000002405f46e                __sseek
 .text.__sclose
                0x000000002405f492        0x8 C:/ST/STM32CubeIDE_1.10.1/STM32CubeIDE/plugins/com.st.stm32cube.ide.mcu.externaltools.gnu-tools-for-stm32.11.3.rel1.win32_1.1.100.202309141235/tools/bin/../lib/gcc/arm-none-eabi/11.3.1/../../../../arm-none-eabi/lib/thumb/v7e-m+dp/hard\libc_nano.a(libc_a-stdio.o)
                0x000000002405f492                __sclose
 .text.memset   0x000000002405f49a       0x10 C:/ST/STM32CubeIDE_1.10.1/STM32CubeIDE/plugins/com.st.stm32cube.ide.mcu.externaltools.gnu-tools-for-stm32.11.3.rel1.win32_1.1.100.202309141235/tools/bin/../lib/gcc/arm-none-eabi/11.3.1/../../../../arm-none-eabi/lib/thumb/v7e-m+dp/hard\libc_nano.a(libc_a-memset.o)
                0x000000002405f49a                memset
 *fill*         0x000000002405f4aa        0x2 
 .text._close_r
                0x000000002405f4ac       0x20 C:/ST/STM32CubeIDE_1.10.1/STM32CubeIDE/plugins/com.st.stm32cube.ide.mcu.externaltools.gnu-tools-for-stm32.11.3.rel1.win32_1.1.100.202309141235/tools/bin/../lib/gcc/arm-none-eabi/11.3.1/../../../../arm-none-eabi/lib/thumb/v7e-m+dp/hard\libc_nano.a(libc_a-closer.o)
                0x000000002405f4ac                _close_r
 .text._lseek_r
                0x000000002405f4cc       0x24 C:/ST/STM32CubeIDE_1.10.1/STM32CubeIDE/plugins/com.st.stm32cube.ide.mcu.externaltools.gnu-tools-for-stm32.11.3.rel1.win32_1.1.100.202309141235/tools/bin/../lib/gcc/arm-none-eabi/11.3.1/../../../../arm-none-eabi/lib/thumb/v7e-m+dp/hard\libc_nano.a(libc_a-lseekr.o)
                0x000000002405f4cc                _lseek_r
 .text._read_r  0x000000002405f4f0       0x24 C:/ST/STM32CubeIDE_1.10.1/STM32CubeIDE/plugins/com.st.stm32cube.ide.mcu.externaltools.gnu-tools-for-stm32.11.3.rel1.win32_1.1.100.202309141235/tools/bin/../lib/gcc/arm-none-eabi/11.3.1/../../../../arm-none-eabi/lib/thumb/v7e-m+dp/hard\libc_nano.a(libc_a-readr.o)
                0x000000002405f4f0                _read_r
 .text._write_r
                0x000000002405f514       0x24 C:/ST/STM32CubeIDE_1.10.1/STM32CubeIDE/plugins/com.st.stm32cube.ide.mcu.externaltools.gnu-tools-for-stm32.11.3.rel1.win32_1.1.100.202309141235/tools/bin/../lib/gcc/arm-none-eabi/11.3.1/../../../../arm-none-eabi/lib/thumb/v7e-m+dp/hard\libc_nano.a(libc_a-writer.o)
                0x000000002405f514                _write_r
 .text.__errno  0x000000002405f538        0xc C:/ST/STM32CubeIDE_1.10.1/STM32CubeIDE/plugins/com.st.stm32cube.ide.mcu.externaltools.gnu-tools-for-stm32.11.3.rel1.win32_1.1.100.202309141235/tools/bin/../lib/gcc/arm-none-eabi/11.3.1/../../../../arm-none-eabi/lib/thumb/v7e-m+dp/hard\libc_nano.a(libc_a-errno.o)
                0x000000002405f538                __errno
 .text.__libc_init_array
                0x000000002405f544       0x48 C:/ST/STM32CubeIDE_1.10.1/STM32CubeIDE/plugins/com.st.stm32cube.ide.mcu.externaltools.gnu-tools-for-stm32.11.3.rel1.win32_1.1.100.202309141235/tools/bin/../lib/gcc/arm-none-eabi/11.3.1/../../../../arm-none-eabi/lib/thumb/v7e-m+dp/hard\libc_nano.a(libc_a-init.o)
                0x000000002405f544                __libc_init_array
 .text.__retarget_lock_init_recursive
                0x000000002405f58c        0x2 C:/ST/STM32CubeIDE_1.10.1/STM32CubeIDE/plugins/com.st.stm32cube.ide.mcu.externaltools.gnu-tools-for-stm32.11.3.rel1.win32_1.1.100.202309141235/tools/bin/../lib/gcc/arm-none-eabi/11.3.1/../../../../arm-none-eabi/lib/thumb/v7e-m+dp/hard\libc_nano.a(libc_a-lock.o)
                0x000000002405f58c                __retarget_lock_init_recursive
 .text.__retarget_lock_acquire_recursive
                0x000000002405f58e        0x2 C:/ST/STM32CubeIDE_1.10.1/STM32CubeIDE/plugins/com.st.stm32cube.ide.mcu.externaltools.gnu-tools-for-stm32.11.3.rel1.win32_1.1.100.202309141235/tools/bin/../lib/gcc/arm-none-eabi/11.3.1/../../../../arm-none-eabi/lib/thumb/v7e-m+dp/hard\libc_nano.a(libc_a-lock.o)
                0x000000002405f58e                __retarget_lock_acquire_recursive
 .text.__retarget_lock_release_recursive
                0x000000002405f590        0x2 C:/ST/STM32CubeIDE_1.10.1/STM32CubeIDE/plugins/com.st.stm32cube.ide.mcu.externaltools.gnu-tools-for-stm32.11.3.rel1.win32_1.1.100.202309141235/tools/bin/../lib/gcc/arm-none-eabi/11.3.1/../../../../arm-none-eabi/lib/thumb/v7e-m+dp/hard\libc_nano.a(libc_a-lock.o)
                0x000000002405f590                __retarget_lock_release_recursive
 .text.memcpy   0x000000002405f592       0x1c C:/ST/STM32CubeIDE_1.10.1/STM32CubeIDE/plugins/com.st.stm32cube.ide.mcu.externaltools.gnu-tools-for-stm32.11.3.rel1.win32_1.1.100.202309141235/tools/bin/../lib/gcc/arm-none-eabi/11.3.1/../../../../arm-none-eabi/lib/thumb/v7e-m+dp/hard\libc_nano.a(libc_a-memcpy-stub.o)
                0x000000002405f592                memcpy
 *fill*         0x000000002405f5ae        0x2 
 .text.__assert_func
                0x000000002405f5b0       0x3c C:/ST/STM32CubeIDE_1.10.1/STM32CubeIDE/plugins/com.st.stm32cube.ide.mcu.externaltools.gnu-tools-for-stm32.11.3.rel1.win32_1.1.100.202309141235/tools/bin/../lib/gcc/arm-none-eabi/11.3.1/../../../../arm-none-eabi/lib/thumb/v7e-m+dp/hard\libc_nano.a(libc_a-assert.o)
                0x000000002405f5b0                __assert_func
 .text._free_r  0x000000002405f5ec       0x98 C:/ST/STM32CubeIDE_1.10.1/STM32CubeIDE/plugins/com.st.stm32cube.ide.mcu.externaltools.gnu-tools-for-stm32.11.3.rel1.win32_1.1.100.202309141235/tools/bin/../lib/gcc/arm-none-eabi/11.3.1/../../../../arm-none-eabi/lib/thumb/v7e-m+dp/hard\libc_nano.a(libc_a-freer.o)
                0x000000002405f5ec                _free_r
 .text.malloc   0x000000002405f684       0x10 C:/ST/STM32CubeIDE_1.10.1/STM32CubeIDE/plugins/com.st.stm32cube.ide.mcu.externaltools.gnu-tools-for-stm32.11.3.rel1.win32_1.1.100.202309141235/tools/bin/../lib/gcc/arm-none-eabi/11.3.1/../../../../arm-none-eabi/lib/thumb/v7e-m+dp/hard\libc_nano.a(libc_a-malloc.o)
                0x000000002405f684                malloc
 .text.sbrk_aligned
                0x000000002405f694       0x40 C:/ST/STM32CubeIDE_1.10.1/STM32CubeIDE/plugins/com.st.stm32cube.ide.mcu.externaltools.gnu-tools-for-stm32.11.3.rel1.win32_1.1.100.202309141235/tools/bin/../lib/gcc/arm-none-eabi/11.3.1/../../../../arm-none-eabi/lib/thumb/v7e-m+dp/hard\libc_nano.a(libc_a-mallocr.o)
 .text._malloc_r
                0x000000002405f6d4      0x100 C:/ST/STM32CubeIDE_1.10.1/STM32CubeIDE/plugins/com.st.stm32cube.ide.mcu.externaltools.gnu-tools-for-stm32.11.3.rel1.win32_1.1.100.202309141235/tools/bin/../lib/gcc/arm-none-eabi/11.3.1/../../../../arm-none-eabi/lib/thumb/v7e-m+dp/hard\libc_nano.a(libc_a-mallocr.o)
                0x000000002405f6d4                _malloc_r
 .text.__malloc_lock
                0x000000002405f7d4        0xc C:/ST/STM32CubeIDE_1.10.1/STM32CubeIDE/plugins/com.st.stm32cube.ide.mcu.externaltools.gnu-tools-for-stm32.11.3.rel1.win32_1.1.100.202309141235/tools/bin/../lib/gcc/arm-none-eabi/11.3.1/../../../../arm-none-eabi/lib/thumb/v7e-m+dp/hard\libc_nano.a(libc_a-mlock.o)
                0x000000002405f7d4                __malloc_lock
 .text.__malloc_unlock
                0x000000002405f7e0        0xc C:/ST/STM32CubeIDE_1.10.1/STM32CubeIDE/plugins/com.st.stm32cube.ide.mcu.externaltools.gnu-tools-for-stm32.11.3.rel1.win32_1.1.100.202309141235/tools/bin/../lib/gcc/arm-none-eabi/11.3.1/../../../../arm-none-eabi/lib/thumb/v7e-m+dp/hard\libc_nano.a(libc_a-mlock.o)
                0x000000002405f7e0                __malloc_unlock
 .text.__ssputs_r
                0x000000002405f7ec       0xb4 C:/ST/STM32CubeIDE_1.10.1/STM32CubeIDE/plugins/com.st.stm32cube.ide.mcu.externaltools.gnu-tools-for-stm32.11.3.rel1.win32_1.1.100.202309141235/tools/bin/../lib/gcc/arm-none-eabi/11.3.1/../../../../arm-none-eabi/lib/thumb/v7e-m+dp/hard\libc_nano.a(libc_a-nano-svfprintf.o)
                0x000000002405f7ec                __ssputs_r
 .text._svfprintf_r
                0x000000002405f8a0      0x1fc C:/ST/STM32CubeIDE_1.10.1/STM32CubeIDE/plugins/com.st.stm32cube.ide.mcu.externaltools.gnu-tools-for-stm32.11.3.rel1.win32_1.1.100.202309141235/tools/bin/../lib/gcc/arm-none-eabi/11.3.1/../../../../arm-none-eabi/lib/thumb/v7e-m+dp/hard\libc_nano.a(libc_a-nano-svfprintf.o)
                0x000000002405f8a0                _svfiprintf_r
                0x000000002405f8a0                _svfprintf_r
 .text._printf_common
                0x000000002405fa9c       0xda C:/ST/STM32CubeIDE_1.10.1/STM32CubeIDE/plugins/com.st.stm32cube.ide.mcu.externaltools.gnu-tools-for-stm32.11.3.rel1.win32_1.1.100.202309141235/tools/bin/../lib/gcc/arm-none-eabi/11.3.1/../../../../arm-none-eabi/lib/thumb/v7e-m+dp/hard\libc_nano.a(libc_a-nano-vfprintf_i.o)
                0x000000002405fa9c                _printf_common
 *fill*         0x000000002405fb76        0x2 
 .text._printf_i
                0x000000002405fb78      0x244 C:/ST/STM32CubeIDE_1.10.1/STM32CubeIDE/plugins/com.st.stm32cube.ide.mcu.externaltools.gnu-tools-for-stm32.11.3.rel1.win32_1.1.100.202309141235/tools/bin/../lib/gcc/arm-none-eabi/11.3.1/../../../../arm-none-eabi/lib/thumb/v7e-m+dp/hard\libc_nano.a(libc_a-nano-vfprintf_i.o)
                0x000000002405fb78                _printf_i
 .text.__sflush_r
                0x000000002405fdbc      0x10c C:/ST/STM32CubeIDE_1.10.1/STM32CubeIDE/plugins/com.st.stm32cube.ide.mcu.externaltools.gnu-tools-for-stm32.11.3.rel1.win32_1.1.100.202309141235/tools/bin/../lib/gcc/arm-none-eabi/11.3.1/../../../../arm-none-eabi/lib/thumb/v7e-m+dp/hard\libc_nano.a(libc_a-fflush.o)
                0x000000002405fdbc                __sflush_r
 .text._fflush_r
                0x000000002405fec8       0x50 C:/ST/STM32CubeIDE_1.10.1/STM32CubeIDE/plugins/com.st.stm32cube.ide.mcu.externaltools.gnu-tools-for-stm32.11.3.rel1.win32_1.1.100.202309141235/tools/bin/../lib/gcc/arm-none-eabi/11.3.1/../../../../arm-none-eabi/lib/thumb/v7e-m+dp/hard\libc_nano.a(libc_a-fflush.o)
                0x000000002405fec8                _fflush_r
 .text.fprintf  0x000000002405ff18       0x24 C:/ST/STM32CubeIDE_1.10.1/STM32CubeIDE/plugins/com.st.stm32cube.ide.mcu.externaltools.gnu-tools-for-stm32.11.3.rel1.win32_1.1.100.202309141235/tools/bin/../lib/gcc/arm-none-eabi/11.3.1/../../../../arm-none-eabi/lib/thumb/v7e-m+dp/hard\libc_nano.a(libc_a-fprintf.o)
                0x000000002405ff18                fiprintf
                0x000000002405ff18                fprintf
 .text.memmove  0x000000002405ff3c       0x34 C:/ST/STM32CubeIDE_1.10.1/STM32CubeIDE/plugins/com.st.stm32cube.ide.mcu.externaltools.gnu-tools-for-stm32.11.3.rel1.win32_1.1.100.202309141235/tools/bin/../lib/gcc/arm-none-eabi/11.3.1/../../../../arm-none-eabi/lib/thumb/v7e-m+dp/hard\libc_nano.a(libc_a-memmove.o)
                0x000000002405ff3c                memmove
 .text._sbrk_r  0x000000002405ff70       0x20 C:/ST/STM32CubeIDE_1.10.1/STM32CubeIDE/plugins/com.st.stm32cube.ide.mcu.externaltools.gnu-tools-for-stm32.11.3.rel1.win32_1.1.100.202309141235/tools/bin/../lib/gcc/arm-none-eabi/11.3.1/../../../../arm-none-eabi/lib/thumb/v7e-m+dp/hard\libc_nano.a(libc_a-sbrkr.o)
                0x000000002405ff70                _sbrk_r
 .text.abort    0x000000002405ff90        0xe C:/ST/STM32CubeIDE_1.10.1/STM32CubeIDE/plugins/com.st.stm32cube.ide.mcu.externaltools.gnu-tools-for-stm32.11.3.rel1.win32_1.1.100.202309141235/tools/bin/../lib/gcc/arm-none-eabi/11.3.1/../../../../arm-none-eabi/lib/thumb/v7e-m+dp/hard\libc_nano.a(libc_a-abort.o)
                0x000000002405ff90                abort
 .text._realloc_r
                0x000000002405ff9e       0x5e C:/ST/STM32CubeIDE_1.10.1/STM32CubeIDE/plugins/com.st.stm32cube.ide.mcu.externaltools.gnu-tools-for-stm32.11.3.rel1.win32_1.1.100.202309141235/tools/bin/../lib/gcc/arm-none-eabi/11.3.1/../../../../arm-none-eabi/lib/thumb/v7e-m+dp/hard\libc_nano.a(libc_a-reallocr.o)
                0x000000002405ff9e                _realloc_r
 .text.__sfputc_r
                0x000000002405fffc       0x2e C:/ST/STM32CubeIDE_1.10.1/STM32CubeIDE/plugins/com.st.stm32cube.ide.mcu.externaltools.gnu-tools-for-stm32.11.3.rel1.win32_1.1.100.202309141235/tools/bin/../lib/gcc/arm-none-eabi/11.3.1/../../../../arm-none-eabi/lib/thumb/v7e-m+dp/hard\libc_nano.a(libc_a-nano-vfprintf.o)
 .text.__sfputs_r
                0x000000002406002a       0x24 C:/ST/STM32CubeIDE_1.10.1/STM32CubeIDE/plugins/com.st.stm32cube.ide.mcu.externaltools.gnu-tools-for-stm32.11.3.rel1.win32_1.1.100.202309141235/tools/bin/../lib/gcc/arm-none-eabi/11.3.1/../../../../arm-none-eabi/lib/thumb/v7e-m+dp/hard\libc_nano.a(libc_a-nano-vfprintf.o)
                0x000000002406002a                __sfputs_r
 *fill*         0x000000002406004e        0x2 
 .text._vfprintf_r
                0x0000000024060050      0x234 C:/ST/STM32CubeIDE_1.10.1/STM32CubeIDE/plugins/com.st.stm32cube.ide.mcu.externaltools.gnu-tools-for-stm32.11.3.rel1.win32_1.1.100.202309141235/tools/bin/../lib/gcc/arm-none-eabi/11.3.1/../../../../arm-none-eabi/lib/thumb/v7e-m+dp/hard\libc_nano.a(libc_a-nano-vfprintf.o)
                0x0000000024060050                _vfprintf_r
                0x0000000024060050                _vfiprintf_r
 .text.__swbuf_r
                0x0000000024060284       0x7a C:/ST/STM32CubeIDE_1.10.1/STM32CubeIDE/plugins/com.st.stm32cube.ide.mcu.externaltools.gnu-tools-for-stm32.11.3.rel1.win32_1.1.100.202309141235/tools/bin/../lib/gcc/arm-none-eabi/11.3.1/../../../../arm-none-eabi/lib/thumb/v7e-m+dp/hard\libc_nano.a(libc_a-wbuf.o)
                0x0000000024060284                __swbuf_r
 *fill*         0x00000000240602fe        0x2 
 .text.__swsetup_r
                0x0000000024060300       0xb0 C:/ST/STM32CubeIDE_1.10.1/STM32CubeIDE/plugins/com.st.stm32cube.ide.mcu.externaltools.gnu-tools-for-stm32.11.3.rel1.win32_1.1.100.202309141235/tools/bin/../lib/gcc/arm-none-eabi/11.3.1/../../../../arm-none-eabi/lib/thumb/v7e-m+dp/hard\libc_nano.a(libc_a-wsetup.o)
                0x0000000024060300                __swsetup_r
 .text._raise_r
                0x00000000240603b0       0x50 C:/ST/STM32CubeIDE_1.10.1/STM32CubeIDE/plugins/com.st.stm32cube.ide.mcu.externaltools.gnu-tools-for-stm32.11.3.rel1.win32_1.1.100.202309141235/tools/bin/../lib/gcc/arm-none-eabi/11.3.1/../../../../arm-none-eabi/lib/thumb/v7e-m+dp/hard\libc_nano.a(libc_a-signal.o)
                0x00000000240603b0                _raise_r
 .text.raise    0x0000000024060400       0x10 C:/ST/STM32CubeIDE_1.10.1/STM32CubeIDE/plugins/com.st.stm32cube.ide.mcu.externaltools.gnu-tools-for-stm32.11.3.rel1.win32_1.1.100.202309141235/tools/bin/../lib/gcc/arm-none-eabi/11.3.1/../../../../arm-none-eabi/lib/thumb/v7e-m+dp/hard\libc_nano.a(libc_a-signal.o)
                0x0000000024060400                raise
 .text._kill_r  0x0000000024060410       0x24 C:/ST/STM32CubeIDE_1.10.1/STM32CubeIDE/plugins/com.st.stm32cube.ide.mcu.externaltools.gnu-tools-for-stm32.11.3.rel1.win32_1.1.100.202309141235/tools/bin/../lib/gcc/arm-none-eabi/11.3.1/../../../../arm-none-eabi/lib/thumb/v7e-m+dp/hard\libc_nano.a(libc_a-signalr.o)
                0x0000000024060410                _kill_r
 .text._getpid_r
                0x0000000024060434        0x4 C:/ST/STM32CubeIDE_1.10.1/STM32CubeIDE/plugins/com.st.stm32cube.ide.mcu.externaltools.gnu-tools-for-stm32.11.3.rel1.win32_1.1.100.202309141235/tools/bin/../lib/gcc/arm-none-eabi/11.3.1/../../../../arm-none-eabi/lib/thumb/v7e-m+dp/hard\libc_nano.a(libc_a-signalr.o)
                0x0000000024060434                _getpid_r
 .text._malloc_usable_size_r
                0x0000000024060438       0x10 C:/ST/STM32CubeIDE_1.10.1/STM32CubeIDE/plugins/com.st.stm32cube.ide.mcu.externaltools.gnu-tools-for-stm32.11.3.rel1.win32_1.1.100.202309141235/tools/bin/../lib/gcc/arm-none-eabi/11.3.1/../../../../arm-none-eabi/lib/thumb/v7e-m+dp/hard\libc_nano.a(libc_a-msizer.o)
                0x0000000024060438                _malloc_usable_size_r
 .text.__swhatbuf_r
                0x0000000024060448       0x4c C:/ST/STM32CubeIDE_1.10.1/STM32CubeIDE/plugins/com.st.stm32cube.ide.mcu.externaltools.gnu-tools-for-stm32.11.3.rel1.win32_1.1.100.202309141235/tools/bin/../lib/gcc/arm-none-eabi/11.3.1/../../../../arm-none-eabi/lib/thumb/v7e-m+dp/hard\libc_nano.a(libc_a-makebuf.o)
                0x0000000024060448                __swhatbuf_r
 .text.__smakebuf_r
                0x0000000024060494       0x78 C:/ST/STM32CubeIDE_1.10.1/STM32CubeIDE/plugins/com.st.stm32cube.ide.mcu.externaltools.gnu-tools-for-stm32.11.3.rel1.win32_1.1.100.202309141235/tools/bin/../lib/gcc/arm-none-eabi/11.3.1/../../../../arm-none-eabi/lib/thumb/v7e-m+dp/hard\libc_nano.a(libc_a-makebuf.o)
                0x0000000024060494                __smakebuf_r
 .text._fstat_r
                0x000000002406050c       0x24 C:/ST/STM32CubeIDE_1.10.1/STM32CubeIDE/plugins/com.st.stm32cube.ide.mcu.externaltools.gnu-tools-for-stm32.11.3.rel1.win32_1.1.100.202309141235/tools/bin/../lib/gcc/arm-none-eabi/11.3.1/../../../../arm-none-eabi/lib/thumb/v7e-m+dp/hard\libc_nano.a(libc_a-fstatr.o)
                0x000000002406050c                _fstat_r
 .text._isatty_r
                0x0000000024060530       0x20 C:/ST/STM32CubeIDE_1.10.1/STM32CubeIDE/plugins/com.st.stm32cube.ide.mcu.externaltools.gnu-tools-for-stm32.11.3.rel1.win32_1.1.100.202309141235/tools/bin/../lib/gcc/arm-none-eabi/11.3.1/../../../../arm-none-eabi/lib/thumb/v7e-m+dp/hard\libc_nano.a(libc_a-isattyr.o)
                0x0000000024060530                _isatty_r
 *(.glue_7)
 .glue_7        0x0000000024060550        0x0 linker stubs
 *(.glue_7t)
 .glue_7t       0x0000000024060550        0x0 linker stubs
 *(.eh_frame)
 .eh_frame      0x0000000024060550        0x0 C:/ST/STM32CubeIDE_1.10.1/STM32CubeIDE/plugins/com.st.stm32cube.ide.mcu.externaltools.gnu-tools-for-stm32.11.3.rel1.win32_1.1.100.202309141235/tools/bin/../lib/gcc/arm-none-eabi/11.3.1/thumb/v7e-m+dp/hard/crtbegin.o
 *(.init)
 .init          0x0000000024060550        0x4 C:/ST/STM32CubeIDE_1.10.1/STM32CubeIDE/plugins/com.st.stm32cube.ide.mcu.externaltools.gnu-tools-for-stm32.11.3.rel1.win32_1.1.100.202309141235/tools/bin/../lib/gcc/arm-none-eabi/11.3.1/thumb/v7e-m+dp/hard/crti.o
                0x0000000024060550                _init
 .init          0x0000000024060554        0x8 C:/ST/STM32CubeIDE_1.10.1/STM32CubeIDE/plugins/com.st.stm32cube.ide.mcu.externaltools.gnu-tools-for-stm32.11.3.rel1.win32_1.1.100.202309141235/tools/bin/../lib/gcc/arm-none-eabi/11.3.1/thumb/v7e-m+dp/hard/crtn.o
 *(.fini)
 .fini          0x000000002406055c        0x4 C:/ST/STM32CubeIDE_1.10.1/STM32CubeIDE/plugins/com.st.stm32cube.ide.mcu.externaltools.gnu-tools-for-stm32.11.3.rel1.win32_1.1.100.202309141235/tools/bin/../lib/gcc/arm-none-eabi/11.3.1/thumb/v7e-m+dp/hard/crti.o
                0x000000002406055c                _fini
 .fini          0x0000000024060560        0x8 C:/ST/STM32CubeIDE_1.10.1/STM32CubeIDE/plugins/com.st.stm32cube.ide.mcu.externaltools.gnu-tools-for-stm32.11.3.rel1.win32_1.1.100.202309141235/tools/bin/../lib/gcc/arm-none-eabi/11.3.1/thumb/v7e-m+dp/hard/crtn.o
                0x0000000024060568                . = ALIGN (0x4)
                0x0000000024060568                _etext = .

.vfp11_veneer   0x0000000024060568        0x0
 .vfp11_veneer  0x0000000024060568        0x0 linker stubs

.v4_bx          0x0000000024060568        0x0
 .v4_bx         0x0000000024060568        0x0 linker stubs

.iplt           0x0000000024060568        0x0
 .iplt          0x0000000024060568        0x0 C:/ST/STM32CubeIDE_1.10.1/STM32CubeIDE/plugins/com.st.stm32cube.ide.mcu.externaltools.gnu-tools-for-stm32.11.3.rel1.win32_1.1.100.202309141235/tools/bin/../lib/gcc/arm-none-eabi/11.3.1/thumb/v7e-m+dp/hard/crtbegin.o

.rodata         0x0000000024060568     0x1180
                0x0000000024060568                . = ALIGN (0x4)
 *(.rodata)
 .rodata        0x0000000024060568        0xa ./Core/Src/game.o
 *fill*         0x0000000024060572        0x2 
 .rodata        0x0000000024060574       0x27 ./Core/Src/lcd.o
 *(.rodata*)
 *fill*         0x000000002406059b        0x1 
 .rodata.Font12_Table
                0x000000002406059c      0x474 ./Core/Inc/font/font12.o
                0x000000002406059c                Font12_Table
 .rodata.Font16_Table
                0x0000000024060a10      0xbe0 ./Core/Inc/font/font16.o
                0x0000000024060a10                Font16_Table
 .rodata.D1CorePrescTable
                0x00000000240615f0       0x10 ./Core/Src/system_stm32h7xx.o
                0x00000000240615f0                D1CorePrescTable
 .rodata.flagBitshiftOffset.0
                0x0000000024061600        0x8 ./Drivers/STM32H7xx_HAL_Driver/Src/stm32h7xx_hal_dma.o
 .rodata.srand.str1.1
                0x0000000024061608       0x6f C:/ST/STM32CubeIDE_1.10.1/STM32CubeIDE/plugins/com.st.stm32cube.ide.mcu.externaltools.gnu-tools-for-stm32.11.3.rel1.win32_1.1.100.202309141235/tools/bin/../lib/gcc/arm-none-eabi/11.3.1/../../../../arm-none-eabi/lib/thumb/v7e-m+dp/hard\libc_nano.a(libc_a-rand.o)
 .rodata.__assert_func.str1.1
                0x0000000024061677       0x3c C:/ST/STM32CubeIDE_1.10.1/STM32CubeIDE/plugins/com.st.stm32cube.ide.mcu.externaltools.gnu-tools-for-stm32.11.3.rel1.win32_1.1.100.202309141235/tools/bin/../lib/gcc/arm-none-eabi/11.3.1/../../../../arm-none-eabi/lib/thumb/v7e-m+dp/hard\libc_nano.a(libc_a-assert.o)
                                         0x3d (size before relaxing)
 .rodata._svfprintf_r.str1.1
                0x00000000240616b3       0x11 C:/ST/STM32CubeIDE_1.10.1/STM32CubeIDE/plugins/com.st.stm32cube.ide.mcu.externaltools.gnu-tools-for-stm32.11.3.rel1.win32_1.1.100.202309141235/tools/bin/../lib/gcc/arm-none-eabi/11.3.1/../../../../arm-none-eabi/lib/thumb/v7e-m+dp/hard\libc_nano.a(libc_a-nano-svfprintf.o)
 .rodata._printf_i.str1.1
                0x00000000240616c4       0x22 C:/ST/STM32CubeIDE_1.10.1/STM32CubeIDE/plugins/com.st.stm32cube.ide.mcu.externaltools.gnu-tools-for-stm32.11.3.rel1.win32_1.1.100.202309141235/tools/bin/../lib/gcc/arm-none-eabi/11.3.1/../../../../arm-none-eabi/lib/thumb/v7e-m+dp/hard\libc_nano.a(libc_a-nano-vfprintf_i.o)
 .rodata._vfprintf_r.str1.1
                0x00000000240616e6       0x11 C:/ST/STM32CubeIDE_1.10.1/STM32CubeIDE/plugins/com.st.stm32cube.ide.mcu.externaltools.gnu-tools-for-stm32.11.3.rel1.win32_1.1.100.202309141235/tools/bin/../lib/gcc/arm-none-eabi/11.3.1/../../../../arm-none-eabi/lib/thumb/v7e-m+dp/hard\libc_nano.a(libc_a-nano-vfprintf.o)
                0x00000000240616f8                . = ALIGN (0x4)
 *fill*         0x00000000240616e6        0x2 

.rel.dyn        0x00000000240616e8        0x0
 .rel.iplt      0x00000000240616e8        0x0 C:/ST/STM32CubeIDE_1.10.1/STM32CubeIDE/plugins/com.st.stm32cube.ide.mcu.externaltools.gnu-tools-for-stm32.11.3.rel1.win32_1.1.100.202309141235/tools/bin/../lib/gcc/arm-none-eabi/11.3.1/thumb/v7e-m+dp/hard/crtbegin.o

.ARM.extab
 *(.ARM.extab* .gnu.linkonce.armextab.*)

.ARM            0x00000000240616e8        0x0
                0x00000000240616e8                __exidx_start = .
 *(.ARM.exidx*)
                0x00000000240616e8                __exidx_end = .

.preinit_array  0x00000000240616e8        0x0
                0x00000000240616e8                PROVIDE (__preinit_array_start = .)
 *(.preinit_array*)
                0x00000000240616e8                PROVIDE (__preinit_array_end = .)

.init_array     0x00000000240616e8        0x4
                0x00000000240616e8                PROVIDE (__init_array_start = .)
 *(SORT_BY_NAME(.init_array.*))
 *(.init_array*)
 .init_array    0x00000000240616e8        0x4 C:/ST/STM32CubeIDE_1.10.1/STM32CubeIDE/plugins/com.st.stm32cube.ide.mcu.externaltools.gnu-tools-for-stm32.11.3.rel1.win32_1.1.100.202309141235/tools/bin/../lib/gcc/arm-none-eabi/11.3.1/thumb/v7e-m+dp/hard/crtbegin.o
                0x00000000240616ec                PROVIDE (__init_array_end = .)

.fini_array     0x00000000240616ec        0x4
                [!provide]                        PROVIDE (__fini_array_start = .)
 *(SORT_BY_NAME(.fini_array.*))
 *(.fini_array*)
 .fini_array    0x00000000240616ec        0x4 C:/ST/STM32CubeIDE_1.10.1/STM32CubeIDE/plugins/com.st.stm32cube.ide.mcu.externaltools.gnu-tools-for-stm32.11.3.rel1.win32_1.1.100.202309141235/tools/bin/../lib/gcc/arm-none-eabi/11.3.1/thumb/v7e-m+dp/hard/crtbegin.o
                [!provide]                        PROVIDE (__fini_array_end = .)
                0x00000000240616f0                _sidata = LOADADDR (.data)

.data           0x0000000020000000       0x9c load address 0x00000000240616f0
                0x0000000020000000                __dtcram_start__ = .
                0x0000000020000000                . = ALIGN (0x4)
                0x0000000020000000                _sdata = .
 *(.data)
 *(.data*)
 .data.Font12   0x0000000020000000        0x8 ./Core/Inc/font/font12.o
                0x0000000020000000                Font12
 .data.Font16   0x0000000020000008        0x8 ./Core/Inc/font/font16.o
                0x0000000020000008                Font16
 .data.p1_x     0x0000000020000010        0x4 ./Core/Src/game.o
                0x0000000020000010                p1_x
 .data.p1_y     0x0000000020000014        0x4 ./Core/Src/game.o
                0x0000000020000014                p1_y
 .data.p2_x     0x0000000020000018        0x4 ./Core/Src/game.o
                0x0000000020000018                p2_x
 .data.p2_y     0x000000002000001c        0x4 ./Core/Src/game.o
                0x000000002000001c                p2_y
 .data.font     0x0000000020000020        0x4 ./Core/Src/graphics.o
 .data.font_color
                0x0000000020000024        0x2 ./Core/Src/graphics.o
 *fill*         0x0000000020000026        0x2 
 .data.fb1      0x0000000020000028        0x4 ./Core/Src/lcd.o
                0x0000000020000028                fb1
 .data.fb2      0x000000002000002c        0x4 ./Core/Src/lcd.o
                0x000000002000002c                fb2
 .data.SystemCoreClock
                0x0000000020000030        0x4 ./Core/Src/system_stm32h7xx.o
                0x0000000020000030                SystemCoreClock
 .data.SystemD2Clock
                0x0000000020000034        0x4 ./Core/Src/system_stm32h7xx.o
                0x0000000020000034                SystemD2Clock
 .data.uwTickPrio
                0x0000000020000038        0x4 ./Drivers/STM32H7xx_HAL_Driver/Src/stm32h7xx_hal.o
                0x0000000020000038                uwTickPrio
 .data.uwTickFreq
                0x000000002000003c        0x1 ./Drivers/STM32H7xx_HAL_Driver/Src/stm32h7xx_hal.o
                0x000000002000003c                uwTickFreq
 *fill*         0x000000002000003d        0x3 